nohup: ignoring input

===== Epoch 1/100 =====
[train] step 0 task=img_rec loss = 4.0309 loss_task = 0.5807 aux_loss = {'attn_mi': 0.0, 'attn_lb': 0.038218386471271515, 'ffn_text': 613.6072387695312}
We strongly recommend passing in an `attention_mask` since your input_ids may be padded. See https://huggingface.co/docs/transformers/troubleshooting#incorrect-output-when-padding-tokens-arent-masked.
[train] step 100 task=txt_rec loss = 10.6377 loss_task = 7.6328 aux_loss = {'attn_mi': 0.0, 'attn_lb': 0.016985679045319557, 'ffn_vision': 567.0107421875}
[train] step 200 task=txt_cls loss = 3.4433 loss_task = 0.6851 aux_loss = {'attn_mi': -1.1996772286693158e-07, 'attn_lb': 0.0038787515368312597, 'ffn_vision': 543.8748779296875}
[train] step 300 task=vqa loss = -2.3988 loss_task = 5.1210 aux_loss = {'attn_mi': -1.2800878286361694, 'attn_lb': 0.008911963552236557, 'ffn_text': 521.6950073242188, 'ffn_vision': 516.691162109375}
[train] step 400 task=txt_cls loss = 3.6994 loss_task = 0.8188 aux_loss = {'attn_mi': -9.704046988190385e-08, 'attn_lb': 0.003294164314866066, 'ffn_vision': 569.53564453125}
[train] step 500 task=img_rec loss = 2.8841 loss_task = 0.2611 aux_loss = {'attn_mi': 1.9539456275197153e-08, 'attn_lb': 0.0005770173738710582, 'ffn_text': 523.4420776367188}
[train] step 600 task=img_rec loss = 3.0039 loss_task = 0.3169 aux_loss = {'attn_mi': -1.3859109060376795e-07, 'attn_lb': 0.0011568267364054918, 'ffn_text': 535.09130859375}
[train] step 700 task=img_rec loss = 2.9591 loss_task = 0.2699 aux_loss = {'attn_mi': 0.0, 'attn_lb': 0.0012676967307925224, 'ffn_text': 535.3051147460938}
[train] step 800 task=img_cls loss = 4.9698 loss_task = 2.2615 aux_loss = {'attn_mi': -1.3758933903318393e-07, 'attn_lb': 0.003695849562063813, 'ffn_text': 534.25537109375}
[train] step 900 task=txt_cls loss = 3.5259 loss_task = 0.8590 aux_loss = {'attn_mi': 9.837356174102752e-08, 'attn_lb': 0.0005884669371880591, 'ffn_vision': 532.21044921875}
Eval results:
  txt_cls: loss = 3.3410, , acc=0.4855
  vqa: loss = -0.7411, , acc=0.2065
  img_cls: loss = 4.6458, , acc=0.3828
  txt_rec: loss = 10.8787, 
  img_rec: loss = 2.8363, 

===== Epoch 2/100 =====
[train] step 0 task=img_rec loss = 2.8472 loss_task = 0.2733 aux_loss = {'attn_mi': -5.9222923454171905e-08, 'attn_lb': 0.00016707723261788487, 'ffn_text': 514.4525146484375}
[train] step 100 task=img_cls loss = 4.7022 loss_task = 2.1139 aux_loss = {'attn_mi': 0.0, 'attn_lb': 0.0003135167935397476, 'ffn_text': 517.02734375}
[train] step 200 task=txt_cls loss = 3.2610 loss_task = 0.6704 aux_loss = {'attn_mi': 0.0, 'attn_lb': 0.0001250432978849858, 'ffn_vision': 517.874267578125}
[train] step 300 task=img_rec loss = 2.8291 loss_task = 0.2420 aux_loss = {'attn_mi': 0.0, 'attn_lb': 6.305376882664859e-05, 'ffn_text': 517.3014526367188}
[train] step 400 task=txt_cls loss = 3.1974 loss_task = 0.6181 aux_loss = {'attn_mi': 0.0, 'attn_lb': 7.620023097842932e-05, 'ffn_vision': 515.70751953125}
[train] step 500 task=txt_rec loss = 6.0709 loss_task = 3.4855 aux_loss = {'attn_mi': -1.79157026991561e-07, 'attn_lb': 0.00013092823792248964, 'ffn_vision': 516.8050537109375}
[train] step 600 task=txt_rec loss = 6.1037 loss_task = 3.4644 aux_loss = {'attn_mi': 7.813234503828426e-08, 'attn_lb': 0.0007170678582042456, 'ffn_vision': 526.4376220703125}
[train] step 700 task=img_cls loss = 4.5581 loss_task = 1.9682 aux_loss = {'attn_mi': 5.970309757685754e-08, 'attn_lb': 7.787963841110468e-05, 'ffn_text': 517.8228759765625}
[train] step 800 task=img_rec loss = 2.9729 loss_task = 0.2711 aux_loss = {'attn_mi': -2.3842778773541795e-07, 'attn_lb': 0.0019184991251677275, 'ffn_text': 536.5213623046875}
[train] step 900 task=img_cls loss = 3.7232 loss_task = 1.1422 aux_loss = {'attn_mi': 0.0, 'attn_lb': 0.0001173579366877675, 'ffn_text': 515.9635620117188}
Eval results:
  txt_cls: loss = 3.5819, , acc=0.5538
  img_cls: loss = 4.9704, , acc=0.3375
  txt_rec: loss = 10.6351, 
  img_rec: loss = 2.8361, 
  vqa: loss = -0.5352, , acc=0.2065

===== Epoch 3/100 =====
[train] step 0 task=txt_rec loss = 5.4137 loss_task = 2.8424 aux_loss = {'attn_mi': 0.0, 'attn_lb': 4.097455530427396e-05, 'ffn_vision': 514.1756591796875}
[train] step 100 task=txt_cls loss = 3.3053 loss_task = 0.7121 aux_loss = {'attn_mi': -9.930685962444841e-08, 'attn_lb': 0.00024342272081412375, 'ffn_vision': 518.154296875}
[train] step 200 task=img_cls loss = 4.5656 loss_task = 1.9383 aux_loss = {'attn_mi': -1.1907239638730971e-07, 'attn_lb': 9.671435691416264e-05, 'ffn_text': 525.2755737304688}
[train] step 300 task=vqa loss = -1.7177 loss_task = 4.8568 aux_loss = {'attn_mi': -1.1888365745544434, 'attn_lb': 0.0029768659733235836, 'ffn_text': 529.3963623046875, 'ffn_vision': 527.4144897460938}
[train] step 400 task=img_cls loss = 4.2750 loss_task = 1.6288 aux_loss = {'attn_mi': -1.192213119338703e-07, 'attn_lb': 0.0014791908906772733, 'ffn_text': 526.2718505859375}
[train] step 500 task=vqa loss = -0.4886 loss_task = 4.5092 aux_loss = {'attn_mi': -1.0217881202697754, 'attn_lb': 0.004694060422480106, 'ffn_text': 519.4246826171875, 'ffn_vision': 515.20361328125}
[train] step 600 task=txt_cls loss = 3.1119 loss_task = 0.5382 aux_loss = {'attn_mi': 0.0, 'attn_lb': 0.0001456251775380224, 'ffn_vision': 514.4420166015625}
[train] step 700 task=txt_rec loss = 5.0208 loss_task = 2.4436 aux_loss = {'attn_mi': 1.390530144362856e-07, 'attn_lb': 4.251854261383414e-05, 'ffn_vision': 515.36181640625}
[train] step 800 task=txt_rec loss = 5.0861 loss_task = 2.4679 aux_loss = {'attn_mi': -2.577343707343971e-07, 'attn_lb': 7.879105396568775e-05, 'ffn_vision': 523.4718017578125}
[train] step 900 task=txt_rec loss = 4.7483 loss_task = 2.1058 aux_loss = {'attn_mi': -1.5897367688921804e-07, 'attn_lb': 0.00029610353522002697, 'ffn_vision': 527.9127807617188}
Eval results:
  txt_rec: loss = 10.5932, 
  txt_cls: loss = 3.0092, , acc=0.8255
  img_rec: loss = 2.8927, 
  img_cls: loss = 3.0799, , acc=0.8906
  vqa: loss = -1.6944, , acc=0.2521

===== Epoch 4/100 =====
[train] step 0 task=txt_rec loss = 4.7551 loss_task = 2.1354 aux_loss = {'attn_mi': 0.0, 'attn_lb': 5.124436574988067e-05, 'ffn_vision': 523.8450927734375}
[train] step 100 task=txt_cls loss = 3.0171 loss_task = 0.4400 aux_loss = {'attn_mi': -7.991689443542782e-08, 'attn_lb': 0.0001452330034226179, 'ffn_vision': 515.12353515625}
[train] step 200 task=img_cls loss = 3.2434 loss_task = 0.6579 aux_loss = {'attn_mi': -1.1906234931302606e-07, 'attn_lb': 0.0001766685163602233, 'ffn_text': 516.7479858398438}
[train] step 300 task=txt_cls loss = 3.3504 loss_task = 0.6864 aux_loss = {'attn_mi': -7.94116132851741e-08, 'attn_lb': 0.00014109458425082266, 'ffn_vision': 532.5128173828125}
[train] step 400 task=txt_cls loss = 3.1595 loss_task = 0.5722 aux_loss = {'attn_mi': -1.7895038695314724e-07, 'attn_lb': 0.0001238899421878159, 'ffn_vision': 517.1946411132812}
[train] step 500 task=txt_cls loss = 2.8601 loss_task = 0.2892 aux_loss = {'attn_mi': 9.921363641751668e-08, 'attn_lb': 0.0001334897824563086, 'ffn_vision': 513.9295654296875}
[train] step 600 task=img_rec loss = 2.8533 loss_task = 0.2709 aux_loss = {'attn_mi': 0.0, 'attn_lb': 0.0001620663533685729, 'ffn_text': 516.1588134765625}
[train] step 700 task=txt_cls loss = 2.9801 loss_task = 0.4029 aux_loss = {'attn_mi': -1.5899162519872334e-07, 'attn_lb': 5.910871550440788e-05, 'ffn_vision': 515.322265625}
[train] step 800 task=txt_cls loss = 3.0293 loss_task = 0.4478 aux_loss = {'attn_mi': 0.0, 'attn_lb': 6.239526555873454e-05, 'ffn_vision': 516.17919921875}
[train] step 900 task=img_rec loss = 2.8866 loss_task = 0.3068 aux_loss = {'attn_mi': -7.954237446483603e-08, 'attn_lb': 0.00015637092292308807, 'ffn_text': 515.6593017578125}
Eval results:
  img_rec: loss = 2.8099, 
  img_cls: loss = 3.2788, , acc=0.8063
  vqa: loss = -1.8004, , acc=0.2470
  txt_cls: loss = 2.9000, , acc=0.8131
  txt_rec: loss = 10.9387, 

===== Epoch 5/100 =====
[train] step 0 task=img_cls loss = 3.1969 loss_task = 0.6238 aux_loss = {'attn_mi': -1.5914950779460924e-07, 'attn_lb': 0.0003543224884197116, 'ffn_text': 513.913818359375}
[train] step 100 task=vqa loss = -3.5037 loss_task = 3.2587 aux_loss = {'attn_mi': -1.1909540891647339, 'attn_lb': 0.0007738143904134631, 'ffn_text': 513.5013427734375, 'ffn_vision': 514.3804931640625}
[train] step 200 task=txt_rec loss = 4.1647 loss_task = 1.5854 aux_loss = {'attn_mi': -1.3926248243478767e-07, 'attn_lb': 0.00037322728894650936, 'ffn_vision': 515.1136474609375}
[train] step 300 task=txt_rec loss = 4.0807 loss_task = 1.4984 aux_loss = {'attn_mi': 0.0, 'attn_lb': 6.440882862079889e-05, 'ffn_vision': 516.3208618164062}
[train] step 400 task=img_rec loss = 2.8360 loss_task = 0.2552 aux_loss = {'attn_mi': -5.952300341505179e-08, 'attn_lb': 0.00036414689384400845, 'ffn_text': 515.433837890625}
[train] step 500 task=vqa loss = -4.8998 loss_task = 2.8627 aux_loss = {'attn_mi': -1.304011344909668, 'attn_lb': 0.010601971298456192, 'ffn_text': 518.5316162109375, 'ffn_vision': 515.7846069335938}
[train] step 600 task=img_rec loss = 2.9216 loss_task = 0.2723 aux_loss = {'attn_mi': -5.960976778851546e-08, 'attn_lb': 0.00021347019355744123, 'ffn_text': 529.4386596679688}
[train] step 700 task=img_cls loss = 2.6804 loss_task = 0.1024 aux_loss = {'attn_mi': -5.968995253624598e-08, 'attn_lb': 6.286967254709452e-05, 'ffn_text': 515.474609375}
[train] step 800 task=vqa loss = -1.9756 loss_task = 3.8970 aux_loss = {'attn_mi': -1.1093580722808838, 'attn_lb': 0.0012167601380497217, 'ffn_text': 514.4445190429688, 'ffn_vision': 527.3133544921875}
[train] step 900 task=txt_rec loss = 3.9547 loss_task = 1.3779 aux_loss = {'attn_mi': -1.1911931352415195e-07, 'attn_lb': 0.0001043656375259161, 'ffn_vision': 515.1549072265625}
Eval results:
  vqa: loss = -1.8204, , acc=0.2731
  img_rec: loss = 2.8087, 
  txt_cls: loss = 2.8668, , acc=0.8540
  img_cls: loss = 2.9311, , acc=0.8991
  txt_rec: loss = 10.9791, 

===== Epoch 6/100 =====
[train] step 0 task=img_rec loss = 2.8337 loss_task = 0.2668 aux_loss = {'attn_mi': -9.935766343005525e-08, 'attn_lb': 1.3640557881444693e-05, 'ffn_text': 513.3566284179688}
[train] step 100 task=txt_rec loss = 3.7642 loss_task = 1.1981 aux_loss = {'attn_mi': 0.0, 'attn_lb': 7.156975334510207e-05, 'ffn_vision': 513.09326171875}
[train] step 200 task=txt_rec loss = 3.9110 loss_task = 1.3218 aux_loss = {'attn_mi': 0.0, 'attn_lb': 8.835922926664352e-05, 'ffn_vision': 517.6643676757812}
[train] step 300 task=vqa loss = -0.3820 loss_task = 4.1375 aux_loss = {'attn_mi': -0.9762353301048279, 'attn_lb': 0.00830100942403078, 'ffn_text': 515.6011962890625, 'ffn_vision': 516.3709716796875}
[train] step 400 task=txt_cls loss = 2.8891 loss_task = 0.3243 aux_loss = {'attn_mi': -1.979809738372751e-08, 'attn_lb': 4.788448859471828e-05, 'ffn_vision': 512.85791015625}
[train] step 500 task=txt_cls loss = 3.1423 loss_task = 0.5048 aux_loss = {'attn_mi': -7.954446346047916e-08, 'attn_lb': 0.00012615896412171423, 'ffn_vision': 527.2584228515625}
[train] step 600 task=img_rec loss = 2.8149 loss_task = 0.2262 aux_loss = {'attn_mi': -2.5829112360042927e-07, 'attn_lb': 0.00014741288032382727, 'ffn_text': 517.4466552734375}
[train] step 700 task=txt_cls loss = 3.0272 loss_task = 0.4541 aux_loss = {'attn_mi': -5.958350612900176e-08, 'attn_lb': 0.00020894838962703943, 'ffn_vision': 514.2069091796875}
[train] step 800 task=vqa loss = -2.4481 loss_task = 3.4801 aux_loss = {'attn_mi': -1.1093275547027588, 'attn_lb': 0.0004665804444812238, 'ffn_text': 518.1953125, 'ffn_vision': 513.8934326171875}
[train] step 900 task=txt_rec loss = 3.6101 loss_task = 1.0275 aux_loss = {'attn_mi': 1.192908456459918e-07, 'attn_lb': 0.00017689858213998377, 'ffn_vision': 516.1583251953125}
Eval results:
  img_rec: loss = 2.8200, 
  img_cls: loss = 2.7848, , acc=0.9459
  txt_rec: loss = 11.2356, 
  vqa: loss = -1.8399, , acc=0.2715
  txt_cls: loss = 2.8375, , acc=0.8647

===== Epoch 7/100 =====
[train] step 0 task=txt_cls loss = 2.8726 loss_task = 0.3072 aux_loss = {'attn_mi': 0.0, 'attn_lb': 3.122026100754738e-05, 'ffn_vision': 513.0303955078125}
[train] step 100 task=img_cls loss = 2.6856 loss_task = 0.0735 aux_loss = {'attn_mi': 7.928348111363448e-08, 'attn_lb': 0.00011912256013602018, 'ffn_text': 522.19091796875}
[train] step 200 task=vqa loss = -1.8456 loss_task = 3.6339 aux_loss = {'attn_mi': -1.0665206909179688, 'attn_lb': 0.0021600197069346905, 'ffn_text': 513.6329345703125, 'ffn_vision': 519.197998046875}
[train] step 300 task=img_rec loss = 2.8341 loss_task = 0.2621 aux_loss = {'attn_mi': 7.964946746596979e-08, 'attn_lb': 1.5799938410054892e-05, 'ffn_text': 514.3700561523438}
[train] step 400 task=vqa loss = -0.5597 loss_task = 3.4518 aux_loss = {'attn_mi': -0.9285903573036194, 'attn_lb': 0.013734468258917332, 'ffn_text': 513.0902709960938, 'ffn_vision': 514.306640625}
[train] step 500 task=img_cls loss = 2.7001 loss_task = 0.1320 aux_loss = {'attn_mi': -7.933222434530762e-08, 'attn_lb': 3.8570884498767555e-05, 'ffn_text': 513.54296875}
[train] step 600 task=vqa loss = -1.6535 loss_task = 4.2621 aux_loss = {'attn_mi': -1.1093885898590088, 'attn_lb': 0.0018619238398969173, 'ffn_text': 514.7237548828125, 'ffn_vision': 517.2247314453125}
[train] step 700 task=img_cls loss = 2.9067 loss_task = 0.3348 aux_loss = {'attn_mi': 0.0, 'attn_lb': 7.789250230416656e-05, 'ffn_text': 514.2402954101562}
[train] step 800 task=img_cls loss = 3.1820 loss_task = 0.5806 aux_loss = {'attn_mi': -1.0013378926032601e-07, 'attn_lb': 0.0007474011508747935, 'ffn_text': 518.8009643554688}
[train] step 900 task=txt_rec loss = 3.4279 loss_task = 0.8208 aux_loss = {'attn_mi': -5.977160100201218e-08, 'attn_lb': 0.00013805326307192445, 'ffn_vision': 521.13330078125}
Eval results:
  txt_rec: loss = 11.1483, 
  txt_cls: loss = 2.8883, , acc=0.8515
  img_cls: loss = 2.8500, , acc=0.9193
  img_rec: loss = 2.8095, 
  vqa: loss = -1.8322, , acc=0.2670

===== Epoch 8/100 =====
[train] step 0 task=vqa loss = -1.0014 loss_task = 4.0273 aux_loss = {'attn_mi': -1.0220191478729248, 'attn_lb': 0.004831668455153704, 'ffn_text': 513.8856201171875, 'ffn_vision': 514.7364501953125}
[train] step 100 task=img_cls loss = 2.7618 loss_task = 0.1970 aux_loss = {'attn_mi': 0.0, 'attn_lb': 5.549847264774144e-05, 'ffn_text': 512.8518676757812}
[train] step 200 task=vqa loss = -0.7774 loss_task = 4.5324 aux_loss = {'attn_mi': -1.0665220022201538, 'attn_lb': 0.01168815977871418, 'ffn_text': 516.0667114257812, 'ffn_vision': 531.626953125}
[train] step 300 task=txt_cls loss = 2.9762 loss_task = 0.3978 aux_loss = {'attn_mi': 0.0, 'attn_lb': 8.77436832524836e-05, 'ffn_vision': 515.499267578125}
[train] step 400 task=txt_cls loss = 2.9052 loss_task = 0.3316 aux_loss = {'attn_mi': -1.7892088521875849e-07, 'attn_lb': 0.00013170453894417733, 'ffn_vision': 514.4615478515625}
[train] step 500 task=txt_cls loss = 2.8919 loss_task = 0.3089 aux_loss = {'attn_mi': -1.9884352298049635e-07, 'attn_lb': 2.8331734938547015e-05, 'ffn_vision': 516.54541015625}
[train] step 600 task=img_cls loss = 2.7815 loss_task = 0.2082 aux_loss = {'attn_mi': 0.0, 'attn_lb': 5.910528125241399e-05, 'ffn_text': 514.5426025390625}
[train] step 700 task=vqa loss = -2.8344 loss_task = 2.6518 aux_loss = {'attn_mi': -1.0662360191345215, 'attn_lb': 0.0036137797869741917, 'ffn_text': 513.8839721679688, 'ffn_vision': 514.1234741210938}
[train] step 800 task=img_cls loss = 3.0034 loss_task = 0.4082 aux_loss = {'attn_mi': -1.9870408607403078e-07, 'attn_lb': 0.00022604590049013495, 'ffn_text': 518.5921630859375}
[train] step 900 task=vqa loss = -0.1174 loss_task = 4.8348 aux_loss = {'attn_mi': -1.0221506357192993, 'attn_lb': 0.0047144293785095215, 'ffn_text': 514.3439331054688, 'ffn_vision': 530.0888671875}
Eval results:
  txt_rec: loss = 11.3328, 
  txt_cls: loss = 2.8093, , acc=0.8750
  vqa: loss = -2.0541, , acc=0.2702
  img_rec: loss = 2.8207, 
  img_cls: loss = 2.7924, , acc=0.9414

===== Epoch 9/100 =====
[train] step 0 task=txt_cls loss = 2.8105 loss_task = 0.2364 aux_loss = {'attn_mi': 0.0, 'attn_lb': 8.752131543587893e-05, 'ffn_vision': 514.64208984375}
[train] step 100 task=vqa loss = -3.8147 loss_task = 3.2369 aux_loss = {'attn_mi': -1.2296240329742432, 'attn_lb': 0.007567482069134712, 'ffn_text': 516.0601196289062, 'ffn_vision': 517.7406005859375}
[train] step 200 task=txt_rec loss = 3.1165 loss_task = 0.5416 aux_loss = {'attn_mi': -2.583129230515624e-07, 'attn_lb': 6.225635297596455e-05, 'ffn_vision': 514.85888671875}
[train] step 300 task=txt_rec loss = 3.0603 loss_task = 0.4902 aux_loss = {'attn_mi': 5.933711122452223e-08, 'attn_lb': 2.8059090254828334e-05, 'ffn_vision': 513.97900390625}
[train] step 400 task=img_rec loss = 2.8392 loss_task = 0.2593 aux_loss = {'attn_mi': 0.0, 'attn_lb': 2.655416028574109e-05, 'ffn_text': 515.9263916015625}
[train] step 500 task=txt_cls loss = 3.0204 loss_task = 0.4307 aux_loss = {'attn_mi': -5.952993120672545e-08, 'attn_lb': 7.653993088752031e-05, 'ffn_vision': 517.785888671875}
[train] step 600 task=txt_rec loss = 3.0442 loss_task = 0.4800 aux_loss = {'attn_mi': 0.0, 'attn_lb': 5.210144445300102e-05, 'ffn_vision': 512.7435302734375}
[train] step 700 task=img_cls loss = 2.8772 loss_task = 0.2902 aux_loss = {'attn_mi': -2.1842163278051885e-07, 'attn_lb': 0.0001172286574728787, 'ffn_text': 517.17138671875}
[train] step 800 task=vqa loss = -1.5286 loss_task = 4.3766 aux_loss = {'attn_mi': -1.1093553304672241, 'attn_lb': 0.0012002030853182077, 'ffn_text': 518.298583984375, 'ffn_vision': 516.9786987304688}
[train] step 900 task=img_cls loss = 2.7473 loss_task = 0.1651 aux_loss = {'attn_mi': 0.0, 'attn_lb': 6.88078289385885e-05, 'ffn_text': 516.30908203125}
Eval results:
  vqa: loss = -1.8402, , acc=0.2769
  txt_rec: loss = 11.3567, 
  img_rec: loss = 2.8197, 
  img_cls: loss = 2.7625, , acc=0.9481
  txt_cls: loss = 2.8885, , acc=0.8555

===== Epoch 10/100 =====
[train] step 0 task=txt_rec loss = 2.9249 loss_task = 0.3572 aux_loss = {'attn_mi': -9.916995225012215e-08, 'attn_lb': 5.4938573157414794e-05, 'ffn_vision': 513.4315795898438}
[train] step 100 task=vqa loss = -0.9280 loss_task = 3.0785 aux_loss = {'attn_mi': -0.9285106658935547, 'attn_lb': 0.013504628092050552, 'ffn_text': 513.2334594726562, 'ffn_vision': 515.4926147460938}
[train] step 200 task=txt_rec loss = 2.9082 loss_task = 0.3448 aux_loss = {'attn_mi': -1.9850065768878267e-07, 'attn_lb': 8.777878247201443e-05, 'ffn_vision': 512.51220703125}
[train] step 300 task=img_cls loss = 2.9005 loss_task = 0.3285 aux_loss = {'attn_mi': 0.0, 'attn_lb': 1.9795814296230674e-05, 'ffn_text': 514.3673095703125}
[train] step 400 task=img_cls loss = 2.7512 loss_task = 0.1854 aux_loss = {'attn_mi': -2.580485727321502e-07, 'attn_lb': 5.9977712226100266e-05, 'ffn_text': 513.0269775390625}
[train] step 500 task=vqa loss = -0.9639 loss_task = 3.5742 aux_loss = {'attn_mi': -0.9761337041854858, 'attn_lb': 0.008402511477470398, 'ffn_text': 513.5242309570312, 'ffn_vision': 514.3333740234375}
[train] step 600 task=img_cls loss = 2.8113 loss_task = 0.2423 aux_loss = {'attn_mi': 7.922537292870402e-08, 'attn_lb': 4.7887442633509636e-05, 'ffn_text': 513.68994140625}
[train] step 700 task=txt_rec loss = 2.9864 loss_task = 0.3302 aux_loss = {'attn_mi': 0.0, 'attn_lb': 0.00029686710331588984, 'ffn_vision': 530.6448974609375}
[train] step 800 task=vqa loss = -2.5092 loss_task = 4.2484 aux_loss = {'attn_mi': -1.1910240650177002, 'attn_lb': 0.0014399412320926785, 'ffn_text': 513.1683959960938, 'ffn_vision': 514.4744262695312}
[train] step 900 task=vqa loss = -0.8998 loss_task = 3.6476 aux_loss = {'attn_mi': -0.9761571884155273, 'attn_lb': 0.00824894942343235, 'ffn_text': 512.5986328125, 'ffn_vision': 513.753173828125}
Eval results:
  img_cls: loss = 2.8794, , acc=0.9180
  img_rec: loss = 2.8239, 
  txt_cls: loss = 2.8585, , acc=0.8705
  txt_rec: loss = 11.4465, 
  vqa: loss = -2.2236, , acc=0.2691

===== Epoch 11/100 =====
[train] step 0 task=vqa loss = -1.7495 loss_task = 4.1456 aux_loss = {'attn_mi': -1.1094281673431396, 'attn_lb': 0.0022392503451555967, 'ffn_text': 512.7572021484375, 'ffn_vision': 522.6121215820312}
[train] step 100 task=img_cls loss = 2.6797 loss_task = 0.1116 aux_loss = {'attn_mi': -1.1920738529624941e-07, 'attn_lb': 4.912068470730446e-05, 'ffn_text': 513.529296875}
[train] step 200 task=vqa loss = -2.2975 loss_task = 3.1928 aux_loss = {'attn_mi': -1.0665298700332642, 'attn_lb': 0.003164895810186863, 'ffn_text': 513.8165893554688, 'ffn_vision': 514.8605346679688}
[train] step 300 task=txt_cls loss = 2.9562 loss_task = 0.3884 aux_loss = {'attn_mi': -7.942129798266251e-08, 'attn_lb': 4.704575258074328e-05, 'ffn_vision': 513.4526977539062}
[train] step 400 task=vqa loss = -1.5519 loss_task = 3.4780 aux_loss = {'attn_mi': -1.0220856666564941, 'attn_lb': 0.0054891835898160934, 'ffn_text': 513.3179931640625, 'ffn_vision': 513.884521484375}
[train] step 500 task=txt_rec loss = 2.8203 loss_task = 0.2530 aux_loss = {'attn_mi': 0.0, 'attn_lb': 4.418721073307097e-05, 'ffn_vision': 513.3701782226562}
[train] step 600 task=txt_rec loss = 2.8776 loss_task = 0.3123 aux_loss = {'attn_mi': 0.0, 'attn_lb': 0.00013599861995317042, 'ffn_vision': 512.7900390625}
[train] step 700 task=img_cls loss = 2.7782 loss_task = 0.2134 aux_loss = {'attn_mi': 0.0, 'attn_lb': 4.6048546209931374e-05, 'ffn_text': 512.8765869140625}
[train] step 800 task=txt_rec loss = 2.8378 loss_task = 0.2722 aux_loss = {'attn_mi': -1.3908085350067267e-07, 'attn_lb': 8.57537379488349e-05, 'ffn_vision': 512.9569091796875}
[train] step 900 task=vqa loss = -2.4015 loss_task = 3.0876 aux_loss = {'attn_mi': -1.0664130449295044, 'attn_lb': 0.00394826103001833, 'ffn_text': 512.85986328125, 'ffn_vision': 514.266845703125}
Eval results:
  img_rec: loss = 2.7992, 
  img_cls: loss = 2.8833, , acc=0.9049
  vqa: loss = -2.3135, , acc=0.2778
  txt_rec: loss = 11.4747, 
  txt_cls: loss = 2.7989, , acc=0.8886

===== Epoch 12/100 =====
[train] step 0 task=txt_cls loss = 2.8730 loss_task = 0.3095 aux_loss = {'attn_mi': -9.921802046619632e-08, 'attn_lb': 7.489864947274327e-05, 'ffn_vision': 512.5473022460938}
[train] step 100 task=txt_rec loss = 2.7963 loss_task = 0.2158 aux_loss = {'attn_mi': -9.939515877022131e-08, 'attn_lb': 8.505411096848547e-05, 'ffn_vision': 515.9327392578125}
[train] step 200 task=vqa loss = -3.3450 loss_task = 2.5824 aux_loss = {'attn_mi': -1.1093664169311523, 'attn_lb': 0.0018915500259026885, 'ffn_text': 515.5152587890625, 'ffn_vision': 513.953125}
[train] step 300 task=vqa loss = -0.3858 loss_task = 3.6255 aux_loss = {'attn_mi': -0.9285489320755005, 'attn_lb': 0.013567863963544369, 'ffn_text': 513.018798828125, 'ffn_vision': 514.6874389648438}
[train] step 400 task=img_rec loss = 2.8142 loss_task = 0.2123 aux_loss = {'attn_mi': 0.0, 'attn_lb': 5.803618114441633e-05, 'ffn_text': 520.2813720703125}
[train] step 500 task=img_rec loss = 2.7827 loss_task = 0.2187 aux_loss = {'attn_mi': -7.938199075852026e-08, 'attn_lb': 4.3367050238884985e-05, 'ffn_text': 512.7296752929688}
[train] step 600 task=txt_cls loss = 3.1626 loss_task = 0.5929 aux_loss = {'attn_mi': 0.0, 'attn_lb': 4.3407766497693956e-05, 'ffn_vision': 513.85009765625}
[train] step 700 task=vqa loss = -3.6636 loss_task = 3.4114 aux_loss = {'attn_mi': -1.2298963069915771, 'attn_lb': 0.002475067973136902, 'ffn_text': 513.5469360351562, 'ffn_vision': 526.2945556640625}
[train] step 800 task=img_cls loss = 2.6934 loss_task = 0.1196 aux_loss = {'attn_mi': 0.0, 'attn_lb': 2.9136848752386868e-05, 'ffn_text': 514.690185546875}
[train] step 900 task=img_cls loss = 2.7014 loss_task = 0.1286 aux_loss = {'attn_mi': 0.0, 'attn_lb': 3.252312308177352e-05, 'ffn_text': 514.4956665039062}
Eval results:
  vqa: loss = -2.5373, , acc=0.2539
  txt_rec: loss = 11.2790, 
  img_cls: loss = 3.0193, , acc=0.8675
  txt_cls: loss = 2.7960, , acc=0.8923
  img_rec: loss = 2.8045, 

===== Epoch 13/100 =====
[train] step 0 task=img_cls loss = 2.9771 loss_task = 0.4069 aux_loss = {'attn_mi': 3.9899852311009454e-08, 'attn_lb': 4.79981281387154e-05, 'ffn_text': 513.9442138671875}
[train] step 100 task=txt_rec loss = 2.7826 loss_task = 0.2116 aux_loss = {'attn_mi': 0.0, 'attn_lb': 5.310350388754159e-05, 'ffn_vision': 514.091552734375}
[train] step 200 task=img_rec loss = 2.8154 loss_task = 0.2231 aux_loss = {'attn_mi': 0.0, 'attn_lb': 0.00017142220167443156, 'ffn_text': 518.1234741210938}
[train] step 300 task=img_rec loss = 2.7933 loss_task = 0.2269 aux_loss = {'attn_mi': -1.3917195929025183e-07, 'attn_lb': 7.415431900881231e-05, 'ffn_text': 513.146240234375}
[train] step 400 task=img_rec loss = 2.8089 loss_task = 0.2469 aux_loss = {'attn_mi': -7.931480183742678e-08, 'attn_lb': 2.4132488761097193e-05, 'ffn_text': 512.3496704101562}
[train] step 500 task=img_cls loss = 2.6627 loss_task = 0.0983 aux_loss = {'attn_mi': -9.92008963862645e-08, 'attn_lb': 2.7898931875824928e-05, 'ffn_text': 512.8158569335938}
[train] step 600 task=txt_rec loss = 2.6823 loss_task = 0.1216 aux_loss = {'attn_mi': 7.969129711682399e-08, 'attn_lb': 4.042329965159297e-05, 'ffn_vision': 512.067138671875}
[train] step 700 task=vqa loss = -0.5904 loss_task = 3.4041 aux_loss = {'attn_mi': -0.9285407066345215, 'attn_lb': 0.014011231251060963, 'ffn_text': 514.1768798828125, 'ffn_vision': 515.9832763671875}
[train] step 800 task=txt_cls loss = 2.7856 loss_task = 0.2131 aux_loss = {'attn_mi': -9.928377409096356e-08, 'attn_lb': 9.067065548151731e-05, 'ffn_vision': 514.3331298828125}
[train] step 900 task=txt_rec loss = 2.7998 loss_task = 0.1947 aux_loss = {'attn_mi': 0.0, 'attn_lb': 0.00013529264833778143, 'ffn_vision': 520.7479248046875}
Eval results:
  img_rec: loss = 2.7937, 
  vqa: loss = -2.3481, , acc=0.2747
  img_cls: loss = 2.7573, , acc=0.9517
  txt_cls: loss = 2.8317, , acc=0.8741
  txt_rec: loss = 11.3741, 

===== Epoch 14/100 =====
[train] step 0 task=vqa loss = -4.6303 loss_task = 3.5123 aux_loss = {'attn_mi': -1.3396594524383545, 'attn_lb': 0.011175697669386864, 'ffn_text': 512.81884765625, 'ffn_vision': 515.630615234375}
[train] step 100 task=vqa loss = -3.1603 loss_task = 3.1591 aux_loss = {'attn_mi': -1.1509202718734741, 'attn_lb': 0.0044522411189973354, 'ffn_text': 514.5174560546875, 'ffn_vision': 514.5536499023438}
[train] step 200 task=img_cls loss = 2.7419 loss_task = 0.1725 aux_loss = {'attn_mi': -1.9850551780109527e-07, 'attn_lb': 2.085583400912583e-05, 'ffn_text': 513.8480224609375}
[train] step 300 task=txt_cls loss = 2.9223 loss_task = 0.3150 aux_loss = {'attn_mi': 0.0, 'attn_lb': 0.0004905778332613409, 'ffn_vision': 520.4708251953125}
[train] step 400 task=txt_rec loss = 2.7768 loss_task = 0.2080 aux_loss = {'attn_mi': -7.960720438404678e-08, 'attn_lb': 5.327613325789571e-05, 'ffn_vision': 513.6412353515625}
[train] step 500 task=vqa loss = -2.0852 loss_task = 2.9553 aux_loss = {'attn_mi': -1.0222495794296265, 'attn_lb': 0.004439232870936394, 'ffn_text': 513.5687866210938, 'ffn_vision': 513.94189453125}
[train] step 600 task=txt_rec loss = 2.8129 loss_task = 0.2406 aux_loss = {'attn_mi': -1.986683884069862e-08, 'attn_lb': 7.852783892303705e-05, 'ffn_vision': 514.2950439453125}
[train] step 700 task=img_rec loss = 2.7739 loss_task = 0.2116 aux_loss = {'attn_mi': -1.1931061294490064e-07, 'attn_lb': 2.980091085191816e-05, 'ffn_text': 512.3995361328125}
[train] step 800 task=vqa loss = -1.5946 loss_task = 3.2226 aux_loss = {'attn_mi': -1.0221765041351318, 'attn_lb': 0.021144939586520195, 'ffn_text': 517.8238525390625, 'ffn_vision': 520.7899169921875}
[train] step 900 task=img_rec loss = 2.7807 loss_task = 0.2125 aux_loss = {'attn_mi': 9.952432122872779e-08, 'attn_lb': 0.00010963925160467625, 'ffn_text': 513.4243774414062}
Eval results:
  img_rec: loss = 2.8072, 
  txt_cls: loss = 2.8211, , acc=0.8814
  img_cls: loss = 2.8654, , acc=0.9219
  txt_rec: loss = 11.4188, 
  vqa: loss = -2.4308, , acc=0.2795

===== Epoch 15/100 =====
[train] step 0 task=txt_rec loss = 2.6890 loss_task = 0.1299 aux_loss = {'attn_mi': 2.0119117039030243e-08, 'attn_lb': 3.2473253668285906e-05, 'ffn_vision': 511.7501525878906}
[train] step 100 task=img_rec loss = 2.7995 loss_task = 0.2290 aux_loss = {'attn_mi': 0.0, 'attn_lb': 6.0480611864477396e-05, 'ffn_text': 513.9818725585938}
[train] step 200 task=txt_cls loss = 3.0050 loss_task = 0.4371 aux_loss = {'attn_mi': 0.0, 'attn_lb': 0.00011198589345440269, 'ffn_vision': 513.360107421875}
[train] step 300 task=txt_cls loss = 2.8355 loss_task = 0.2664 aux_loss = {'attn_mi': 0.0, 'attn_lb': 5.016636714572087e-05, 'ffn_vision': 513.7359008789062}
[train] step 400 task=txt_cls loss = 2.8585 loss_task = 0.2950 aux_loss = {'attn_mi': 0.0, 'attn_lb': 4.842184716835618e-05, 'ffn_vision': 512.6133422851562}
[train] step 500 task=img_cls loss = 2.6440 loss_task = 0.0746 aux_loss = {'attn_mi': -1.3854651115252636e-07, 'attn_lb': 7.770047523081303e-05, 'ffn_text': 513.7293701171875}
[train] step 600 task=txt_cls loss = 2.8782 loss_task = 0.3102 aux_loss = {'attn_mi': -7.890791664522112e-08, 'attn_lb': 9.903196041705087e-05, 'ffn_vision': 513.4028930664062}
[train] step 700 task=txt_cls loss = 2.8917 loss_task = 0.3294 aux_loss = {'attn_mi': -7.944495905576332e-08, 'attn_lb': 6.850399950053543e-05, 'ffn_vision': 512.3302001953125}
[train] step 800 task=img_rec loss = 2.8045 loss_task = 0.2384 aux_loss = {'attn_mi': -9.935773448432883e-08, 'attn_lb': 4.376057768240571e-05, 'ffn_text': 513.1223754882812}
[train] step 900 task=txt_rec loss = 2.6816 loss_task = 0.1158 aux_loss = {'attn_mi': -2.384010997502628e-07, 'attn_lb': 2.11393489735201e-05, 'ffn_vision': 513.1136474609375}
Eval results:
  vqa: loss = -2.4446, , acc=0.2633
  img_cls: loss = 2.7779, , acc=0.9368
  txt_cls: loss = 2.8216, , acc=0.8650
  img_rec: loss = 2.7878, 
  txt_rec: loss = 11.4102, 

===== Epoch 16/100 =====
[train] step 0 task=img_cls loss = 2.6407 loss_task = 0.0754 aux_loss = {'attn_mi': 5.966504090793023e-08, 'attn_lb': 2.4111606762744486e-05, 'ffn_text': 513.0153198242188}
[train] step 100 task=img_cls loss = 2.7430 loss_task = 0.1793 aux_loss = {'attn_mi': -9.951442336841865e-08, 'attn_lb': 2.0156643586233258e-05, 'ffn_text': 512.699951171875}
[train] step 200 task=txt_rec loss = 2.7099 loss_task = 0.1177 aux_loss = {'attn_mi': -5.974548855647299e-08, 'attn_lb': 4.249207268003374e-05, 'ffn_vision': 518.3665161132812}
[train] step 300 task=txt_cls loss = 2.8385 loss_task = 0.2437 aux_loss = {'attn_mi': -2.1914021886004775e-07, 'attn_lb': 0.0001108719443436712, 'ffn_vision': 518.7462768554688}
[train] step 400 task=img_cls loss = 2.8462 loss_task = 0.2834 aux_loss = {'attn_mi': 7.932104040264676e-08, 'attn_lb': 2.2554508177563548e-05, 'ffn_text': 512.5003051757812}
[train] step 500 task=img_rec loss = 0.8856 loss_task = 0.2441 aux_loss = {'attn_mi': -1.3999068926295877e-07, 'attn_lb': 0.00011391329462639987, 'ffn_text': 128.08555603027344}
[train] step 600 task=img_cls loss = 2.5780 loss_task = 0.0130 aux_loss = {'attn_mi': -2.3864922127359023e-07, 'attn_lb': 6.200149073265493e-05, 'ffn_text': 512.8824462890625}
[train] step 700 task=img_cls loss = 2.6555 loss_task = 0.0608 aux_loss = {'attn_mi': -9.908258391533309e-08, 'attn_lb': 4.744378384202719e-05, 'ffn_text': 518.8521118164062}
[train] step 800 task=txt_cls loss = 2.8748 loss_task = 0.3102 aux_loss = {'attn_mi': -1.3920302421865927e-07, 'attn_lb': 2.9191854991950095e-05, 'ffn_vision': 512.8621215820312}
[train] step 900 task=vqa loss = -2.5963 loss_task = 3.7563 aux_loss = {'attn_mi': -1.1505072116851807, 'attn_lb': 0.0018547186627984047, 'ffn_text': 512.7440185546875, 'ffn_vision': 514.041259765625}
Eval results:
  vqa: loss = -2.4025, , acc=0.2656
  txt_rec: loss = 11.2256, 
  img_rec: loss = 2.8069, 
  img_cls: loss = 2.8883, , acc=0.9079
  txt_cls: loss = 2.8522, , acc=0.8684

===== Epoch 17/100 =====
[train] step 0 task=img_rec loss = 2.7933 loss_task = 0.2294 aux_loss = {'attn_mi': 1.9966066133747518e-08, 'attn_lb': 1.667597098276019e-05, 'ffn_text': 512.7411499023438}
[train] step 100 task=txt_rec loss = 2.7251 loss_task = 0.1624 aux_loss = {'attn_mi': 0.0, 'attn_lb': 4.114548210054636e-05, 'ffn_vision': 512.4568481445312}
[train] step 200 task=vqa loss = -2.6936 loss_task = 3.2493 aux_loss = {'attn_mi': -1.1095037460327148, 'attn_lb': 0.0009402770083397627, 'ffn_text': 512.56201171875, 'ffn_vision': 515.9833984375}
[train] step 300 task=txt_cls loss = 2.8644 loss_task = 0.2987 aux_loss = {'attn_mi': 0.0, 'attn_lb': 4.4989719754084945e-05, 'ffn_vision': 513.0462036132812}
[train] step 400 task=vqa loss = -1.4713 loss_task = 2.9784 aux_loss = {'attn_mi': -0.9762455821037292, 'attn_lb': 0.011709403246641159, 'ffn_text': 513.43310546875, 'ffn_vision': 525.6981201171875}
[train] step 500 task=vqa loss = -4.4757 loss_task = 3.0146 aux_loss = {'attn_mi': -1.2675909996032715, 'attn_lb': 0.004566226154565811, 'ffn_text': 514.3067626953125, 'ffn_vision': 513.675048828125}
[train] step 600 task=txt_cls loss = 2.8515 loss_task = 0.2770 aux_loss = {'attn_mi': -1.588027487287036e-07, 'attn_lb': 0.00013817980652675033, 'ffn_vision': 514.6177978515625}
[train] step 700 task=vqa loss = -1.7192 loss_task = 3.3074 aux_loss = {'attn_mi': -1.0222641229629517, 'attn_lb': 0.004821779206395149, 'ffn_text': 515.7289428710938, 'ffn_vision': 513.8533325195312}
[train] step 800 task=txt_cls loss = 2.7850 loss_task = 0.2193 aux_loss = {'attn_mi': 0.0, 'attn_lb': 2.8912050765939057e-05, 'ffn_vision': 513.0927124023438}
[train] step 900 task=txt_cls loss = 2.9422 loss_task = 0.3768 aux_loss = {'attn_mi': 0.0, 'attn_lb': 6.778002716600895e-05, 'ffn_vision': 512.9402465820312}
Eval results:
  txt_cls: loss = 2.7755, , acc=0.8842
  vqa: loss = -2.4920, , acc=0.2734
  txt_rec: loss = 11.2854, 
  img_cls: loss = 2.8408, , acc=0.9235
  img_rec: loss = 2.8397, 

===== Epoch 18/100 =====
[train] step 0 task=vqa loss = -2.0183 loss_task = 2.9844 aux_loss = {'attn_mi': -1.0222262144088745, 'attn_lb': 0.008579285815358162, 'ffn_text': 513.8729248046875, 'ffn_vision': 512.8961791992188}
[train] step 100 task=txt_rec loss = 2.6487 loss_task = 0.0904 aux_loss = {'attn_mi': 1.9990594068985956e-08, 'attn_lb': 6.191519787535071e-05, 'ffn_vision': 511.5403747558594}
[train] step 200 task=vqa loss = -1.9788 loss_task = 3.0620 aux_loss = {'attn_mi': -1.022205114364624, 'attn_lb': 0.004575783386826515, 'ffn_text': 512.8924560546875, 'ffn_vision': 514.1904907226562}
[train] step 300 task=img_rec loss = 2.7802 loss_task = 0.2127 aux_loss = {'attn_mi': -1.5899342997727217e-07, 'attn_lb': 9.200742351822555e-05, 'ffn_text': 513.3173828125}
[train] step 400 task=txt_rec loss = 2.6448 loss_task = 0.0847 aux_loss = {'attn_mi': -1.9958585895096803e-08, 'attn_lb': 4.3490639654919505e-05, 'ffn_vision': 511.94598388671875}
[train] step 500 task=img_rec loss = 2.8700 loss_task = 0.3021 aux_loss = {'attn_mi': -3.9410437580045254e-08, 'attn_lb': 0.00010529439168749377, 'ffn_text': 513.3688354492188}
[train] step 600 task=img_cls loss = 2.6962 loss_task = 0.1275 aux_loss = {'attn_mi': -5.986475315467032e-08, 'attn_lb': 6.195693276822567e-05, 'ffn_text': 513.6249389648438}
[train] step 700 task=vqa loss = -4.0756 loss_task = 3.3820 aux_loss = {'attn_mi': -1.2676842212677002, 'attn_lb': 0.0057703545317053795, 'ffn_text': 516.95361328125, 'ffn_vision': 515.3512573242188}
[train] step 800 task=vqa loss = -4.2059 loss_task = 2.9441 aux_loss = {'attn_mi': -1.2299959659576416, 'attn_lb': 0.0021059918217360973, 'ffn_text': 513.6136474609375, 'ffn_vision': 512.1629028320312}
[train] step 900 task=img_rec loss = 2.8059 loss_task = 0.2426 aux_loss = {'attn_mi': 0.0, 'attn_lb': 3.442226443439722e-05, 'ffn_text': 512.5851440429688}
Eval results:
  txt_rec: loss = 11.2166, 
  vqa: loss = -2.5983, , acc=0.2803
  txt_cls: loss = 2.8067, , acc=0.8886
  img_cls: loss = 2.7263, , acc=0.9574
  img_rec: loss = 2.7859, 

===== Epoch 19/100 =====
[train] step 0 task=img_cls loss = 2.7053 loss_task = 0.1410 aux_loss = {'attn_mi': 0.0, 'attn_lb': 2.0415594917722046e-05, 'ffn_text': 512.8342895507812}
[train] step 100 task=vqa loss = -2.0138 loss_task = 3.0195 aux_loss = {'attn_mi': -1.022254228591919, 'attn_lb': 0.0049606068059802055, 'ffn_text': 515.1187744140625, 'ffn_vision': 512.7907104492188}
[train] step 200 task=img_rec loss = 2.7908 loss_task = 0.2187 aux_loss = {'attn_mi': -5.992951912503486e-08, 'attn_lb': 7.482949877157807e-05, 'ffn_text': 514.2623291015625}
[train] step 300 task=img_cls loss = 2.8062 loss_task = 0.2414 aux_loss = {'attn_mi': -9.443112958251731e-11, 'attn_lb': 2.6773679564939812e-05, 'ffn_text': 512.9218139648438}
[train] step 400 task=vqa loss = -2.6381 loss_task = 2.8847 aux_loss = {'attn_mi': -1.0666241645812988, 'attn_lb': 0.002408210653811693, 'ffn_text': 513.1339111328125, 'ffn_vision': 510.7274475097656}
[train] step 500 task=txt_cls loss = 2.8032 loss_task = 0.2474 aux_loss = {'attn_mi': -5.948183101622817e-08, 'attn_lb': 3.425245813559741e-05, 'ffn_vision': 511.1007995605469}
[train] step 600 task=txt_cls loss = 2.8926 loss_task = 0.3287 aux_loss = {'attn_mi': -1.1939980026909325e-07, 'attn_lb': 5.162955494597554e-05, 'ffn_vision': 512.6765747070312}
[train] step 700 task=txt_cls loss = 2.8547 loss_task = 0.2849 aux_loss = {'attn_mi': 0.0, 'attn_lb': 4.022280336357653e-05, 'ffn_vision': 513.872802734375}
[train] step 800 task=img_cls loss = 2.7310 loss_task = 0.1689 aux_loss = {'attn_mi': -9.931356004244662e-08, 'attn_lb': 2.6596098905429244e-05, 'ffn_text': 512.3685913085938}
[train] step 900 task=txt_cls loss = 2.8352 loss_task = 0.2719 aux_loss = {'attn_mi': -2.1863795041099365e-07, 'attn_lb': 2.484070137143135e-05, 'ffn_vision': 512.6143798828125}
Eval results:
  txt_rec: loss = 11.1170, 
  img_rec: loss = 2.7917, 
  txt_cls: loss = 2.8609, , acc=0.8702
  img_cls: loss = 2.7630, , acc=0.9375
  vqa: loss = -2.2512, , acc=0.2704

===== Epoch 20/100 =====
[train] step 0 task=img_cls loss = 2.6446 loss_task = 0.0808 aux_loss = {'attn_mi': -7.949022062803124e-08, 'attn_lb': 0.00014890148304402828, 'ffn_text': 512.4616088867188}
[train] step 100 task=txt_rec loss = 2.6113 loss_task = 0.0494 aux_loss = {'attn_mi': -3.3794964338085265e-07, 'attn_lb': 5.4654316045343876e-05, 'ffn_vision': 512.276611328125}
[train] step 200 task=img_cls loss = 2.7753 loss_task = 0.2131 aux_loss = {'attn_mi': 0.0, 'attn_lb': 5.175135447643697e-05, 'ffn_text': 512.3445434570312}
[train] step 300 task=txt_rec loss = 2.6206 loss_task = 0.0640 aux_loss = {'attn_mi': -9.959434521533694e-08, 'attn_lb': 4.3306019506417215e-05, 'ffn_vision': 511.2347106933594}
[train] step 400 task=img_rec loss = 2.8075 loss_task = 0.2455 aux_loss = {'attn_mi': 7.956636949302265e-08, 'attn_lb': 7.947150152176619e-06, 'ffn_text': 512.37060546875}
[train] step 500 task=vqa loss = -3.9494 loss_task = 2.8296 aux_loss = {'attn_mi': -1.1910655498504639, 'attn_lb': 0.0006578209577128291, 'ffn_text': 512.5621337890625, 'ffn_vision': 512.4672241210938}
[train] step 600 task=txt_rec loss = 2.6308 loss_task = 0.0650 aux_loss = {'attn_mi': -5.967498850623087e-08, 'attn_lb': 7.426348747685552e-05, 'ffn_vision': 513.017822265625}
[train] step 700 task=img_rec loss = 2.8067 loss_task = 0.2416 aux_loss = {'attn_mi': -1.1915355457858823e-07, 'attn_lb': 2.0287377992644906e-05, 'ffn_text': 512.9908447265625}
[train] step 800 task=img_cls loss = 2.8899 loss_task = 0.3229 aux_loss = {'attn_mi': -5.945082648395328e-08, 'attn_lb': 5.562655860558152e-05, 'ffn_text': 513.2899169921875}
[train] step 900 task=txt_rec loss = 2.6250 loss_task = 0.0696 aux_loss = {'attn_mi': 0.0, 'attn_lb': 5.319766205502674e-05, 'ffn_vision': 510.97674560546875}
Eval results:
  txt_rec: loss = 10.8377, 
  vqa: loss = -2.5990, , acc=0.2664
  img_cls: loss = 2.7547, , acc=0.9504
  img_rec: loss = 2.7927, 
  txt_cls: loss = 2.8291, , acc=0.8888

===== Epoch 21/100 =====
[train] step 0 task=img_rec loss = 2.7977 loss_task = 0.2352 aux_loss = {'attn_mi': 0.0, 'attn_lb': 3.2557465601712465e-05, 'ffn_text': 512.439697265625}
[train] step 100 task=img_cls loss = 2.6729 loss_task = 0.1083 aux_loss = {'attn_mi': -1.3924142194809974e-07, 'attn_lb': 3.3882432035170496e-05, 'ffn_text': 512.8548583984375}
[train] step 200 task=img_cls loss = 3.4192 loss_task = 0.8541 aux_loss = {'attn_mi': -2.1839545638613345e-07, 'attn_lb': 2.901011612266302e-05, 'ffn_text': 512.957763671875}
[train] step 300 task=txt_rec loss = 2.6197 loss_task = 0.0604 aux_loss = {'attn_mi': -7.943970814494605e-08, 'attn_lb': 3.592640860006213e-05, 'ffn_vision': 511.7889404296875}
[train] step 400 task=vqa loss = -2.8373 loss_task = 3.0737 aux_loss = {'attn_mi': -1.1094353199005127, 'attn_lb': 0.001638342160731554, 'ffn_text': 513.3961181640625, 'ffn_vision': 519.9876708984375}
[train] step 500 task=vqa loss = -1.4291 loss_task = 3.5919 aux_loss = {'attn_mi': -1.0222463607788086, 'attn_lb': 0.007992834784090519, 'ffn_text': 512.7357177734375, 'ffn_vision': 511.568115234375}
[train] step 600 task=vqa loss = -1.8557 loss_task = 3.1863 aux_loss = {'attn_mi': -1.0222713947296143, 'attn_lb': 0.0045969923958182335, 'ffn_text': 512.7750854492188, 'ffn_vision': 514.1883544921875}
[train] step 700 task=img_rec loss = 2.8174 loss_task = 0.2542 aux_loss = {'attn_mi': 9.909108200645278e-08, 'attn_lb': 2.764495729934424e-05, 'ffn_text': 512.5792236328125}
[train] step 800 task=vqa loss = -2.0858 loss_task = 3.4080 aux_loss = {'attn_mi': -1.066615343093872, 'attn_lb': 0.003835373092442751, 'ffn_text': 513.1824340820312, 'ffn_vision': 513.6121826171875}
[train] step 900 task=txt_rec loss = 2.6765 loss_task = 0.1111 aux_loss = {'attn_mi': 0.0, 'attn_lb': 5.4479867685586214e-05, 'ffn_vision': 512.9705810546875}
Eval results:
  img_cls: loss = 2.9672, , acc=0.9021
  txt_cls: loss = 2.8032, , acc=0.8926
  img_rec: loss = 2.7969, 
  vqa: loss = -2.6851, , acc=0.2895
  txt_rec: loss = 10.8633, 

===== Epoch 22/100 =====
[train] step 0 task=img_cls loss = 3.0840 loss_task = 0.4987 aux_loss = {'attn_mi': 0.0, 'attn_lb': 0.00010165752610191703, 'ffn_text': 516.8515625}
[train] step 100 task=vqa loss = -4.1107 loss_task = 2.6668 aux_loss = {'attn_mi': -1.1910665035247803, 'attn_lb': 0.0006383694708347321, 'ffn_text': 512.5079956054688, 'ffn_vision': 512.8598022460938}
[train] step 200 task=img_cls loss = 2.6698 loss_task = 0.0976 aux_loss = {'attn_mi': -7.943229718421208e-08, 'attn_lb': 3.2608513720333576e-05, 'ffn_text': 514.36572265625}
[train] step 300 task=img_cls loss = 2.7932 loss_task = 0.2270 aux_loss = {'attn_mi': -1.9878686430274684e-07, 'attn_lb': 2.431063330732286e-05, 'ffn_text': 513.1893920898438}
[train] step 400 task=vqa loss = -5.0170 loss_task = 3.1418 aux_loss = {'attn_mi': -1.339674472808838, 'attn_lb': 0.011117298156023026, 'ffn_text': 512.7667846679688, 'ffn_vision': 512.5805053710938}
[train] step 500 task=txt_rec loss = 2.6077 loss_task = 0.0456 aux_loss = {'attn_mi': -1.5920969076432812e-07, 'attn_lb': 4.6476314309984446e-05, 'ffn_vision': 512.3256225585938}
[train] step 600 task=img_cls loss = 2.8215 loss_task = 0.2520 aux_loss = {'attn_mi': -1.1919257048020881e-07, 'attn_lb': 5.506389425136149e-05, 'ffn_text': 513.7967529296875}
[train] step 700 task=txt_rec loss = 2.6061 loss_task = 0.0395 aux_loss = {'attn_mi': -1.984720938708051e-07, 'attn_lb': 7.387023651972413e-05, 'ffn_vision': 513.1715087890625}
[train] step 800 task=img_rec loss = 2.7893 loss_task = 0.2259 aux_loss = {'attn_mi': -1.1850917758238211e-07, 'attn_lb': 6.39400677755475e-05, 'ffn_text': 512.54296875}
[train] step 900 task=img_cls loss = 2.8789 loss_task = 0.3131 aux_loss = {'attn_mi': 7.966553283722533e-08, 'attn_lb': 2.135221438948065e-05, 'ffn_text': 513.1248168945312}
Eval results:
  txt_rec: loss = 10.8484, 
  txt_cls: loss = 2.8372, , acc=0.8922
  img_rec: loss = 2.8021, 
  img_cls: loss = 2.7853, , acc=0.9397
  vqa: loss = -2.6925, , acc=0.3156

===== Epoch 23/100 =====
[train] step 0 task=img_cls loss = 2.6958 loss_task = 0.1222 aux_loss = {'attn_mi': -1.3916371699451702e-07, 'attn_lb': 1.7043377738445997e-05, 'ffn_text': 514.6795043945312}
[train] step 100 task=txt_cls loss = 2.7938 loss_task = 0.2292 aux_loss = {'attn_mi': 0.0, 'attn_lb': 6.512177060358226e-05, 'ffn_vision': 512.7811889648438}
[train] step 200 task=img_rec loss = 2.8068 loss_task = 0.2443 aux_loss = {'attn_mi': 1.587629299137916e-07, 'attn_lb': 2.244889037683606e-05, 'ffn_text': 512.4654541015625}
[train] step 300 task=img_rec loss = 2.8131 loss_task = 0.2465 aux_loss = {'attn_mi': -1.1909943964383274e-07, 'attn_lb': 0.00015401566633954644, 'ffn_text': 513.01611328125}
[train] step 400 task=txt_rec loss = 2.6525 loss_task = 0.0790 aux_loss = {'attn_mi': -1.1913991215806163e-07, 'attn_lb': 6.667515845037997e-05, 'ffn_vision': 514.56689453125}
[train] step 500 task=txt_cls loss = 2.9184 loss_task = 0.3580 aux_loss = {'attn_mi': 0.0, 'attn_lb': 2.943250729003921e-05, 'ffn_vision': 512.030517578125}
[train] step 600 task=txt_rec loss = 2.6204 loss_task = 0.0543 aux_loss = {'attn_mi': 0.0, 'attn_lb': 7.856462616473436e-05, 'ffn_vision': 513.0697021484375}
[train] step 700 task=txt_rec loss = 2.6235 loss_task = 0.0566 aux_loss = {'attn_mi': -7.948296598669913e-08, 'attn_lb': 4.913950397167355e-05, 'ffn_vision': 513.2875366210938}
[train] step 800 task=vqa loss = -4.0515 loss_task = 2.7035 aux_loss = {'attn_mi': -1.191114902496338, 'attn_lb': 0.0010691890493035316, 'ffn_text': 512.87158203125, 'ffn_vision': 516.2127685546875}
[train] step 900 task=img_rec loss = 2.7838 loss_task = 0.2210 aux_loss = {'attn_mi': 0.0, 'attn_lb': 3.812897193711251e-05, 'ffn_text': 512.4862060546875}
Eval results:
  img_rec: loss = 2.7814, 
  txt_rec: loss = 10.8170, 
  img_cls: loss = 2.7629, , acc=0.9447
  txt_cls: loss = 2.8292, , acc=0.8760
  vqa: loss = -2.7223, , acc=0.2757

===== Epoch 24/100 =====
[train] step 0 task=txt_rec loss = 2.6137 loss_task = 0.0434 aux_loss = {'attn_mi': 0.0, 'attn_lb': 5.398731445893645e-05, 'ffn_vision': 513.944091796875}
[train] step 100 task=vqa loss = -0.9505 loss_task = 2.9643 aux_loss = {'attn_mi': -0.9286307692527771, 'attn_lb': 0.01656130701303482, 'ffn_text': 516.0033569335938, 'ffn_vision': 525.16943359375}
[train] step 200 task=img_cls loss = 2.8184 loss_task = 0.2523 aux_loss = {'attn_mi': -3.1789377885615977e-07, 'attn_lb': 7.966926204971969e-05, 'ffn_text': 513.0675659179688}
[train] step 300 task=txt_rec loss = 2.6076 loss_task = 0.0459 aux_loss = {'attn_mi': -7.941159196889203e-08, 'attn_lb': 3.145376103930175e-05, 'ffn_vision': 512.2774047851562}
[train] step 400 task=txt_cls loss = 2.9607 loss_task = 0.3947 aux_loss = {'attn_mi': -1.1962181645230885e-07, 'attn_lb': 4.4375978177413344e-05, 'ffn_vision': 513.11328125}
[train] step 500 task=img_rec loss = 2.8039 loss_task = 0.2425 aux_loss = {'attn_mi': 0.0, 'attn_lb': 2.5049936084542423e-05, 'ffn_text': 512.2159423828125}
[train] step 600 task=img_cls loss = 2.6855 loss_task = 0.1206 aux_loss = {'attn_mi': -1.3887527927636256e-07, 'attn_lb': 0.0001432313583791256, 'ffn_text': 512.6812744140625}
[train] step 700 task=vqa loss = -3.3670 loss_task = 3.0093 aux_loss = {'attn_mi': -1.150963306427002, 'attn_lb': 0.0005887252045795321, 'ffn_text': 512.5994873046875, 'ffn_vision': 512.8851928710938}
[train] step 800 task=img_rec loss = 2.8031 loss_task = 0.2401 aux_loss = {'attn_mi': 0.0, 'attn_lb': 3.616164030972868e-05, 'ffn_text': 512.5285034179688}
[train] step 900 task=img_rec loss = 2.8150 loss_task = 0.2508 aux_loss = {'attn_mi': -7.987474504034253e-08, 'attn_lb': 6.126053631305695e-05, 'ffn_text': 512.705078125}
Eval results:
  img_cls: loss = 2.7228, , acc=0.9531
  txt_rec: loss = 10.5774, 
  vqa: loss = -2.6700, , acc=0.3265
  img_rec: loss = 2.7783, 
  txt_cls: loss = 2.8557, , acc=0.8699

===== Epoch 25/100 =====
[train] step 0 task=img_cls loss = 2.7633 loss_task = 0.2013 aux_loss = {'attn_mi': -7.951062741540227e-08, 'attn_lb': 2.6237190468236804e-05, 'ffn_text': 512.3583984375}
[train] step 100 task=vqa loss = -5.3724 loss_task = 3.0870 aux_loss = {'attn_mi': -1.3741838932037354, 'attn_lb': 0.01564825139939785, 'ffn_text': 512.5004272460938, 'ffn_vision': 512.70361328125}
[train] step 200 task=txt_rec loss = 2.6420 loss_task = 0.0450 aux_loss = {'attn_mi': 0.0, 'attn_lb': 0.00011882363469339907, 'ffn_vision': 519.1550903320312}
[train] step 300 task=img_cls loss = 2.6959 loss_task = 0.1303 aux_loss = {'attn_mi': 0.0, 'attn_lb': 3.853722591884434e-05, 'ffn_text': 513.0448608398438}
[train] step 400 task=img_cls loss = 2.6221 loss_task = 0.0574 aux_loss = {'attn_mi': 0.0, 'attn_lb': 1.710051583359018e-05, 'ffn_text': 512.898193359375}
[train] step 500 task=txt_cls loss = 2.7064 loss_task = 0.1429 aux_loss = {'attn_mi': -9.929232192007476e-08, 'attn_lb': 4.424608778208494e-05, 'ffn_vision': 512.6049194335938}
[train] step 600 task=vqa loss = -1.7022 loss_task = 2.3312 aux_loss = {'attn_mi': -0.9286370873451233, 'attn_lb': 0.013385452330112457, 'ffn_text': 512.6654052734375, 'ffn_vision': 511.16583251953125}
[train] step 700 task=txt_cls loss = 3.0149 loss_task = 0.4460 aux_loss = {'attn_mi': -9.927043720381334e-08, 'attn_lb': 0.00010458397446200252, 'ffn_vision': 513.5834350585938}
[train] step 800 task=vqa loss = -2.6794 loss_task = 2.8183 aux_loss = {'attn_mi': -1.0666216611862183, 'attn_lb': 0.002482492243871093, 'ffn_text': 512.78515625, 'ffn_vision': 515.949462890625}
[train] step 900 task=vqa loss = -3.7755 loss_task = 3.3757 aux_loss = {'attn_mi': -1.230000615119934, 'attn_lb': 0.0020643691532313824, 'ffn_text': 512.338134765625, 'ffn_vision': 513.3013916015625}
Eval results:
  img_cls: loss = 2.7472, , acc=0.9495
  txt_cls: loss = 2.7887, , acc=0.8853
  vqa: loss = -2.6981, , acc=0.3033
  img_rec: loss = 2.7833, 
  txt_rec: loss = 10.7381, 

===== Epoch 26/100 =====
[train] step 0 task=vqa loss = -1.6387 loss_task = 2.3393 aux_loss = {'attn_mi': -0.9286071062088013, 'attn_lb': 0.013618570752441883, 'ffn_text': 512.7260131835938, 'ffn_vision': 521.6553344726562}
[train] step 100 task=vqa loss = -3.7273 loss_task = 3.0335 aux_loss = {'attn_mi': -1.1910680532455444, 'attn_lb': 0.0014475136995315552, 'ffn_text': 513.043701171875, 'ffn_vision': 514.0372314453125}
[train] step 200 task=txt_rec loss = 2.6168 loss_task = 0.0545 aux_loss = {'attn_mi': -3.97802892848631e-08, 'attn_lb': 3.626993566285819e-05, 'ffn_vision': 512.3992309570312}
[train] step 300 task=img_rec loss = 2.8050 loss_task = 0.2419 aux_loss = {'attn_mi': 0.0, 'attn_lb': 2.539904380682856e-05, 'ffn_text': 512.5736694335938}
[train] step 400 task=txt_cls loss = 2.8965 loss_task = 0.3230 aux_loss = {'attn_mi': -5.945862113776457e-08, 'attn_lb': 3.803287836490199e-05, 'ffn_vision': 514.6253662109375}
[train] step 500 task=txt_cls loss = 2.9012 loss_task = 0.3384 aux_loss = {'attn_mi': -1.791834876030407e-07, 'attn_lb': 5.313666770234704e-05, 'ffn_vision': 512.450927734375}
[train] step 600 task=txt_rec loss = 2.6038 loss_task = 0.0284 aux_loss = {'attn_mi': 0.0, 'attn_lb': 6.247483543120325e-05, 'ffn_vision': 514.9547119140625}
[train] step 700 task=img_rec loss = 2.7779 loss_task = 0.2067 aux_loss = {'attn_mi': -7.915336652786209e-08, 'attn_lb': 7.037067553028464e-05, 'ffn_text': 514.1064453125}
[train] step 800 task=img_rec loss = 2.7797 loss_task = 0.2167 aux_loss = {'attn_mi': 0.0, 'attn_lb': 2.3753265850245953e-05, 'ffn_text': 512.5399169921875}
[train] step 900 task=img_cls loss = 2.6459 loss_task = 0.0831 aux_loss = {'attn_mi': -1.5892487681412604e-07, 'attn_lb': 7.397416629828513e-05, 'ffn_text': 512.4190673828125}
Eval results:
  txt_cls: loss = 2.8310, , acc=0.8793
  img_rec: loss = 2.7910, 
  txt_rec: loss = 10.7177, 
  vqa: loss = -2.8433, , acc=0.3073
  img_cls: loss = 2.7770, , acc=0.9416

===== Epoch 27/100 =====
[train] step 0 task=img_cls loss = 2.7417 loss_task = 0.1800 aux_loss = {'attn_mi': 0.0, 'attn_lb': 2.1305837435647845e-05, 'ffn_text': 512.2965698242188}
[train] step 100 task=img_rec loss = 2.7825 loss_task = 0.2202 aux_loss = {'attn_mi': -1.980475872187526e-08, 'attn_lb': 3.3993535907939076e-05, 'ffn_text': 512.4036865234375}
[train] step 200 task=img_cls loss = 2.6092 loss_task = 0.0462 aux_loss = {'attn_mi': -1.1928182175324764e-07, 'attn_lb': 9.268158464692533e-06, 'ffn_text': 512.5699462890625}
[train] step 300 task=img_rec loss = 2.7835 loss_task = 0.2216 aux_loss = {'attn_mi': -1.192600080912598e-07, 'attn_lb': 2.5753455702215433e-05, 'ffn_text': 512.3294677734375}
[train] step 400 task=txt_cls loss = 2.8662 loss_task = 0.3058 aux_loss = {'attn_mi': -2.58213844972488e-07, 'attn_lb': 3.304283018223941e-05, 'ffn_vision': 512.0157470703125}
[train] step 500 task=vqa loss = -1.5879 loss_task = 2.9531 aux_loss = {'attn_mi': -0.976280152797699, 'attn_lb': 0.008344237692654133, 'ffn_text': 512.32568359375, 'ffn_vision': 515.3499755859375}
[train] step 600 task=txt_cls loss = 2.8601 loss_task = 0.2936 aux_loss = {'attn_mi': -9.956060864624305e-08, 'attn_lb': 0.00013297944678924978, 'ffn_vision': 513.046630859375}
[train] step 700 task=vqa loss = -1.2403 loss_task = 2.7895 aux_loss = {'attn_mi': -0.9286109209060669, 'attn_lb': 0.013144324533641338, 'ffn_text': 512.532958984375, 'ffn_vision': 512.4418334960938}
[train] step 800 task=txt_cls loss = 2.9521 loss_task = 0.3943 aux_loss = {'attn_mi': -9.931882516411861e-08, 'attn_lb': 4.8456451622769237e-05, 'ffn_vision': 511.4637145996094}
[train] step 900 task=txt_cls loss = 2.6927 loss_task = 0.1324 aux_loss = {'attn_mi': -1.3890175409869698e-07, 'attn_lb': 3.9131962694227695e-05, 'ffn_vision': 511.9848327636719}
Eval results:
  img_cls: loss = 2.7517, , acc=0.9531
  img_rec: loss = 2.7824, 
  txt_rec: loss = 10.3813, 
  vqa: loss = -2.8498, , acc=0.2996
  txt_cls: loss = 2.8167, , acc=0.9088

===== Epoch 28/100 =====
[train] step 0 task=vqa loss = -3.1480 loss_task = 2.8111 aux_loss = {'attn_mi': -1.1095036268234253, 'attn_lb': 0.0004636509111151099, 'ffn_text': 512.3414306640625, 'ffn_vision': 513.9196166992188}
[train] step 100 task=txt_cls loss = 2.8675 loss_task = 0.3015 aux_loss = {'attn_mi': -1.389746842050954e-07, 'attn_lb': 3.380871203262359e-05, 'ffn_vision': 513.11767578125}
[train] step 200 task=img_cls loss = 2.6652 loss_task = 0.1024 aux_loss = {'attn_mi': -2.579548947778676e-07, 'attn_lb': 3.0093695386312902e-05, 'ffn_text': 512.5035400390625}
[train] step 300 task=vqa loss = -3.4252 loss_task = 2.9581 aux_loss = {'attn_mi': -1.1509814262390137, 'attn_lb': 8.214928675442934e-05, 'ffn_text': 512.445556640625, 'ffn_vision': 512.6973876953125}
[train] step 400 task=img_cls loss = 2.5930 loss_task = 0.0301 aux_loss = {'attn_mi': -1.988295537103113e-07, 'attn_lb': 4.401699698064476e-05, 'ffn_text': 512.5018310546875}
[train] step 500 task=img_rec loss = 2.7888 loss_task = 0.2155 aux_loss = {'attn_mi': 5.9560221643550904e-08, 'attn_lb': 1.795459320419468e-05, 'ffn_text': 514.617431640625}
[train] step 600 task=img_cls loss = 2.7426 loss_task = 0.1771 aux_loss = {'attn_mi': -7.928285583602701e-08, 'attn_lb': 1.0536139598116279e-05, 'ffn_text': 513.08740234375}
[train] step 700 task=txt_rec loss = 2.5932 loss_task = 0.0244 aux_loss = {'attn_mi': 0.0, 'attn_lb': 3.0177267035469413e-05, 'ffn_vision': 513.688720703125}
[train] step 800 task=txt_cls loss = 2.7132 loss_task = 0.1588 aux_loss = {'attn_mi': -9.933505396020337e-08, 'attn_lb': 3.45029984600842e-05, 'ffn_vision': 510.82440185546875}
[train] step 900 task=img_cls loss = 2.6073 loss_task = 0.0427 aux_loss = {'attn_mi': -1.389081205616094e-07, 'attn_lb': 1.620239345356822e-05, 'ffn_text': 512.8814086914062}
Eval results:
  txt_cls: loss = 2.8635, , acc=0.8860
  img_rec: loss = 2.7970, 
  txt_rec: loss = 10.1974, 
  vqa: loss = -2.8370, , acc=0.3041
  img_cls: loss = 2.8084, , acc=0.9398

===== Epoch 29/100 =====
[train] step 0 task=txt_rec loss = 2.6097 loss_task = 0.0458 aux_loss = {'attn_mi': 0.0, 'attn_lb': 3.275691415183246e-05, 'ffn_vision': 512.7169189453125}
[train] step 100 task=txt_cls loss = 2.8104 loss_task = 0.2511 aux_loss = {'attn_mi': -7.958801973018126e-08, 'attn_lb': 2.6627356419339776e-05, 'ffn_vision': 511.8240051269531}
[train] step 200 task=txt_rec loss = 2.5968 loss_task = 0.0272 aux_loss = {'attn_mi': -9.936756129036439e-08, 'attn_lb': 3.261436359025538e-05, 'ffn_vision': 513.8607177734375}
[train] step 300 task=img_rec loss = 2.7708 loss_task = 0.2096 aux_loss = {'attn_mi': 5.995739371655873e-08, 'attn_lb': 2.469574974384159e-05, 'ffn_text': 512.204345703125}
[train] step 400 task=img_cls loss = 2.6961 loss_task = 0.1343 aux_loss = {'attn_mi': -1.4953371874071308e-10, 'attn_lb': 3.110675606876612e-05, 'ffn_text': 512.29541015625}
[train] step 500 task=img_cls loss = 2.6514 loss_task = 0.0890 aux_loss = {'attn_mi': 0.0, 'attn_lb': 4.416873707668856e-05, 'ffn_text': 512.3908081054688}
[train] step 600 task=img_rec loss = 2.8022 loss_task = 0.2405 aux_loss = {'attn_mi': -1.98914182902854e-08, 'attn_lb': 3.6410841858014464e-05, 'ffn_text': 512.2705688476562}
[train] step 700 task=txt_rec loss = 2.5944 loss_task = 0.0272 aux_loss = {'attn_mi': 0.0, 'attn_lb': 2.683224738575518e-05, 'ffn_vision': 513.3882446289062}
[train] step 800 task=img_rec loss = 2.7601 loss_task = 0.1969 aux_loss = {'attn_mi': 0.0, 'attn_lb': 1.2780590623151511e-05, 'ffn_text': 512.6099853515625}
[train] step 900 task=img_cls loss = 2.5666 loss_task = 0.0049 aux_loss = {'attn_mi': -7.952152714096883e-08, 'attn_lb': 2.7497510018292814e-05, 'ffn_text': 512.2924194335938}
Eval results:
  txt_cls: loss = 2.8362, , acc=0.8848
  vqa: loss = -2.7959, , acc=0.3040
  txt_rec: loss = 10.1054, 
  img_rec: loss = 2.7655, 
  img_cls: loss = 2.7713, , acc=0.9425

===== Epoch 30/100 =====
[train] step 0 task=txt_rec loss = 2.5835 loss_task = 0.0198 aux_loss = {'attn_mi': -7.954409397825657e-08, 'attn_lb': 2.234608109574765e-05, 'ffn_vision': 512.6907958984375}
[train] step 100 task=txt_rec loss = 2.5939 loss_task = 0.0313 aux_loss = {'attn_mi': 0.0, 'attn_lb': 5.334385787136853e-05, 'ffn_vision': 512.4020385742188}
[train] step 200 task=img_cls loss = 2.7450 loss_task = 0.1827 aux_loss = {'attn_mi': -7.977457272545507e-08, 'attn_lb': 2.106435567839071e-05, 'ffn_text': 512.401611328125}
[train] step 300 task=vqa loss = -1.7386 loss_task = 3.2903 aux_loss = {'attn_mi': -1.0222718715667725, 'attn_lb': 0.004842445254325867, 'ffn_text': 512.7996826171875, 'ffn_vision': 516.2772216796875}
[train] step 400 task=img_rec loss = 2.8346 loss_task = 0.2639 aux_loss = {'attn_mi': -1.5810432785201556e-07, 'attn_lb': 0.00031236920040100813, 'ffn_text': 513.5103149414062}
[train] step 500 task=txt_cls loss = 2.9031 loss_task = 0.3352 aux_loss = {'attn_mi': -1.390334887219069e-07, 'attn_lb': 6.35294709354639e-05, 'ffn_vision': 513.4410400390625}
[train] step 600 task=img_rec loss = 2.7941 loss_task = 0.2323 aux_loss = {'attn_mi': -9.926165489559935e-08, 'attn_lb': 3.79912817152217e-05, 'ffn_text': 512.275634765625}
