nohup: ignoring input
Warning: You are sending unauthenticated requests to the HF Hub. Please set a HF_TOKEN to enable higher rate limits and faster downloads.

Loading weights:   0%|          | 0/200 [00:00<?, ?it/s]
Loading weights: 100%|██████████| 200/200 [00:00<00:00, 8008.22it/s]

Loading weights:   0%|          | 0/199 [00:00<?, ?it/s]
Loading weights: 100%|██████████| 199/199 [00:00<00:00, 7323.95it/s]
[transformers] [1mBertModel LOAD REPORT[0m from: bert-base-uncased
Key                                        | Status     |  | 
-------------------------------------------+------------+--+-
cls.predictions.transform.LayerNorm.weight | UNEXPECTED |  | 
cls.seq_relationship.bias                  | UNEXPECTED |  | 
cls.predictions.transform.dense.weight     | UNEXPECTED |  | 
cls.seq_relationship.weight                | UNEXPECTED |  | 
cls.predictions.transform.dense.bias       | UNEXPECTED |  | 
cls.predictions.bias                       | UNEXPECTED |  | 
cls.predictions.transform.LayerNorm.bias   | UNEXPECTED |  | 

Notes:
- UNEXPECTED:	can be ignored when loading from different task/architecture; not ok if you expect identical arch.

===== Epoch 1/50 =====
[train] step 0 task=txt_rec loss=10.5072 loss_task=10.5051 aux_loss={'attn_lb': 2.0913496017456055, 'ffn_mi': 0.0}
[train] step 100 task=img_rec loss=0.2429 loss_task=0.2406 aux_loss={'attn_lb': 2.312424421310425, 'ffn_mi': -2.3841855067985307e-07}
[train] step 200 task=txt_rec loss=7.1994 loss_task=7.1967 aux_loss={'attn_lb': 2.7485857009887695, 'ffn_mi': -2.3841855067985307e-07}
[train] step 300 task=vqa loss=2.4335 loss_task=4.9260 aux_loss={'attn_lb': 2.240542411804199, 'ffn_mi': -1.8557567596435547}
[train] step 400 task=img_cls loss=2.2656 loss_task=2.2636 aux_loss={'attn_lb': 2.0284786224365234, 'ffn_mi': -4.374719964062024e-08}
[train] step 500 task=img_cls loss=2.2684 loss_task=2.2665 aux_loss={'attn_lb': 1.8983129262924194, 'ffn_mi': -3.576278118089249e-07}
[train] step 600 task=txt_rec loss=5.3195 loss_task=5.3176 aux_loss={'attn_lb': 1.9673876762390137, 'ffn_mi': -1.1920928244535389e-07}
[train] step 700 task=vqa loss=0.2848 loss_task=4.4062 aux_loss={'attn_lb': 1.7854334115982056, 'ffn_mi': -2.13276743888855}
[train] step 800 task=vqa loss=0.9246 loss_task=5.0638 aux_loss={'attn_lb': 1.7833669185638428, 'ffn_mi': -2.3016209602355957}
[train] step 900 task=vqa loss=1.6083 loss_task=4.7073 aux_loss={'attn_lb': 1.8156354427337646, 'ffn_mi': -1.952462077140808}
Elapsed: 0h 24m 43s

===== Epoch 2/50 =====
[train] step 0 task=vqa loss=2.5136 loss_task=5.3439 aux_loss={'attn_lb': 1.7804851531982422, 'ffn_mi': -2.0444343090057373}
[train] step 100 task=vqa loss=1.4937 loss_task=4.8339 aux_loss={'attn_lb': 1.7134017944335938, 'ffn_mi': -2.0443856716156006}
[train] step 200 task=txt_rec loss=3.7501 loss_task=3.7483 aux_loss={'attn_lb': 1.761096715927124, 'ffn_mi': -5.152664073193591e-09}
[train] step 300 task=txt_rec loss=3.6552 loss_task=3.6534 aux_loss={'attn_lb': 1.7122390270233154, 'ffn_mi': -1.1920928244535389e-07}
[train] step 400 task=txt_rec loss=3.4299 loss_task=3.4281 aux_loss={'attn_lb': 1.7182344198226929, 'ffn_mi': -4.7683710135970614e-07}
[train] step 500 task=img_rec loss=0.2269 loss_task=0.2252 aux_loss={'attn_lb': 1.7189412117004395, 'ffn_mi': -5.960463909104874e-07}
[train] step 600 task=vqa loss=-2.3050 loss_task=3.6094 aux_loss={'attn_lb': 1.7180665731430054, 'ffn_mi': -2.381810188293457}
[train] step 700 task=vqa loss=-2.4193 loss_task=3.8572 aux_loss={'attn_lb': 1.7549376487731934, 'ffn_mi': -2.534306287765503}
[train] step 800 task=img_cls loss=2.1915 loss_task=2.1898 aux_loss={'attn_lb': 1.736604928970337, 'ffn_mi': -1.2121162740186264e-07}
[train] step 900 task=vqa loss=-0.1464 loss_task=4.0136 aux_loss={'attn_lb': 1.7350645065307617, 'ffn_mi': -2.0442447662353516}
Elapsed: 0h 46m 47s
Eval results:
  txt_cls: loss = 0.6085, , acc=0.6778
  vqa: loss = -0.4909, , acc=0.2543
  img_rec: loss = 0.2432, 
  img_cls: loss = 2.1984, , acc=0.1882
  txt_rec: loss = 8.1547, 

===== Epoch 3/50 =====
[train] step 0 task=vqa loss=-2.1438 loss_task=3.5298 aux_loss={'attn_lb': 1.7278928756713867, 'ffn_mi': -2.301746368408203}
[train] step 100 task=img_cls loss=2.4511 loss_task=2.4493 aux_loss={'attn_lb': 1.804269552230835, 'ffn_mi': 1.1917735776023619e-07}
[train] step 200 task=vqa loss=-0.5735 loss_task=3.6145 aux_loss={'attn_lb': 1.7866387367248535, 'ffn_mi': -1.9515180587768555}
[train] step 300 task=vqa loss=-0.8120 loss_task=3.8579 aux_loss={'attn_lb': 1.7563636302947998, 'ffn_mi': -2.1328372955322266}
[train] step 400 task=vqa loss=-1.0541 loss_task=3.9087 aux_loss={'attn_lb': 1.7356877326965332, 'ffn_mi': -2.2187607288360596}
[train] step 500 task=img_rec loss=0.2706 loss_task=0.2689 aux_loss={'attn_lb': 1.674355149269104, 'ffn_mi': -3.5745111404139607e-07}
[train] step 600 task=img_rec loss=0.2403 loss_task=0.2387 aux_loss={'attn_lb': 1.6723147630691528, 'ffn_mi': -5.222489107836736e-12}
[train] step 700 task=txt_rec loss=1.9708 loss_task=1.9691 aux_loss={'attn_lb': 1.656172752380371, 'ffn_mi': -2.3841855067985307e-07}
[train] step 800 task=img_rec loss=0.2508 loss_task=0.2491 aux_loss={'attn_lb': 1.6625776290893555, 'ffn_mi': -1.1780293363017336e-07}
[train] step 900 task=txt_rec loss=2.0961 loss_task=2.0945 aux_loss={'attn_lb': 1.6475969552993774, 'ffn_mi': 0.0}
Elapsed: 1h 14m 49s

===== Epoch 4/50 =====
[train] step 0 task=vqa loss=-0.6130 loss_task=4.2955 aux_loss={'attn_lb': 1.7703447341918945, 'ffn_mi': -2.3018875122070312}
[train] step 100 task=txt_cls loss=0.5351 loss_task=0.5330 aux_loss={'attn_lb': 2.1045451164245605, 'ffn_mi': -2.3841855067985307e-07}
[train] step 200 task=img_rec loss=0.2279 loss_task=0.2262 aux_loss={'attn_lb': 1.6325294971466064, 'ffn_mi': -1.9825563413178315e-10}
[train] step 300 task=img_rec loss=0.2645 loss_task=0.2628 aux_loss={'attn_lb': 1.6387815475463867, 'ffn_mi': -2.3841855067985307e-07}
[train] step 400 task=vqa loss=-2.0759 loss_task=3.3983 aux_loss={'attn_lb': 1.6847059726715088, 'ffn_mi': -2.2189505100250244}
[train] step 500 task=txt_rec loss=1.6960 loss_task=1.6944 aux_loss={'attn_lb': 1.6503455638885498, 'ffn_mi': -1.1920928244535389e-07}
[train] step 600 task=img_rec loss=0.2468 loss_task=0.2452 aux_loss={'attn_lb': 1.6216014623641968, 'ffn_mi': -2.384233539487468e-07}
[train] step 700 task=txt_cls loss=0.5619 loss_task=0.5600 aux_loss={'attn_lb': 1.906163215637207, 'ffn_mi': -5.960463909104874e-07}
[train] step 800 task=vqa loss=-1.2260 loss_task=3.9881 aux_loss={'attn_lb': 1.7744581699371338, 'ffn_mi': -2.3014376163482666}
[train] step 900 task=txt_rec loss=1.3112 loss_task=1.3096 aux_loss={'attn_lb': 1.6342673301696777, 'ffn_mi': 0.0}
Elapsed: 1h 37m 7s
Eval results:
  txt_cls: loss = 0.4221, , acc=0.8112
  img_cls: loss = 1.5262, , acc=0.5455
  img_rec: loss = 0.2376, 
  vqa: loss = -0.8237, , acc=0.2602
  txt_rec: loss = 7.2826, 

===== Epoch 5/50 =====
[train] step 0 task=img_cls loss=1.5080 loss_task=1.5063 aux_loss={'attn_lb': 1.6880145072937012, 'ffn_mi': -2.3841855067985307e-07}
[train] step 100 task=img_cls loss=1.7728 loss_task=1.7712 aux_loss={'attn_lb': 1.6806055307388306, 'ffn_mi': 0.0}
[train] step 200 task=txt_rec loss=1.3412 loss_task=1.3395 aux_loss={'attn_lb': 1.6510796546936035, 'ffn_mi': -1.1920927533992653e-07}
[train] step 300 task=img_rec loss=0.2645 loss_task=0.2629 aux_loss={'attn_lb': 1.625011682510376, 'ffn_mi': -3.576287781470455e-07}
[train] step 400 task=txt_rec loss=1.3155 loss_task=1.3139 aux_loss={'attn_lb': 1.6404060125350952, 'ffn_mi': -1.1920927533992653e-07}
[train] step 500 task=vqa loss=-2.5350 loss_task=2.9973 aux_loss={'attn_lb': 1.6994365453720093, 'ffn_mi': -2.133241891860962}
[train] step 600 task=txt_rec loss=1.2904 loss_task=1.2887 aux_loss={'attn_lb': 1.6361721754074097, 'ffn_mi': 0.0}
[train] step 700 task=txt_cls loss=0.6077 loss_task=0.6057 aux_loss={'attn_lb': 1.996252417564392, 'ffn_mi': -2.467750448431616e-09}
[train] step 800 task=img_rec loss=0.2187 loss_task=0.2170 aux_loss={'attn_lb': 1.619983196258545, 'ffn_mi': -2.3841855067985307e-07}
[train] step 900 task=vqa loss=0.7434 loss_task=4.2754 aux_loss={'attn_lb': 1.6679550409317017, 'ffn_mi': -1.9526793956756592}
Elapsed: 2h 4m 5s

===== Epoch 6/50 =====
[train] step 0 task=img_rec loss=0.2616 loss_task=0.2600 aux_loss={'attn_lb': 1.6190221309661865, 'ffn_mi': -3.577927145670401e-07}
[train] step 100 task=vqa loss=-0.5348 loss_task=3.8202 aux_loss={'attn_lb': 1.6666728258132935, 'ffn_mi': -2.0446054935455322}
[train] step 200 task=vqa loss=-1.4702 loss_task=3.8672 aux_loss={'attn_lb': 1.6716545820236206, 'ffn_mi': -2.301992177963257}
[train] step 300 task=img_rec loss=0.2340 loss_task=0.2323 aux_loss={'attn_lb': 1.654176950454712, 'ffn_mi': -2.3841855067985307e-07}
[train] step 400 task=vqa loss=-2.6616 loss_task=3.1056 aux_loss={'attn_lb': 1.6776143312454224, 'ffn_mi': -2.21903133392334}
[train] step 500 task=img_rec loss=0.2416 loss_task=0.2400 aux_loss={'attn_lb': 1.6231111288070679, 'ffn_mi': -1.1929574839086854e-07}
[train] step 600 task=txt_cls loss=0.4926 loss_task=0.4907 aux_loss={'attn_lb': 1.9537763595581055, 'ffn_mi': -2.3841855067985307e-07}
[train] step 700 task=vqa loss=-0.0730 loss_task=4.2285 aux_loss={'attn_lb': 1.6887016296386719, 'ffn_mi': -2.133349895477295}
[train] step 800 task=img_rec loss=0.2310 loss_task=0.2294 aux_loss={'attn_lb': 1.6165151596069336, 'ffn_mi': 1.1883197714723792e-07}
[train] step 900 task=vqa loss=-2.1878 loss_task=3.6689 aux_loss={'attn_lb': 1.6746807098388672, 'ffn_mi': -2.382254123687744}
Elapsed: 2h 27m 14s
Eval results:
  txt_rec: loss = 7.0108, 
  txt_cls: loss = 0.4088, , acc=0.8124
  img_cls: loss = 0.4473, , acc=0.8698
  vqa: loss = -0.9409, , acc=0.2468
  img_rec: loss = 0.2335, 

===== Epoch 7/50 =====
[train] step 0 task=vqa loss=-1.8480 loss_task=3.1635 aux_loss={'attn_lb': 1.6465961933135986, 'ffn_mi': -2.0445852279663086}
[train] step 100 task=txt_cls loss=0.3426 loss_task=0.3406 aux_loss={'attn_lb': 2.0180320739746094, 'ffn_mi': 0.0}
[train] step 200 task=img_rec loss=0.2310 loss_task=0.2294 aux_loss={'attn_lb': 1.628800868988037, 'ffn_mi': -1.1919776454760722e-07}
[train] step 300 task=img_rec loss=0.1997 loss_task=0.1981 aux_loss={'attn_lb': 1.6335177421569824, 'ffn_mi': -3.5762639072345337e-07}
[train] step 400 task=txt_cls loss=0.3213 loss_task=0.3194 aux_loss={'attn_lb': 1.904891014099121, 'ffn_mi': 1.1984965908595768e-07}
[train] step 500 task=vqa loss=-3.6549 loss_task=3.0911 aux_loss={'attn_lb': 1.6611599922180176, 'ffn_mi': -2.4601056575775146}
[train] step 600 task=img_rec loss=0.2514 loss_task=0.2498 aux_loss={'attn_lb': 1.6588715314865112, 'ffn_mi': -3.576912206426641e-07}
[train] step 700 task=vqa loss=-1.8381 loss_task=3.1686 aux_loss={'attn_lb': 1.6491554975509644, 'ffn_mi': -2.044630527496338}
[train] step 800 task=txt_rec loss=0.5311 loss_task=0.5295 aux_loss={'attn_lb': 1.6508227586746216, 'ffn_mi': 1.2583706165969488e-07}
[train] step 900 task=vqa loss=-1.6481 loss_task=3.0796 aux_loss={'attn_lb': 1.6826871633529663, 'ffn_mi': -1.9526817798614502}
Elapsed: 2h 55m 46s

===== Epoch 8/50 =====
[train] step 0 task=vqa loss=-3.0161 loss_task=2.9285 aux_loss={'attn_lb': 1.6619555950164795, 'ffn_mi': -2.219139575958252}
[train] step 100 task=txt_cls loss=0.5003 loss_task=0.4984 aux_loss={'attn_lb': 1.8892103433609009, 'ffn_mi': 2.3995289666345343e-07}
[train] step 200 task=img_rec loss=0.2383 loss_task=0.2367 aux_loss={'attn_lb': 1.6501930952072144, 'ffn_mi': -1.1920678844035137e-07}
[train] step 300 task=img_rec loss=0.2308 loss_task=0.2291 aux_loss={'attn_lb': 1.6430124044418335, 'ffn_mi': -5.684341886080801e-13}
[train] step 400 task=vqa loss=-3.0123 loss_task=2.9304 aux_loss={'attn_lb': 1.6891645193099976, 'ffn_mi': -2.2191293239593506}
[train] step 500 task=vqa loss=-2.0847 loss_task=3.0450 aux_loss={'attn_lb': 1.7085967063903809, 'ffn_mi': -2.0445287227630615}
[train] step 600 task=vqa loss=-2.7473 loss_task=2.8914 aux_loss={'attn_lb': 1.7761706113815308, 'ffn_mi': -2.1334035396575928}
[train] step 700 task=img_rec loss=0.1988 loss_task=0.1972 aux_loss={'attn_lb': 1.6304153203964233, 'ffn_mi': -3.5763039818448306e-07}
[train] step 800 task=vqa loss=-2.8160 loss_task=3.5106 aux_loss={'attn_lb': 1.7005921602249146, 'ffn_mi': -2.4601213932037354}
[train] step 900 task=txt_rec loss=0.3323 loss_task=0.3306 aux_loss={'attn_lb': 1.6281975507736206, 'ffn_mi': 0.0}
Elapsed: 3h 17m 42s
Eval results:
  txt_rec: loss = 6.9420, 
  txt_cls: loss = 0.3168, , acc=0.8788
  img_rec: loss = 0.2250, 
  vqa: loss = -1.0895, , acc=0.2521
  img_cls: loss = 0.7014, , acc=0.7879

===== Epoch 9/50 =====
[train] step 0 task=vqa loss=-3.4201 loss_task=2.7265 aux_loss={'attn_lb': 1.7184815406799316, 'ffn_mi': -2.2191522121429443}
[train] step 100 task=img_cls loss=0.3663 loss_task=0.3645 aux_loss={'attn_lb': 1.7827473878860474, 'ffn_mi': -2.3841855067985307e-07}
[train] step 200 task=vqa loss=-3.8060 loss_task=3.1661 aux_loss={'attn_lb': 1.7059690952301025, 'ffn_mi': -2.5354154109954834}
[train] step 300 task=txt_cls loss=0.3366 loss_task=0.3348 aux_loss={'attn_lb': 1.817462682723999, 'ffn_mi': -3.576278118089249e-07}
[train] step 400 task=img_rec loss=0.2289 loss_task=0.2272 aux_loss={'attn_lb': 1.655596137046814, 'ffn_mi': -7.152556804612686e-07}
[train] step 500 task=txt_rec loss=0.3745 loss_task=0.3729 aux_loss={'attn_lb': 1.6486775875091553, 'ffn_mi': 0.0}
[train] step 600 task=txt_rec loss=0.4772 loss_task=0.4756 aux_loss={'attn_lb': 1.646462321281433, 'ffn_mi': 0.0}
[train] step 700 task=txt_cls loss=0.2771 loss_task=0.2753 aux_loss={'attn_lb': 1.809499740600586, 'ffn_mi': 3.831985395663651e-09}
[train] step 800 task=vqa loss=-2.0680 loss_task=2.8698 aux_loss={'attn_lb': 1.663769006729126, 'ffn_mi': -1.9527273178100586}
[train] step 900 task=vqa loss=-0.3437 loss_task=3.7317 aux_loss={'attn_lb': 1.6970080137252808, 'ffn_mi': -1.95262610912323}
Elapsed: 3h 44m 16s

===== Epoch 10/50 =====
[train] step 0 task=txt_rec loss=0.3106 loss_task=0.3090 aux_loss={'attn_lb': 1.6519924402236938, 'ffn_mi': -1.1920927533992653e-07}
[train] step 100 task=txt_rec loss=0.3371 loss_task=0.3355 aux_loss={'attn_lb': 1.6394070386886597, 'ffn_mi': -1.1920928244535389e-07}
[train] step 200 task=img_rec loss=0.2246 loss_task=0.2229 aux_loss={'attn_lb': 1.7070403099060059, 'ffn_mi': 1.4281908988778014e-11}
[train] step 300 task=vqa loss=-1.7865 loss_task=3.7092 aux_loss={'attn_lb': 1.6947424411773682, 'ffn_mi': -2.302084445953369}
[train] step 400 task=vqa loss=-3.8036 loss_task=3.3137 aux_loss={'attn_lb': 1.7663347721099854, 'ffn_mi': -2.6086535453796387}
[train] step 500 task=vqa loss=-3.0992 loss_task=3.0528 aux_loss={'attn_lb': 1.8037009239196777, 'ffn_mi': -2.302093505859375}
[train] step 600 task=img_cls loss=1.0079 loss_task=1.0062 aux_loss={'attn_lb': 1.707263708114624, 'ffn_mi': -1.1924520038064657e-07}
[train] step 700 task=img_cls loss=0.7967 loss_task=0.7950 aux_loss={'attn_lb': 1.7385334968566895, 'ffn_mi': -1.192185976606197e-07}
[train] step 800 task=vqa loss=-0.9518 loss_task=3.6116 aux_loss={'attn_lb': 1.7596490383148193, 'ffn_mi': -2.044656991958618}
[train] step 900 task=vqa loss=-3.8663 loss_task=2.8298 aux_loss={'attn_lb': 1.7615833282470703, 'ffn_mi': -2.382352828979492}
Elapsed: 4h 6m 37s
Eval results:
  img_cls: loss = 0.3630, , acc=0.8965
  txt_rec: loss = 6.7681, 
  img_rec: loss = 0.2456, 
  txt_cls: loss = 0.3795, , acc=0.8562
  vqa: loss = -1.1852, , acc=0.2697

===== Epoch 11/50 =====
[train] step 0 task=txt_rec loss=0.2337 loss_task=0.2320 aux_loss={'attn_lb': 1.6449534893035889, 'ffn_mi': -1.1920928244535389e-07}
[train] step 100 task=txt_cls loss=0.3696 loss_task=0.3677 aux_loss={'attn_lb': 1.8617863655090332, 'ffn_mi': -1.1920926823449918e-07}
[train] step 200 task=vqa loss=-3.0179 loss_task=2.9275 aux_loss={'attn_lb': 1.8212729692459106, 'ffn_mi': -2.2191545963287354}
[train] step 300 task=txt_rec loss=0.1990 loss_task=0.1973 aux_loss={'attn_lb': 1.6844419240951538, 'ffn_mi': -1.1920927533992653e-07}
[train] step 400 task=img_rec loss=0.2561 loss_task=0.2545 aux_loss={'attn_lb': 1.6479971408843994, 'ffn_mi': 1.192124159388186e-07}
[train] step 500 task=txt_rec loss=0.3326 loss_task=0.3309 aux_loss={'attn_lb': 1.656996726989746, 'ffn_mi': 0.0}
[train] step 600 task=txt_rec loss=0.3539 loss_task=0.3522 aux_loss={'attn_lb': 1.649953007698059, 'ffn_mi': -2.3841855067985307e-07}
[train] step 700 task=img_cls loss=0.1642 loss_task=0.1625 aux_loss={'attn_lb': 1.737123966217041, 'ffn_mi': 1.7627144188736565e-10}
[train] step 800 task=vqa loss=-2.7993 loss_task=3.0368 aux_loss={'attn_lb': 1.9271762371063232, 'ffn_mi': -2.219162702560425}
[train] step 900 task=txt_rec loss=0.2709 loss_task=0.2693 aux_loss={'attn_lb': 1.6297954320907593, 'ffn_mi': -1.1920927533992653e-07}
Elapsed: 4h 32m 16s

===== Epoch 12/50 =====
[train] step 0 task=vqa loss=-2.0196 loss_task=3.0775 aux_loss={'attn_lb': 2.0128555297851562, 'ffn_mi': -2.044661283493042}
[train] step 100 task=vqa loss=-3.5950 loss_task=2.4672 aux_loss={'attn_lb': 2.1319103240966797, 'ffn_mi': -2.1333913803100586}
[train] step 200 task=txt_rec loss=0.2649 loss_task=0.2633 aux_loss={'attn_lb': 1.6363495588302612, 'ffn_mi': -2.3841855067985307e-07}
[train] step 300 task=vqa loss=-3.5289 loss_task=3.1538 aux_loss={'attn_lb': 2.0078537464141846, 'ffn_mi': -2.4601361751556396}
[train] step 400 task=txt_cls loss=0.4161 loss_task=0.4142 aux_loss={'attn_lb': 1.9285372495651245, 'ffn_mi': -1.1920927533992653e-07}
[train] step 500 task=img_cls loss=0.2231 loss_task=0.2214 aux_loss={'attn_lb': 1.6868757009506226, 'ffn_mi': 0.0}
[train] step 600 task=img_rec loss=0.2150 loss_task=0.2133 aux_loss={'attn_lb': 1.6446298360824585, 'ffn_mi': 1.1921477494070132e-07}
[train] step 700 task=img_cls loss=0.1762 loss_task=0.1745 aux_loss={'attn_lb': 1.6923381090164185, 'ffn_mi': -3.575728442228865e-07}
[train] step 800 task=img_rec loss=0.2062 loss_task=0.2046 aux_loss={'attn_lb': 1.6280657052993774, 'ffn_mi': -4.7683710135970614e-07}
[train] step 900 task=vqa loss=-4.8048 loss_task=2.1994 aux_loss={'attn_lb': 2.186300754547119, 'ffn_mi': -2.3020036220550537}
Elapsed: 4h 54m 44s
Eval results:
  txt_cls: loss = 0.3212, , acc=0.8752
  vqa: loss = -1.3142, , acc=0.2780
  img_cls: loss = 0.6428, , acc=0.8202
  img_rec: loss = 0.2277, 
  txt_rec: loss = 6.8934, 

===== Epoch 13/50 =====
[train] step 0 task=img_cls loss=0.6009 loss_task=0.5992 aux_loss={'attn_lb': 1.6879570484161377, 'ffn_mi': -6.132694352345425e-11}
[train] step 100 task=img_cls loss=1.1866 loss_task=1.1849 aux_loss={'attn_lb': 1.6801815032958984, 'ffn_mi': -2.384184938364342e-07}
[train] step 200 task=vqa loss=-2.9768 loss_task=2.7761 aux_loss={'attn_lb': 2.2744600772857666, 'ffn_mi': -2.1333937644958496}
[train] step 300 task=img_rec loss=0.2283 loss_task=0.2267 aux_loss={'attn_lb': 1.6346592903137207, 'ffn_mi': 1.1912027275684522e-07}
[train] step 400 task=vqa loss=-1.0942 loss_task=3.3562 aux_loss={'attn_lb': 2.223918914794922, 'ffn_mi': -1.952744722366333}
[train] step 500 task=vqa loss=-2.9977 loss_task=3.1030 aux_loss={'attn_lb': 2.3486433029174805, 'ffn_mi': -2.3020853996276855}
[train] step 600 task=txt_cls loss=0.3141 loss_task=0.3123 aux_loss={'attn_lb': 1.8271827697753906, 'ffn_mi': -3.576278118089249e-07}
[train] step 700 task=txt_cls loss=0.3321 loss_task=0.3302 aux_loss={'attn_lb': 1.8609073162078857, 'ffn_mi': -1.5721671786650404e-07}
[train] step 800 task=vqa loss=-3.7368 loss_task=2.5674 aux_loss={'attn_lb': 2.4440462589263916, 'ffn_mi': -2.219120979309082}
[train] step 900 task=txt_rec loss=0.1849 loss_task=0.1832 aux_loss={'attn_lb': 1.6331480741500854, 'ffn_mi': 0.0}
Elapsed: 5h 21m 39s

===== Epoch 14/50 =====
[train] step 0 task=vqa loss=-0.9807 loss_task=3.0240 aux_loss={'attn_lb': 2.3885457515716553, 'ffn_mi': -1.7583703994750977}
[train] step 100 task=txt_rec loss=0.1415 loss_task=0.1398 aux_loss={'attn_lb': 1.6524853706359863, 'ffn_mi': -1.1920927533992653e-07}
[train] step 200 task=img_rec loss=0.2214 loss_task=0.2198 aux_loss={'attn_lb': 1.6226751804351807, 'ffn_mi': -2.384995241300203e-07}
[train] step 300 task=txt_rec loss=0.1477 loss_task=0.1460 aux_loss={'attn_lb': 1.6498792171478271, 'ffn_mi': 0.0}
[train] step 400 task=vqa loss=-1.2672 loss_task=3.2695 aux_loss={'attn_lb': 2.3822505474090576, 'ffn_mi': -1.9527218341827393}
[train] step 500 task=vqa loss=-3.6809 loss_task=2.5955 aux_loss={'attn_lb': 2.3249902725219727, 'ffn_mi': -2.2191662788391113}
[train] step 600 task=vqa loss=-2.4180 loss_task=3.3929 aux_loss={'attn_lb': 2.2684288024902344, 'ffn_mi': -2.3020761013031006}
[train] step 700 task=img_cls loss=0.2879 loss_task=0.2862 aux_loss={'attn_lb': 1.699249267578125, 'ffn_mi': -1.1920927533992653e-07}
[train] step 800 task=vqa loss=-2.6750 loss_task=2.9270 aux_loss={'attn_lb': 2.3496267795562744, 'ffn_mi': -2.133397340774536}
[train] step 900 task=img_cls loss=0.1900 loss_task=0.1883 aux_loss={'attn_lb': 1.7099404335021973, 'ffn_mi': -2.7192470497539034e-11}
Elapsed: 5h 44m 10s
Eval results:
  txt_rec: loss = 6.7428, 
  txt_cls: loss = 0.3243, , acc=0.8726
  vqa: loss = -1.4012, , acc=0.2796
  img_cls: loss = 0.1879, , acc=0.9476
  img_rec: loss = 0.2361, 

===== Epoch 15/50 =====
[train] step 0 task=vqa loss=-2.4102 loss_task=2.5073 aux_loss={'attn_lb': 2.357862949371338, 'ffn_mi': -1.8573929071426392}
[train] step 100 task=vqa loss=-6.0546 loss_task=2.1878 aux_loss={'attn_lb': 2.2367923259735107, 'ffn_mi': -2.6086411476135254}
[train] step 200 task=img_rec loss=0.2262 loss_task=0.2245 aux_loss={'attn_lb': 1.6454966068267822, 'ffn_mi': 4.263256414560601e-14}
[train] step 300 task=vqa loss=-4.1853 loss_task=2.6696 aux_loss={'attn_lb': 2.3832366466522217, 'ffn_mi': -2.3823037147521973}
[train] step 400 task=vqa loss=-2.7719 loss_task=3.5318 aux_loss={'attn_lb': 2.3909120559692383, 'ffn_mi': -2.460089921951294}
[train] step 500 task=txt_rec loss=0.1096 loss_task=0.1079 aux_loss={'attn_lb': 1.6430323123931885, 'ffn_mi': -1.1920928244535389e-07}
[train] step 600 task=img_rec loss=0.2155 loss_task=0.2138 aux_loss={'attn_lb': 1.6451544761657715, 'ffn_mi': -1.192425145291054e-07}
[train] step 700 task=vqa loss=-3.1253 loss_task=2.7018 aux_loss={'attn_lb': 2.368117332458496, 'ffn_mi': -2.1334073543548584}
[train] step 800 task=vqa loss=-0.5727 loss_task=3.4260 aux_loss={'attn_lb': 2.4147286415100098, 'ffn_mi': -1.8573883771896362}
[train] step 900 task=img_rec loss=0.2539 loss_task=0.2522 aux_loss={'attn_lb': 1.71133291721344, 'ffn_mi': -3.579579015422496e-07}
Elapsed: 6h 11m 46s

===== Epoch 16/50 =====
[train] step 0 task=vqa loss=-1.9380 loss_task=2.9339 aux_loss={'attn_lb': 2.4951393604278564, 'ffn_mi': -1.952716588973999}
[train] step 100 task=img_rec loss=0.2486 loss_task=0.2469 aux_loss={'attn_lb': 1.697014570236206, 'ffn_mi': 4.263256414560601e-14}
[train] step 200 task=txt_rec loss=0.1103 loss_task=0.1086 aux_loss={'attn_lb': 1.658435344696045, 'ffn_mi': 0.0}
[train] step 300 task=img_cls loss=0.5017 loss_task=0.5000 aux_loss={'attn_lb': 1.7014718055725098, 'ffn_mi': -2.384510935371509e-07}
[train] step 400 task=txt_rec loss=0.1333 loss_task=0.1316 aux_loss={'attn_lb': 1.7163383960723877, 'ffn_mi': 0.0}
[train] step 500 task=txt_rec loss=0.1347 loss_task=0.1331 aux_loss={'attn_lb': 1.6512045860290527, 'ffn_mi': -2.3841855067985307e-07}
[train] step 600 task=txt_cls loss=0.3954 loss_task=0.3936 aux_loss={'attn_lb': 1.763229489326477, 'ffn_mi': -2.3841855067985307e-07}
[train] step 700 task=txt_rec loss=0.1046 loss_task=0.1030 aux_loss={'attn_lb': 1.6307028532028198, 'ffn_mi': 0.0}
[train] step 800 task=vqa loss=-3.0444 loss_task=2.9137 aux_loss={'attn_lb': 2.3908684253692627, 'ffn_mi': -2.2191646099090576}
[train] step 900 task=img_rec loss=0.2484 loss_task=0.2467 aux_loss={'attn_lb': 1.681488037109375, 'ffn_mi': 1.1920542419829872e-07}
Elapsed: 6h 34m 44s
Eval results:
  vqa: loss = -1.5582, , acc=0.2911
  img_rec: loss = 0.2275, 
  img_cls: loss = 0.5679, , acc=0.8031
  txt_cls: loss = 0.4809, , acc=0.8239
  txt_rec: loss = 6.8994, 

===== Epoch 17/50 =====
[train] step 0 task=txt_rec loss=0.1576 loss_task=0.1559 aux_loss={'attn_lb': 1.6480759382247925, 'ffn_mi': -1.1920927533992653e-07}
[train] step 100 task=txt_cls loss=0.2191 loss_task=0.2173 aux_loss={'attn_lb': 1.7875282764434814, 'ffn_mi': -2.3841855067985307e-07}
[train] step 200 task=vqa loss=-3.9745 loss_task=1.9159 aux_loss={'attn_lb': 2.3104312419891357, 'ffn_mi': -1.9527500867843628}
[train] step 300 task=img_rec loss=0.2434 loss_task=0.2418 aux_loss={'attn_lb': 1.6408650875091553, 'ffn_mi': 1.192152296880522e-07}
[train] step 400 task=img_rec loss=0.2198 loss_task=0.2179 aux_loss={'attn_lb': 1.8281383514404297, 'ffn_mi': -2.3858689246480935e-07}
[train] step 500 task=vqa loss=-2.9958 loss_task=3.1039 aux_loss={'attn_lb': 2.3523917198181152, 'ffn_mi': -2.302093982696533}
[train] step 600 task=img_rec loss=0.2815 loss_task=0.2798 aux_loss={'attn_lb': 1.7218314409255981, 'ffn_mi': -2.3841855067985307e-07}
[train] step 700 task=vqa loss=-3.2648 loss_task=2.6321 aux_loss={'attn_lb': 2.305924415588379, 'ffn_mi': -2.1334147453308105}
[train] step 800 task=txt_cls loss=0.3203 loss_task=0.3185 aux_loss={'attn_lb': 1.7569254636764526, 'ffn_mi': 5.499174449141719e-10}
[train] step 900 task=txt_rec loss=0.0737 loss_task=0.0721 aux_loss={'attn_lb': 1.6413803100585938, 'ffn_mi': 1.1422231693813956e-07}
Elapsed: 7h 1m 13s

===== Epoch 18/50 =====
[train] step 0 task=vqa loss=-2.9561 loss_task=2.6089 aux_loss={'attn_lb': 2.431159019470215, 'ffn_mi': -2.044678211212158}
[train] step 100 task=txt_rec loss=0.0859 loss_task=0.0843 aux_loss={'attn_lb': 1.6473604440689087, 'ffn_mi': 0.0}
[train] step 200 task=txt_rec loss=0.0843 loss_task=0.0827 aux_loss={'attn_lb': 1.6546376943588257, 'ffn_mi': -2.3841855067985307e-07}
[train] step 300 task=vqa loss=-3.7591 loss_task=2.5564 aux_loss={'attn_lb': 2.3687710762023926, 'ffn_mi': -2.219154119491577}
[train] step 400 task=img_cls loss=2.1089 loss_task=2.1072 aux_loss={'attn_lb': 1.712738275527954, 'ffn_mi': 1.1914697495285509e-07}
[train] step 500 task=vqa loss=-3.1625 loss_task=2.6831 aux_loss={'attn_lb': 2.4436564445495605, 'ffn_mi': -2.133409023284912}
[train] step 600 task=img_cls loss=0.5557 loss_task=0.5539 aux_loss={'attn_lb': 1.7428185939788818, 'ffn_mi': -4.7683710135970614e-07}
[train] step 700 task=txt_rec loss=0.0872 loss_task=0.0855 aux_loss={'attn_lb': 1.6716735363006592, 'ffn_mi': -1.1920927533992653e-07}
[train] step 800 task=txt_rec loss=0.0816 loss_task=0.0799 aux_loss={'attn_lb': 1.6289544105529785, 'ffn_mi': -1.1920927533992653e-07}
[train] step 900 task=vqa loss=-3.1934 loss_task=2.4904 aux_loss={'attn_lb': 2.3041906356811523, 'ffn_mi': -2.0446696281433105}
Elapsed: 7h 23m 31s
Eval results:
  txt_cls: loss = 0.3523, , acc=0.8627
  vqa: loss = -1.6605, , acc=0.3042
  txt_rec: loss = 6.7768, 
  img_cls: loss = 0.2836, , acc=0.9167
  img_rec: loss = 0.2373, 

===== Epoch 19/50 =====
[train] step 0 task=vqa loss=-2.7411 loss_task=2.7164 aux_loss={'attn_lb': 2.378199338912964, 'ffn_mi': -2.0446598529815674}
[train] step 100 task=img_rec loss=0.2376 loss_task=0.2360 aux_loss={'attn_lb': 1.6614636182785034, 'ffn_mi': 1.193500338558806e-07}
[train] step 200 task=img_rec loss=0.2375 loss_task=0.2358 aux_loss={'attn_lb': 1.6930946111679077, 'ffn_mi': -6.130917995506024e-10}
[train] step 300 task=txt_rec loss=0.0499 loss_task=0.0482 aux_loss={'attn_lb': 1.6434539556503296, 'ffn_mi': 0.0}
[train] step 400 task=vqa loss=-3.4424 loss_task=2.8805 aux_loss={'attn_lb': 2.4598889350891113, 'ffn_mi': -2.302095890045166}
[train] step 500 task=txt_rec loss=0.0734 loss_task=0.0718 aux_loss={'attn_lb': 1.6432557106018066, 'ffn_mi': -2.3841855067985307e-07}
[train] step 600 task=img_rec loss=0.2105 loss_task=0.2088 aux_loss={'attn_lb': 1.6587557792663574, 'ffn_mi': -3.576278118089249e-07}
[train] step 700 task=img_rec loss=0.2069 loss_task=0.2053 aux_loss={'attn_lb': 1.645940899848938, 'ffn_mi': -3.576278118089249e-07}
[train] step 800 task=vqa loss=-2.2872 loss_task=3.2923 aux_loss={'attn_lb': 2.4136903285980225, 'ffn_mi': -2.2191543579101562}
[train] step 900 task=img_rec loss=0.2126 loss_task=0.2110 aux_loss={'attn_lb': 1.6401175260543823, 'ffn_mi': 1.1916900888309101e-07}
Elapsed: 7h 50m 31s

===== Epoch 20/50 =====
[train] step 0 task=img_rec loss=0.1880 loss_task=0.1864 aux_loss={'attn_lb': 1.6331239938735962, 'ffn_mi': 3.5502023365552304e-07}
[train] step 100 task=txt_rec loss=0.0595 loss_task=0.0579 aux_loss={'attn_lb': 1.6572299003601074, 'ffn_mi': -2.3841855067985307e-07}
[train] step 200 task=txt_rec loss=0.0526 loss_task=0.0509 aux_loss={'attn_lb': 1.668536901473999, 'ffn_mi': -1.2191163989427878e-07}
[train] step 300 task=img_rec loss=0.2450 loss_task=0.2433 aux_loss={'attn_lb': 1.6519911289215088, 'ffn_mi': -2.3841855067985307e-07}
[train] step 400 task=vqa loss=-3.1635 loss_task=2.8542 aux_loss={'attn_lb': 2.344240427017212, 'ffn_mi': -2.219158887863159}
[train] step 500 task=txt_rec loss=0.0763 loss_task=0.0747 aux_loss={'attn_lb': 1.6676002740859985, 'ffn_mi': -3.576278118089249e-07}
[train] step 600 task=txt_rec loss=0.0837 loss_task=0.0821 aux_loss={'attn_lb': 1.6437592506408691, 'ffn_mi': -1.1920927533992653e-07}
[train] step 700 task=img_rec loss=0.2101 loss_task=0.2085 aux_loss={'attn_lb': 1.6314103603363037, 'ffn_mi': -2.3841855067985307e-07}
[train] step 800 task=vqa loss=-3.1362 loss_task=2.5188 aux_loss={'attn_lb': 2.4239768981933594, 'ffn_mi': -2.0446696281433105}
[train] step 900 task=img_rec loss=0.2008 loss_task=0.1992 aux_loss={'attn_lb': 1.6530559062957764, 'ffn_mi': -1.2175365782240988e-07}
Elapsed: 8h 13m 11s
Eval results:
  vqa: loss = -1.7385, , acc=0.2976
  txt_rec: loss = 7.0141, 
  img_cls: loss = 0.1912, , acc=0.9418
  txt_cls: loss = 0.5824, , acc=0.7637
  img_rec: loss = 0.1986, 

===== Epoch 21/50 =====
[train] step 0 task=img_rec loss=0.2113 loss_task=0.2097 aux_loss={'attn_lb': 1.6429765224456787, 'ffn_mi': -1.1920923270736239e-07}
[train] step 100 task=txt_rec loss=0.0786 loss_task=0.0769 aux_loss={'attn_lb': 1.647691011428833, 'ffn_mi': 1.249020868954176e-07}
[train] step 200 task=vqa loss=-2.8062 loss_task=2.8614 aux_loss={'attn_lb': 2.376807451248169, 'ffn_mi': -2.1334147453308105}
[train] step 300 task=vqa loss=-3.3606 loss_task=2.4067 aux_loss={'attn_lb': 2.3749687671661377, 'ffn_mi': -2.0446722507476807}
[train] step 400 task=img_rec loss=0.2322 loss_task=0.2305 aux_loss={'attn_lb': 1.6763108968734741, 'ffn_mi': -1.1920927533992653e-07}
[train] step 500 task=txt_rec loss=0.0837 loss_task=0.0820 aux_loss={'attn_lb': 1.647590160369873, 'ffn_mi': -2.3841855067985307e-07}
[train] step 600 task=txt_rec loss=0.0616 loss_task=0.0600 aux_loss={'attn_lb': 1.6392168998718262, 'ffn_mi': -2.3841855067985307e-07}
[train] step 700 task=img_rec loss=0.2119 loss_task=0.2103 aux_loss={'attn_lb': 1.6355959177017212, 'ffn_mi': -4.7683710135970614e-07}
[train] step 800 task=vqa loss=-4.0553 loss_task=2.4082 aux_loss={'attn_lb': 2.399411201477051, 'ffn_mi': -2.219113349914551}
[train] step 900 task=vqa loss=-4.1462 loss_task=2.8447 aux_loss={'attn_lb': 2.505138874053955, 'ffn_mi': -2.460141658782959}
Elapsed: 8h 39m 37s

===== Epoch 22/50 =====
[train] step 0 task=img_rec loss=0.2578 loss_task=0.2562 aux_loss={'attn_lb': 1.657583236694336, 'ffn_mi': 1.1932958443594543e-07}
[train] step 100 task=vqa loss=-3.9992 loss_task=2.2647 aux_loss={'attn_lb': 2.339327096939087, 'ffn_mi': -2.133324384689331}
[train] step 200 task=txt_cls loss=0.3581 loss_task=0.3563 aux_loss={'attn_lb': 1.826022982597351, 'ffn_mi': -2.520906150493829e-09}
[train] step 300 task=txt_cls loss=0.4007 loss_task=0.3989 aux_loss={'attn_lb': 1.7777917385101318, 'ffn_mi': -1.1920927533992653e-07}
[train] step 400 task=vqa loss=-4.4917 loss_task=2.1900 aux_loss={'attn_lb': 2.4224514961242676, 'ffn_mi': -2.219149589538574}
[train] step 500 task=img_rec loss=0.2291 loss_task=0.2274 aux_loss={'attn_lb': 1.6981655359268188, 'ffn_mi': -3.576278118089249e-07}
[train] step 600 task=vqa loss=-3.2963 loss_task=2.2549 aux_loss={'attn_lb': 2.4208858013153076, 'ffn_mi': -1.9527390003204346}
[train] step 700 task=img_rec loss=0.2082 loss_task=0.2066 aux_loss={'attn_lb': 1.644065260887146, 'ffn_mi': -3.576278118089249e-07}
[train] step 800 task=vqa loss=-5.3848 loss_task=2.3763 aux_loss={'attn_lb': 2.3104798793792725, 'ffn_mi': -2.5355167388916016}
[train] step 900 task=vqa loss=-3.1698 loss_task=2.3182 aux_loss={'attn_lb': 2.391533136367798, 'ffn_mi': -1.9527461528778076}
Elapsed: 9h 2m 17s
Eval results:
  img_rec: loss = 0.2016, 
  vqa: loss = -1.8493, , acc=0.3166
  img_cls: loss = 0.2280, , acc=0.9304
  txt_rec: loss = 6.8966, 
  txt_cls: loss = 0.3006, , acc=0.8871

===== Epoch 23/50 =====
[train] step 0 task=img_rec loss=0.2033 loss_task=0.2017 aux_loss={'attn_lb': 1.6399983167648315, 'ffn_mi': -1.1902345420367055e-07}
[train] step 100 task=txt_rec loss=0.0406 loss_task=0.0389 aux_loss={'attn_lb': 1.6548151969909668, 'ffn_mi': 1.1928847243325436e-07}
[train] step 200 task=vqa loss=-3.5455 loss_task=2.8287 aux_loss={'attn_lb': 2.5342841148376465, 'ffn_mi': -2.302006483078003}
[train] step 300 task=vqa loss=-3.5581 loss_task=2.6566 aux_loss={'attn_lb': 2.5856165885925293, 'ffn_mi': -2.219130516052246}
[train] step 400 task=vqa loss=-2.6299 loss_task=2.7719 aux_loss={'attn_lb': 2.491225004196167, 'ffn_mi': -2.044661283493042}
[train] step 500 task=txt_rec loss=0.0349 loss_task=0.0332 aux_loss={'attn_lb': 1.6714887619018555, 'ffn_mi': 1.861113929635394e-07}
[train] step 600 task=vqa loss=-3.3788 loss_task=2.5749 aux_loss={'attn_lb': 2.3959848880767822, 'ffn_mi': -2.133366346359253}
[train] step 700 task=txt_rec loss=0.0364 loss_task=0.0348 aux_loss={'attn_lb': 1.6624318361282349, 'ffn_mi': -1.1778924147165526e-07}
[train] step 800 task=vqa loss=-2.4914 loss_task=2.6571 aux_loss={'attn_lb': 2.5081186294555664, 'ffn_mi': -1.9526538848876953}
[train] step 900 task=vqa loss=-2.9129 loss_task=3.3057 aux_loss={'attn_lb': 2.5985515117645264, 'ffn_mi': -2.3823466300964355}
Elapsed: 9h 29m 53s

===== Epoch 24/50 =====
[train] step 0 task=vqa loss=-5.1423 loss_task=2.0307 aux_loss={'attn_lb': 2.2940924167633057, 'ffn_mi': -2.3020730018615723}
[train] step 100 task=vqa loss=-5.2898 loss_task=1.7911 aux_loss={'attn_lb': 2.324735403060913, 'ffn_mi': -2.2191691398620605}
[train] step 200 task=txt_cls loss=0.2401 loss_task=0.2384 aux_loss={'attn_lb': 1.7828874588012695, 'ffn_mi': -1.1920927533992653e-07}
[train] step 300 task=vqa loss=-4.1662 loss_task=2.1814 aux_loss={'attn_lb': 2.3892462253570557, 'ffn_mi': -2.13342022895813}
[train] step 400 task=vqa loss=-3.3258 loss_task=2.2402 aux_loss={'attn_lb': 2.3457770347595215, 'ffn_mi': -1.952749490737915}
[train] step 500 task=img_rec loss=0.1944 loss_task=0.1928 aux_loss={'attn_lb': 1.6386754512786865, 'ffn_mi': -3.5825240729536745e-07}
[train] step 600 task=vqa loss=-3.3256 loss_task=2.2403 aux_loss={'attn_lb': 2.3563976287841797, 'ffn_mi': -1.952743649482727}
[train] step 700 task=img_rec loss=0.1959 loss_task=0.1943 aux_loss={'attn_lb': 1.651868462562561, 'ffn_mi': -4.768370729379967e-07}
[train] step 800 task=txt_rec loss=0.0465 loss_task=0.0448 aux_loss={'attn_lb': 1.643796443939209, 'ffn_mi': 1.6415174286521506e-07}
[train] step 900 task=img_rec loss=0.2211 loss_task=0.2194 aux_loss={'attn_lb': 1.6407560110092163, 'ffn_mi': 0.0}
Elapsed: 9h 53m 5s
Eval results:
  img_cls: loss = 0.1835, , acc=0.9429
  txt_cls: loss = 0.2955, , acc=0.8787
  img_rec: loss = 0.1908, 
  txt_rec: loss = 6.6907, 
  vqa: loss = -1.8965, , acc=0.3158

===== Epoch 25/50 =====
[train] step 0 task=txt_cls loss=0.4435 loss_task=0.4417 aux_loss={'attn_lb': 1.7755205631256104, 'ffn_mi': -1.6282126580335898e-07}
[train] step 100 task=txt_rec loss=0.0318 loss_task=0.0302 aux_loss={'attn_lb': 1.6308766603469849, 'ffn_mi': -2.3841855067985307e-07}
[train] step 200 task=img_rec loss=0.2090 loss_task=0.2074 aux_loss={'attn_lb': 1.6402299404144287, 'ffn_mi': -3.576278118089249e-07}
[train] step 300 task=img_cls loss=0.2524 loss_task=0.2506 aux_loss={'attn_lb': 1.759844183921814, 'ffn_mi': -5.960076236988243e-07}
[train] step 400 task=txt_rec loss=0.0562 loss_task=0.0546 aux_loss={'attn_lb': 1.6302872896194458, 'ffn_mi': 7.898961484897882e-10}
[train] step 500 task=vqa loss=-2.9827 loss_task=2.4116 aux_loss={'attn_lb': 2.5166547298431396, 'ffn_mi': -1.9527325630187988}
[train] step 600 task=vqa loss=-5.1425 loss_task=2.3466 aux_loss={'attn_lb': 2.4046168327331543, 'ffn_mi': -2.4601454734802246}
[train] step 700 task=txt_rec loss=0.0461 loss_task=0.0444 aux_loss={'attn_lb': 1.6520596742630005, 'ffn_mi': 1.1920931797249068e-07}
[train] step 800 task=vqa loss=-5.1345 loss_task=2.5014 aux_loss={'attn_lb': 2.337677240371704, 'ffn_mi': -2.535522699356079}
[train] step 900 task=img_rec loss=0.2272 loss_task=0.2255 aux_loss={'attn_lb': 1.646536111831665, 'ffn_mi': -4.7683710135970614e-07}
Elapsed: 10h 20m 12s

===== Epoch 26/50 =====
[train] step 0 task=vqa loss=-3.6350 loss_task=2.2695 aux_loss={'attn_lb': 2.3462655544281006, 'ffn_mi': -2.0446627140045166}
[train] step 100 task=txt_rec loss=0.0353 loss_task=0.0337 aux_loss={'attn_lb': 1.650134563446045, 'ffn_mi': -1.9126005668113066e-07}
[train] step 200 task=img_rec loss=0.1977 loss_task=0.1961 aux_loss={'attn_lb': 1.63363778591156, 'ffn_mi': 2.3323144660025719e-07}
[train] step 300 task=vqa loss=-3.2718 loss_task=2.4511 aux_loss={'attn_lb': 2.3845508098602295, 'ffn_mi': -2.044680595397949}
[train] step 400 task=txt_rec loss=0.0344 loss_task=0.0328 aux_loss={'attn_lb': 1.6345876455307007, 'ffn_mi': -5.960463909104874e-07}
[train] step 500 task=img_rec loss=0.1915 loss_task=0.1899 aux_loss={'attn_lb': 1.6706843376159668, 'ffn_mi': -1.1920927533992653e-07}
[train] step 600 task=txt_rec loss=0.0391 loss_task=0.0374 aux_loss={'attn_lb': 1.6709321737289429, 'ffn_mi': -2.3841855067985307e-07}
[train] step 700 task=txt_rec loss=0.0338 loss_task=0.0321 aux_loss={'attn_lb': 1.669165015220642, 'ffn_mi': 7.957756764653823e-08}
[train] step 800 task=vqa loss=-2.8305 loss_task=2.8489 aux_loss={'attn_lb': 2.6707684993743896, 'ffn_mi': -2.133415460586548}
[train] step 900 task=img_rec loss=0.2330 loss_task=0.2313 aux_loss={'attn_lb': 1.6311333179473877, 'ffn_mi': -2.3805880289273773e-07}
Elapsed: 10h 43m 8s
Eval results:
  txt_rec: loss = 6.9135, 
  txt_cls: loss = 0.4424, , acc=0.8386
  vqa: loss = -1.9388, , acc=0.3273
  img_rec: loss = 0.1847, 
  img_cls: loss = 0.4919, , acc=0.8513

===== Epoch 27/50 =====
[train] step 0 task=vqa loss=-5.0169 loss_task=1.9275 aux_loss={'attn_lb': 2.3933000564575195, 'ffn_mi': -2.2191693782806396}
[train] step 100 task=txt_rec loss=0.0721 loss_task=0.0704 aux_loss={'attn_lb': 1.63320791721344, 'ffn_mi': -2.3841855067985307e-07}
[train] step 200 task=vqa loss=-3.5039 loss_task=2.3349 aux_loss={'attn_lb': 2.4341859817504883, 'ffn_mi': -2.044675827026367}
[train] step 300 task=img_rec loss=0.1957 loss_task=0.1940 aux_loss={'attn_lb': 1.6323328018188477, 'ffn_mi': -2.3841855067985307e-07}
[train] step 400 task=txt_rec loss=0.0473 loss_task=0.0457 aux_loss={'attn_lb': 1.6592425107955933, 'ffn_mi': -1.1920927533992653e-07}
[train] step 500 task=img_rec loss=0.1956 loss_task=0.1940 aux_loss={'attn_lb': 1.650603175163269, 'ffn_mi': 1.6230681865181396e-07}
[train] step 600 task=img_rec loss=0.2284 loss_task=0.2268 aux_loss={'attn_lb': 1.643662452697754, 'ffn_mi': -1.204265345222666e-07}
[train] step 700 task=img_cls loss=0.4961 loss_task=0.4944 aux_loss={'attn_lb': 1.7017736434936523, 'ffn_mi': 1.199392301032276e-07}
[train] step 800 task=txt_rec loss=0.0255 loss_task=0.0238 aux_loss={'attn_lb': 1.7080252170562744, 'ffn_mi': 4.275321430213808e-09}
[train] step 900 task=vqa loss=-2.4204 loss_task=2.8767 aux_loss={'attn_lb': 2.4668428897857666, 'ffn_mi': -2.044677972793579}
Elapsed: 11h 10m 1s

===== Epoch 28/50 =====
[train] step 0 task=txt_cls loss=0.1999 loss_task=0.1981 aux_loss={'attn_lb': 1.8463134765625, 'ffn_mi': -2.3841855067985307e-07}
[train] step 100 task=txt_rec loss=0.0471 loss_task=0.0455 aux_loss={'attn_lb': 1.6908836364746094, 'ffn_mi': 4.3521666270862625e-08}
[train] step 200 task=img_cls loss=0.3638 loss_task=0.3621 aux_loss={'attn_lb': 1.6972410678863525, 'ffn_mi': -2.3841855067985307e-07}
[train] step 300 task=img_rec loss=0.1828 loss_task=0.1811 aux_loss={'attn_lb': 1.6346232891082764, 'ffn_mi': -2.3841855067985307e-07}
[train] step 400 task=txt_cls loss=0.2534 loss_task=0.2516 aux_loss={'attn_lb': 1.8026732206344604, 'ffn_mi': -1.8708590232563438e-11}
[train] step 500 task=vqa loss=-3.7331 loss_task=2.2204 aux_loss={'attn_lb': 2.420017719268799, 'ffn_mi': -2.0446832180023193}
[train] step 600 task=vqa loss=-2.3171 loss_task=2.9284 aux_loss={'attn_lb': 2.458317756652832, 'ffn_mi': -2.0446739196777344}
[train] step 700 task=img_cls loss=0.2429 loss_task=0.2412 aux_loss={'attn_lb': 1.705714225769043, 'ffn_mi': -1.187944747016445e-07}
[train] step 800 task=txt_rec loss=0.0411 loss_task=0.0394 aux_loss={'attn_lb': 1.6530892848968506, 'ffn_mi': -7.170605442752276e-08}
[train] step 900 task=txt_rec loss=0.0367 loss_task=0.0349 aux_loss={'attn_lb': 1.7168117761611938, 'ffn_mi': -2.3971603013706044e-07}
Elapsed: 11h 33m 37s
Eval results:
  txt_rec: loss = 7.1570, 
  vqa: loss = -1.9941, , acc=0.3342
  img_cls: loss = 0.3317, , acc=0.9050
  img_rec: loss = 0.1873, 
  txt_cls: loss = 0.3236, , acc=0.8812

===== Epoch 29/50 =====
[train] step 0 task=vqa loss=-4.5033 loss_task=2.5107 aux_loss={'attn_lb': 2.3655354976654053, 'ffn_mi': -2.3823747634887695}
[train] step 100 task=vqa loss=-3.4043 loss_task=2.3848 aux_loss={'attn_lb': 2.4033117294311523, 'ffn_mi': -2.044663906097412}
[train] step 200 task=vqa loss=-3.5895 loss_task=2.4698 aux_loss={'attn_lb': 2.3129429817199707, 'ffn_mi': -2.133418083190918}
[train] step 300 task=txt_cls loss=0.1850 loss_task=0.1833 aux_loss={'attn_lb': 1.7491934299468994, 'ffn_mi': 5.5081272876122966e-11}
[train] step 400 task=img_cls loss=0.2176 loss_task=0.2159 aux_loss={'attn_lb': 1.6876413822174072, 'ffn_mi': -2.385827428952325e-07}
[train] step 500 task=img_rec loss=0.2031 loss_task=0.2015 aux_loss={'attn_lb': 1.663160800933838, 'ffn_mi': 1.1946525546591147e-07}
[train] step 600 task=txt_cls loss=0.3234 loss_task=0.3217 aux_loss={'attn_lb': 1.7356445789337158, 'ffn_mi': 0.0}
[train] step 700 task=vqa loss=-3.0019 loss_task=2.2114 aux_loss={'attn_lb': 2.4722609519958496, 'ffn_mi': -1.857399582862854}
[train] step 800 task=img_cls loss=0.1979 loss_task=0.1963 aux_loss={'attn_lb': 1.685373067855835, 'ffn_mi': -4.7683710135970614e-07}
[train] step 900 task=vqa loss=-4.5048 loss_task=2.3494 aux_loss={'attn_lb': 2.4099678993225098, 'ffn_mi': -2.3021063804626465}
Elapsed: 12h 0m 53s

===== Epoch 30/50 =====
[train] step 0 task=img_rec loss=0.1867 loss_task=0.1851 aux_loss={'attn_lb': 1.6303273439407349, 'ffn_mi': -4.7683710135970614e-07}
[train] step 100 task=vqa loss=-3.2584 loss_task=2.6351 aux_loss={'attn_lb': 2.503709316253662, 'ffn_mi': -2.1334187984466553}
[train] step 200 task=vqa loss=-4.3571 loss_task=2.4229 aux_loss={'attn_lb': 2.385960340499878, 'ffn_mi': -2.301943063735962}
[train] step 300 task=txt_rec loss=0.0481 loss_task=0.0464 aux_loss={'attn_lb': 1.6343016624450684, 'ffn_mi': 0.0}
[train] step 400 task=vqa loss=-6.1697 loss_task=2.2707 aux_loss={'attn_lb': 2.2281436920166016, 'ffn_mi': -2.6788980960845947}
[train] step 500 task=img_cls loss=0.2361 loss_task=0.2345 aux_loss={'attn_lb': 1.683624029159546, 'ffn_mi': -4.771669068759365e-07}
[train] step 600 task=img_cls loss=0.0762 loss_task=0.0745 aux_loss={'attn_lb': 1.6961326599121094, 'ffn_mi': -4.956305588166288e-09}
[train] step 700 task=img_cls loss=0.4544 loss_task=0.4527 aux_loss={'attn_lb': 1.6931439638137817, 'ffn_mi': -3.5762778338721546e-07}
[train] step 800 task=vqa loss=-5.2873 loss_task=2.5714 aux_loss={'attn_lb': 2.296055316925049, 'ffn_mi': -2.6086652278900146}
[train] step 900 task=txt_rec loss=0.0586 loss_task=0.0569 aux_loss={'attn_lb': 1.6871393918991089, 'ffn_mi': -1.6388383983212407e-09}
Elapsed: 12h 24m 21s
Eval results:
  vqa: loss = -2.0337, , acc=0.3406
  txt_cls: loss = 0.3234, , acc=0.8875
  img_cls: loss = 0.1558, , acc=0.9561
  img_rec: loss = 0.1886, 
  txt_rec: loss = 7.4100, 

===== Epoch 31/50 =====
[train] step 0 task=img_rec loss=0.2087 loss_task=0.2071 aux_loss={'attn_lb': 1.6400973796844482, 'ffn_mi': -1.1910758246358455e-07}
[train] step 100 task=vqa loss=-3.2542 loss_task=2.4598 aux_loss={'attn_lb': 2.500675916671753, 'ffn_mi': -2.044677972793579}
[train] step 200 task=txt_cls loss=0.2321 loss_task=0.2303 aux_loss={'attn_lb': 1.7982902526855469, 'ffn_mi': -4.7681234605079226e-07}
[train] step 300 task=vqa loss=-3.0259 loss_task=2.5740 aux_loss={'attn_lb': 2.3964061737060547, 'ffn_mi': -2.0446836948394775}
[train] step 400 task=img_rec loss=0.2190 loss_task=0.2173 aux_loss={'attn_lb': 1.6596903800964355, 'ffn_mi': -1.1920927533992653e-07}
[train] step 500 task=vqa loss=-4.0705 loss_task=2.7269 aux_loss={'attn_lb': 2.6581428050994873, 'ffn_mi': -2.382380962371826}
[train] step 600 task=txt_rec loss=0.0232 loss_task=0.0215 aux_loss={'attn_lb': 1.6595654487609863, 'ffn_mi': 1.652789762829343e-07}
[train] step 700 task=vqa loss=-3.5028 loss_task=2.3353 aux_loss={'attn_lb': 2.608613967895508, 'ffn_mi': -2.044678211212158}
[train] step 800 task=txt_rec loss=0.0259 loss_task=0.0243 aux_loss={'attn_lb': 1.6310174465179443, 'ffn_mi': -3.576278118089249e-07}
[train] step 900 task=txt_rec loss=0.0269 loss_task=0.0253 aux_loss={'attn_lb': 1.664703607559204, 'ffn_mi': -2.3841855067985307e-07}
Elapsed: 12h 52m 6s

===== Epoch 32/50 =====
[train] step 0 task=vqa loss=-4.5903 loss_task=2.1407 aux_loss={'attn_lb': 2.468930721282959, 'ffn_mi': -2.2191734313964844}
[train] step 100 task=img_cls loss=0.4171 loss_task=0.4154 aux_loss={'attn_lb': 1.7200040817260742, 'ffn_mi': -1.1937166277675715e-07}
[train] step 200 task=vqa loss=-3.8253 loss_task=2.6891 aux_loss={'attn_lb': 2.439079523086548, 'ffn_mi': -2.3021042346954346}
[train] step 300 task=txt_rec loss=0.0430 loss_task=0.0414 aux_loss={'attn_lb': 1.6384971141815186, 'ffn_mi': -6.922580553236912e-08}
[train] step 400 task=vqa loss=-4.6668 loss_task=2.2684 aux_loss={'attn_lb': 2.409219264984131, 'ffn_mi': -2.3021063804626465}
[train] step 500 task=img_rec loss=0.1770 loss_task=0.1754 aux_loss={'attn_lb': 1.6554794311523438, 'ffn_mi': 3.342393029015511e-11}
[train] step 600 task=vqa loss=-3.1433 loss_task=2.5152 aux_loss={'attn_lb': 2.478100061416626, 'ffn_mi': -2.0446863174438477}
[train] step 700 task=img_cls loss=0.4387 loss_task=0.4370 aux_loss={'attn_lb': 1.6999179124832153, 'ffn_mi': -3.576278118089249e-07}
[train] step 800 task=txt_rec loss=0.0368 loss_task=0.0351 aux_loss={'attn_lb': 1.6687119007110596, 'ffn_mi': -2.3841855067985307e-07}
[train] step 900 task=txt_rec loss=0.0192 loss_task=0.0175 aux_loss={'attn_lb': 1.6521611213684082, 'ffn_mi': -1.1920927533992653e-07}
Elapsed: 13h 15m 28s
Eval results:
  img_cls: loss = 0.2155, , acc=0.9332
  txt_rec: loss = 6.7731, 
  txt_cls: loss = 0.2813, , acc=0.8839
  vqa: loss = -2.0649, , acc=0.3422
  img_rec: loss = 0.1751, 

===== Epoch 33/50 =====
[train] step 0 task=txt_cls loss=0.4039 loss_task=0.4020 aux_loss={'attn_lb': 1.8193840980529785, 'ffn_mi': -1.1920927533992653e-07}
[train] step 100 task=img_rec loss=0.1794 loss_task=0.1777 aux_loss={'attn_lb': 1.636638879776001, 'ffn_mi': 2.3825606376703945e-07}
[train] step 200 task=vqa loss=-3.8813 loss_task=1.9624 aux_loss={'attn_lb': 2.399195909500122, 'ffn_mi': -1.9527499675750732}
[train] step 300 task=vqa loss=-2.9583 loss_task=2.6080 aux_loss={'attn_lb': 2.249166488647461, 'ffn_mi': -2.044684410095215}
[train] step 400 task=txt_rec loss=0.0339 loss_task=0.0322 aux_loss={'attn_lb': 1.6481907367706299, 'ffn_mi': -1.1920927533992653e-07}
[train] step 500 task=img_rec loss=0.1749 loss_task=0.1733 aux_loss={'attn_lb': 1.6499937772750854, 'ffn_mi': -1.1920923270736239e-07}
[train] step 600 task=img_rec loss=0.2192 loss_task=0.2176 aux_loss={'attn_lb': 1.6425871849060059, 'ffn_mi': -2.38933751006698e-07}
[train] step 700 task=vqa loss=-3.3693 loss_task=2.7512 aux_loss={'attn_lb': 2.4625844955444336, 'ffn_mi': -2.2191598415374756}
[train] step 800 task=txt_rec loss=0.0309 loss_task=0.0292 aux_loss={'attn_lb': 1.641113519668579, 'ffn_mi': -3.576278118089249e-07}
[train] step 900 task=txt_rec loss=0.0299 loss_task=0.0283 aux_loss={'attn_lb': 1.6406718492507935, 'ffn_mi': -1.1920927533992653e-07}
Elapsed: 13h 42m 12s

===== Epoch 34/50 =====
[train] step 0 task=vqa loss=-7.7162 loss_task=1.6366 aux_loss={'attn_lb': 2.2060294151306152, 'ffn_mi': -2.748440980911255}
[train] step 100 task=txt_cls loss=0.3663 loss_task=0.3645 aux_loss={'attn_lb': 1.7768163681030273, 'ffn_mi': -1.1929030563351262e-07}
[train] step 200 task=vqa loss=-4.2969 loss_task=2.2874 aux_loss={'attn_lb': 2.4827582836151123, 'ffn_mi': -2.219169855117798}
[train] step 300 task=img_rec loss=0.1855 loss_task=0.1839 aux_loss={'attn_lb': 1.637197494506836, 'ffn_mi': -2.3841855067985307e-07}
[train] step 400 task=vqa loss=-2.5300 loss_task=2.6380 aux_loss={'attn_lb': 2.4793641567230225, 'ffn_mi': -1.9527548551559448}
[train] step 500 task=vqa loss=-3.5652 loss_task=2.3042 aux_loss={'attn_lb': 2.605729579925537, 'ffn_mi': -2.0446834564208984}
[train] step 600 task=img_rec loss=0.1974 loss_task=0.1957 aux_loss={'attn_lb': 1.6500649452209473, 'ffn_mi': -3.9767644466337515e-07}
[train] step 700 task=img_rec loss=0.1901 loss_task=0.1885 aux_loss={'attn_lb': 1.6302437782287598, 'ffn_mi': -3.576278118089249e-07}
[train] step 800 task=vqa loss=-3.8547 loss_task=1.9759 aux_loss={'attn_lb': 2.260045051574707, 'ffn_mi': -1.9527524709701538}
[train] step 900 task=img_rec loss=0.2016 loss_task=0.2000 aux_loss={'attn_lb': 1.6403580904006958, 'ffn_mi': -1.1920927533992653e-07}
Elapsed: 14h 5m 9s
Eval results:
  img_cls: loss = 0.2099, , acc=0.9361
  vqa: loss = -2.0627, , acc=0.3342
  txt_rec: loss = 6.5833, 
  txt_cls: loss = 0.3369, , acc=0.8761
  img_rec: loss = 0.1693, 

===== Epoch 35/50 =====
[train] step 0 task=vqa loss=-3.9521 loss_task=2.1111 aux_loss={'attn_lb': 2.184058427810669, 'ffn_mi': -2.0446863174438477}
[train] step 100 task=vqa loss=-3.9781 loss_task=2.0980 aux_loss={'attn_lb': 2.3272719383239746, 'ffn_mi': -2.044687509536743}
[train] step 200 task=img_cls loss=0.3141 loss_task=0.3125 aux_loss={'attn_lb': 1.6810567378997803, 'ffn_mi': -1.1923258114165947e-07}
[train] step 300 task=vqa loss=-4.7139 loss_task=2.0790 aux_loss={'attn_lb': 2.3621432781219482, 'ffn_mi': -2.2191696166992188}
[train] step 400 task=txt_rec loss=0.0246 loss_task=0.0229 aux_loss={'attn_lb': 1.6527092456817627, 'ffn_mi': -3.576278118089249e-07}
[train] step 500 task=txt_rec loss=0.0462 loss_task=0.0445 aux_loss={'attn_lb': 1.7027652263641357, 'ffn_mi': -6.301021926446992e-10}
[train] step 600 task=txt_cls loss=0.3040 loss_task=0.3022 aux_loss={'attn_lb': 1.8185904026031494, 'ffn_mi': 4.509814743869356e-11}
[train] step 700 task=vqa loss=-2.6677 loss_task=2.5693 aux_loss={'attn_lb': 2.3877079486846924, 'ffn_mi': -1.9527555704116821}
[train] step 800 task=img_rec loss=0.1951 loss_task=0.1934 aux_loss={'attn_lb': 1.6426539421081543, 'ffn_mi': -3.576278118089249e-07}
[train] step 900 task=txt_cls loss=0.2550 loss_task=0.2532 aux_loss={'attn_lb': 1.789231538772583, 'ffn_mi': 2.4086716621241067e-07}
Elapsed: 14h 31m 48s

===== Epoch 36/50 =====
[train] step 0 task=txt_rec loss=0.0239 loss_task=0.0223 aux_loss={'attn_lb': 1.6444439888000488, 'ffn_mi': -2.3841855067985307e-07}
[train] step 100 task=txt_rec loss=0.0165 loss_task=0.0149 aux_loss={'attn_lb': 1.6368982791900635, 'ffn_mi': 3.956007788019633e-08}
[train] step 200 task=vqa loss=-6.0849 loss_task=2.0264 aux_loss={'attn_lb': 2.2349956035614014, 'ffn_mi': -2.535548210144043}
[train] step 300 task=vqa loss=-5.5054 loss_task=2.4623 aux_loss={'attn_lb': 2.3287696838378906, 'ffn_mi': -2.608675241470337}
[train] step 400 task=vqa loss=-5.0704 loss_task=2.0667 aux_loss={'attn_lb': 2.3239519596099854, 'ffn_mi': -2.302110195159912}
[train] step 500 task=vqa loss=-4.8958 loss_task=1.8167 aux_loss={'attn_lb': 2.2287449836730957, 'ffn_mi': -2.133422613143921}
[train] step 600 task=vqa loss=-4.5923 loss_task=1.9685 aux_loss={'attn_lb': 2.2324256896972656, 'ffn_mi': -2.1334269046783447}
[train] step 700 task=txt_rec loss=0.0351 loss_task=0.0334 aux_loss={'attn_lb': 1.729137659072876, 'ffn_mi': -2.3841855067985307e-07}
[train] step 800 task=vqa loss=-3.8986 loss_task=2.1378 aux_loss={'attn_lb': 2.270563840866089, 'ffn_mi': -2.0446860790252686}
[train] step 900 task=vqa loss=-4.1444 loss_task=2.5296 aux_loss={'attn_lb': 2.4664950370788574, 'ffn_mi': -2.302107572555542}
Elapsed: 14h 54m 51s
Eval results:
  txt_rec: loss = 6.7659, 
  txt_cls: loss = 0.2828, , acc=0.8855
  vqa: loss = -2.1021, , acc=0.3431
  img_cls: loss = 0.1920, , acc=0.9359
  img_rec: loss = 0.1632, 

===== Epoch 37/50 =====
[train] step 0 task=img_rec loss=0.1790 loss_task=0.1774 aux_loss={'attn_lb': 1.6370339393615723, 'ffn_mi': -1.1920927533992653e-07}
[train] step 100 task=vqa loss=-3.9240 loss_task=2.1251 aux_loss={'attn_lb': 2.2668378353118896, 'ffn_mi': -2.0446860790252686}
[train] step 200 task=txt_cls loss=0.2852 loss_task=0.2834 aux_loss={'attn_lb': 1.7372910976409912, 'ffn_mi': -3.576278118089249e-07}
[train] step 300 task=txt_rec loss=0.0254 loss_task=0.0237 aux_loss={'attn_lb': 1.6472117900848389, 'ffn_mi': -3.576278118089249e-07}
[train] step 400 task=vqa loss=-2.2812 loss_task=2.7627 aux_loss={'attn_lb': 2.2648985385894775, 'ffn_mi': -1.9527512788772583}
[train] step 500 task=vqa loss=-4.2086 loss_task=2.1603 aux_loss={'attn_lb': 2.2750473022460938, 'ffn_mi': -2.133410692214966}
[train] step 600 task=img_cls loss=0.2516 loss_task=0.2499 aux_loss={'attn_lb': 1.709204912185669, 'ffn_mi': 2.3806769888778945e-07}
[train] step 700 task=vqa loss=-4.7632 loss_task=2.2203 aux_loss={'attn_lb': 2.3321328163146973, 'ffn_mi': -2.3021035194396973}
[train] step 800 task=vqa loss=-5.6870 loss_task=2.2252 aux_loss={'attn_lb': 2.376167058944702, 'ffn_mi': -2.53554630279541}
[train] step 900 task=vqa loss=-5.9079 loss_task=2.2611 aux_loss={'attn_lb': 2.282546281814575, 'ffn_mi': -2.608673095703125}
Elapsed: 15h 22m 18s

===== Epoch 38/50 =====
[train] step 0 task=vqa loss=-5.7084 loss_task=1.9084 aux_loss={'attn_lb': 2.1650891304016113, 'ffn_mi': -2.382387161254883}
[train] step 100 task=txt_cls loss=0.3224 loss_task=0.3207 aux_loss={'attn_lb': 1.774455189704895, 'ffn_mi': 6.481066350261244e-09}
[train] step 200 task=txt_rec loss=0.0126 loss_task=0.0110 aux_loss={'attn_lb': 1.6427358388900757, 'ffn_mi': 0.0}
[train] step 300 task=txt_cls loss=0.1940 loss_task=0.1923 aux_loss={'attn_lb': 1.7221856117248535, 'ffn_mi': -8.311928922921652e-11}
[train] step 400 task=img_cls loss=0.2482 loss_task=0.2465 aux_loss={'attn_lb': 1.6937479972839355, 'ffn_mi': 1.1923353326892538e-07}
[train] step 500 task=vqa loss=-3.1364 loss_task=2.3350 aux_loss={'attn_lb': 2.2826309204101562, 'ffn_mi': -1.9527547359466553}
[train] step 600 task=txt_cls loss=0.2285 loss_task=0.2268 aux_loss={'attn_lb': 1.6967976093292236, 'ffn_mi': -2.3841855067985307e-07}
[train] step 700 task=img_rec loss=0.1847 loss_task=0.1830 aux_loss={'attn_lb': 1.63633131980896, 'ffn_mi': -3.576278118089249e-07}
[train] step 800 task=img_rec loss=0.1763 loss_task=0.1746 aux_loss={'attn_lb': 1.6519010066986084, 'ffn_mi': -4.156613186978575e-08}
[train] step 900 task=txt_cls loss=0.2540 loss_task=0.2521 aux_loss={'attn_lb': 1.8462657928466797, 'ffn_mi': 0.0}
Elapsed: 15h 45m 13s
Eval results:
  txt_rec: loss = 6.4140, 
  img_cls: loss = 0.2696, , acc=0.9168
  img_rec: loss = 0.1669, 
  txt_cls: loss = 0.3338, , acc=0.8800
  vqa: loss = -2.1143, , acc=0.3468

===== Epoch 39/50 =====
[train] step 0 task=txt_rec loss=0.0427 loss_task=0.0411 aux_loss={'attn_lb': 1.6442264318466187, 'ffn_mi': -1.1920927533992653e-07}
[train] step 100 task=img_cls loss=0.2824 loss_task=0.2807 aux_loss={'attn_lb': 1.681834101676941, 'ffn_mi': 1.1926479714929883e-07}
[train] step 200 task=txt_rec loss=0.0303 loss_task=0.0286 aux_loss={'attn_lb': 1.6332286596298218, 'ffn_mi': 1.9181075572305417e-07}
[train] step 300 task=img_cls loss=0.0716 loss_task=0.0699 aux_loss={'attn_lb': 1.6916003227233887, 'ffn_mi': -2.3759901068842737e-07}
[train] step 400 task=img_rec loss=0.1771 loss_task=0.1754 aux_loss={'attn_lb': 1.6319574117660522, 'ffn_mi': -2.3841855067985307e-07}
[train] step 500 task=img_cls loss=0.2520 loss_task=0.2503 aux_loss={'attn_lb': 1.70741605758667, 'ffn_mi': -1.1920928244535389e-07}
[train] step 600 task=img_rec loss=0.1868 loss_task=0.1851 aux_loss={'attn_lb': 1.67518949508667, 'ffn_mi': -1.195425056721433e-07}
[train] step 700 task=txt_rec loss=0.0137 loss_task=0.0120 aux_loss={'attn_lb': 1.6427640914916992, 'ffn_mi': -2.8648872785197455e-07}
[train] step 800 task=img_cls loss=0.1271 loss_task=0.1255 aux_loss={'attn_lb': 1.6863908767700195, 'ffn_mi': -2.382437713777108e-07}
[train] step 900 task=txt_rec loss=0.0300 loss_task=0.0284 aux_loss={'attn_lb': 1.6301509141921997, 'ffn_mi': -2.3841855067985307e-07}
Elapsed: 16h 12m 48s

===== Epoch 40/50 =====
[train] step 0 task=vqa loss=-3.6880 loss_task=2.5921 aux_loss={'attn_lb': 2.2114195823669434, 'ffn_mi': -2.219175338745117}
[train] step 100 task=vqa loss=-5.6573 loss_task=2.2401 aux_loss={'attn_lb': 2.308712959289551, 'ffn_mi': -2.5355441570281982}
[train] step 200 task=vqa loss=-3.6659 loss_task=2.2541 aux_loss={'attn_lb': 2.337299108505249, 'ffn_mi': -2.0446829795837402}
[train] step 300 task=vqa loss=-4.7971 loss_task=1.8661 aux_loss={'attn_lb': 2.1858255863189697, 'ffn_mi': -2.133424758911133}
[train] step 400 task=vqa loss=-5.2275 loss_task=1.6509 aux_loss={'attn_lb': 2.268037796020508, 'ffn_mi': -2.1334259510040283}
[train] step 500 task=img_rec loss=0.1802 loss_task=0.1786 aux_loss={'attn_lb': 1.6371299028396606, 'ffn_mi': -1.1920926823449918e-07}
[train] step 600 task=img_rec loss=0.1898 loss_task=0.1882 aux_loss={'attn_lb': 1.651267170906067, 'ffn_mi': -2.3841855067985307e-07}
[train] step 700 task=vqa loss=-3.7811 loss_task=2.0127 aux_loss={'attn_lb': 2.228393316268921, 'ffn_mi': -1.9527549743652344}
[train] step 800 task=txt_rec loss=0.0213 loss_task=0.0196 aux_loss={'attn_lb': 1.7437758445739746, 'ffn_mi': 1.6427308935362817e-07}
[train] step 900 task=img_rec loss=0.1739 loss_task=0.1723 aux_loss={'attn_lb': 1.6347681283950806, 'ffn_mi': -2.3841855067985307e-07}
Elapsed: 16h 35m 28s
Eval results:
  img_rec: loss = 0.1597, 
  txt_rec: loss = 6.6477, 
  img_cls: loss = 0.1736, , acc=0.9478
  txt_cls: loss = 0.3411, , acc=0.8886
  vqa: loss = -2.1190, , acc=0.3507

===== Epoch 41/50 =====
[train] step 0 task=vqa loss=-4.8514 loss_task=1.8389 aux_loss={'attn_lb': 2.2208588123321533, 'ffn_mi': -2.1334187984466553}
[train] step 100 task=vqa loss=-3.2050 loss_task=2.3006 aux_loss={'attn_lb': 2.3456149101257324, 'ffn_mi': -1.952750325202942}
[train] step 200 task=img_cls loss=0.0892 loss_task=0.0875 aux_loss={'attn_lb': 1.6963478326797485, 'ffn_mi': -1.1920923270736239e-07}
[train] step 300 task=vqa loss=-3.6065 loss_task=2.0999 aux_loss={'attn_lb': 2.3598713874816895, 'ffn_mi': -1.9527556896209717}
[train] step 400 task=img_cls loss=2.1448 loss_task=2.1431 aux_loss={'attn_lb': 1.6990381479263306, 'ffn_mi': -5.960463340670685e-07}
[train] step 500 task=txt_rec loss=0.0322 loss_task=0.0305 aux_loss={'attn_lb': 1.6510162353515625, 'ffn_mi': -4.7683710135970614e-07}
[train] step 600 task=img_rec loss=0.1733 loss_task=0.1717 aux_loss={'attn_lb': 1.6418256759643555, 'ffn_mi': -1.197818164655473e-07}
[train] step 700 task=vqa loss=-4.7598 loss_task=2.2220 aux_loss={'attn_lb': 2.3193321228027344, 'ffn_mi': -2.3021061420440674}
[train] step 800 task=img_rec loss=0.1782 loss_task=0.1766 aux_loss={'attn_lb': 1.629287600517273, 'ffn_mi': -2.3841855067985307e-07}
[train] step 900 task=vqa loss=-3.4199 loss_task=2.3771 aux_loss={'attn_lb': 2.3014883995056152, 'ffn_mi': -2.0446763038635254}
Elapsed: 17h 3m 9s

===== Epoch 42/50 =====
[train] step 0 task=vqa loss=-4.7837 loss_task=2.2101 aux_loss={'attn_lb': 2.236774206161499, 'ffn_mi': -2.3020944595336914}
[train] step 100 task=vqa loss=-4.5076 loss_task=2.3481 aux_loss={'attn_lb': 2.300395965576172, 'ffn_mi': -2.302105665206909}
[train] step 200 task=txt_cls loss=0.3945 loss_task=0.3928 aux_loss={'attn_lb': 1.742830753326416, 'ffn_mi': 1.8350476693740347e-10}
[train] step 300 task=img_rec loss=0.1957 loss_task=0.1941 aux_loss={'attn_lb': 1.6450510025024414, 'ffn_mi': -5.5706550483591855e-12}
[train] step 400 task=img_cls loss=0.1364 loss_task=0.1347 aux_loss={'attn_lb': 1.6872673034667969, 'ffn_mi': 9.909228992910357e-11}
[train] step 500 task=txt_rec loss=0.0203 loss_task=0.0187 aux_loss={'attn_lb': 1.6522722244262695, 'ffn_mi': -1.1920926823449918e-07}
[train] step 600 task=img_rec loss=0.2282 loss_task=0.2266 aux_loss={'attn_lb': 1.6616803407669067, 'ffn_mi': 0.0}
[train] step 700 task=vqa loss=-3.6541 loss_task=2.0761 aux_loss={'attn_lb': 2.366180896759033, 'ffn_mi': -1.9527561664581299}
[train] step 800 task=vqa loss=-5.8404 loss_task=1.6818 aux_loss={'attn_lb': 2.2248008251190186, 'ffn_mi': -2.302105665206909}
[train] step 900 task=vqa loss=-3.6352 loss_task=2.4466 aux_loss={'attn_lb': 2.626742362976074, 'ffn_mi': -2.1334264278411865}
Elapsed: 17h 27m 5s
Eval results:
  vqa: loss = -2.1506, , acc=0.3535
  txt_rec: loss = 6.1699, 
  img_rec: loss = 0.1652, 
  img_cls: loss = 1.0585, , acc=0.7040
  txt_cls: loss = 0.2955, , acc=0.8923

===== Epoch 43/50 =====
[train] step 0 task=vqa loss=-3.9389 loss_task=2.1175 aux_loss={'attn_lb': 2.3991756439208984, 'ffn_mi': -2.0446858406066895}
[train] step 100 task=img_rec loss=0.1698 loss_task=0.1681 aux_loss={'attn_lb': 1.6431820392608643, 'ffn_mi': 1.1916690567659316e-07}
[train] step 200 task=vqa loss=-5.1396 loss_task=1.8663 aux_loss={'attn_lb': 2.2262957096099854, 'ffn_mi': -2.2191739082336426}
[train] step 300 task=vqa loss=-4.4038 loss_task=2.3999 aux_loss={'attn_lb': 2.4441580772399902, 'ffn_mi': -2.302110195159912}
[train] step 400 task=img_rec loss=0.2578 loss_task=0.2561 aux_loss={'attn_lb': 1.6732869148254395, 'ffn_mi': 1.8704326976148877e-10}
[train] step 500 task=txt_cls loss=0.2401 loss_task=0.2384 aux_loss={'attn_lb': 1.7681612968444824, 'ffn_mi': 5.9200857549512875e-09}
[train] step 600 task=vqa loss=-5.0797 loss_task=2.0620 aux_loss={'attn_lb': 2.3267107009887695, 'ffn_mi': -2.302098274230957}
[train] step 700 task=img_rec loss=0.1587 loss_task=0.1570 aux_loss={'attn_lb': 1.6411975622177124, 'ffn_mi': -3.9947030927578453e-07}
[train] step 800 task=txt_rec loss=0.0231 loss_task=0.0214 aux_loss={'attn_lb': 1.6810245513916016, 'ffn_mi': 0.0}
[train] step 900 task=txt_rec loss=0.0271 loss_task=0.0254 aux_loss={'attn_lb': 1.6430152654647827, 'ffn_mi': -1.1920927533992653e-07}
Elapsed: 17h 54m 42s

===== Epoch 44/50 =====
[train] step 0 task=vqa loss=-3.6076 loss_task=2.4606 aux_loss={'attn_lb': 2.448853015899658, 'ffn_mi': -2.133425235748291}
[train] step 100 task=vqa loss=-3.5084 loss_task=2.5102 aux_loss={'attn_lb': 2.4564707279205322, 'ffn_mi': -2.133427143096924}
[train] step 200 task=txt_rec loss=0.0154 loss_task=0.0137 aux_loss={'attn_lb': 1.654234528541565, 'ffn_mi': -1.1920926823449918e-07}
[train] step 300 task=vqa loss=-5.3419 loss_task=1.9308 aux_loss={'attn_lb': 2.4891233444213867, 'ffn_mi': -2.3021087646484375}
[train] step 400 task=img_rec loss=0.1990 loss_task=0.1974 aux_loss={'attn_lb': 1.6520274877548218, 'ffn_mi': -2.1680861550521513e-08}
[train] step 500 task=txt_cls loss=0.2237 loss_task=0.2219 aux_loss={'attn_lb': 1.797874093055725, 'ffn_mi': 4.007461029686965e-10}
[train] step 600 task=img_rec loss=0.1735 loss_task=0.1719 aux_loss={'attn_lb': 1.6277276277542114, 'ffn_mi': 1.1913512310002261e-07}
[train] step 700 task=txt_rec loss=0.0210 loss_task=0.0193 aux_loss={'attn_lb': 1.6405109167099, 'ffn_mi': -1.1920926823449918e-07}
[train] step 800 task=vqa loss=-5.9681 loss_task=2.2311 aux_loss={'attn_lb': 2.240139961242676, 'ffn_mi': -2.608673334121704}
[train] step 900 task=vqa loss=-4.7406 loss_task=2.2316 aux_loss={'attn_lb': 2.3377649784088135, 'ffn_mi': -2.3021063804626465}
Elapsed: 18h 18m 13s
Eval results:
  vqa: loss = -2.1490, , acc=0.3536
  img_rec: loss = 0.1768, 
  img_cls: loss = 0.2270, , acc=0.9350
  txt_cls: loss = 0.2750, , acc=0.9098
  txt_rec: loss = 6.5304, 

===== Epoch 45/50 =====
[train] step 0 task=img_rec loss=0.2164 loss_task=0.2148 aux_loss={'attn_lb': 1.6500970125198364, 'ffn_mi': 1.174265804593233e-07}
[train] step 100 task=vqa loss=-5.1552 loss_task=2.0243 aux_loss={'attn_lb': 2.301889657974243, 'ffn_mi': -2.3021106719970703}
[train] step 200 task=txt_cls loss=0.1973 loss_task=0.1955 aux_loss={'attn_lb': 1.7470612525939941, 'ffn_mi': -3.576278118089249e-07}
[train] step 300 task=txt_cls loss=0.1867 loss_task=0.1849 aux_loss={'attn_lb': 1.8481686115264893, 'ffn_mi': -1.1920927533992653e-07}
[train] step 400 task=vqa loss=-3.7625 loss_task=2.2059 aux_loss={'attn_lb': 2.2320213317871094, 'ffn_mi': -2.044677257537842}
[train] step 500 task=vqa loss=-3.6333 loss_task=2.0864 aux_loss={'attn_lb': 2.4381134510040283, 'ffn_mi': -1.9527560472488403}
[train] step 600 task=vqa loss=-3.8207 loss_task=1.9929 aux_loss={'attn_lb': 2.258347988128662, 'ffn_mi': -1.9527479410171509}
[train] step 700 task=img_cls loss=0.1162 loss_task=0.1145 aux_loss={'attn_lb': 1.6913514137268066, 'ffn_mi': -2.3841855067985307e-07}
[train] step 800 task=vqa loss=-4.2501 loss_task=1.9619 aux_loss={'attn_lb': 2.4015865325927734, 'ffn_mi': -2.044679641723633}
[train] step 900 task=txt_rec loss=0.0209 loss_task=0.0192 aux_loss={'attn_lb': 1.6338236331939697, 'ffn_mi': 0.0}
Elapsed: 18h 45m 36s

===== Epoch 46/50 =====
[train] step 0 task=vqa loss=-5.5287 loss_task=2.1537 aux_loss={'attn_lb': 2.291872501373291, 'ffn_mi': -2.460155725479126}
[train] step 100 task=img_rec loss=0.1570 loss_task=0.1553 aux_loss={'attn_lb': 1.629051685333252, 'ffn_mi': -2.3841855067985307e-07}
[train] step 200 task=img_rec loss=0.1858 loss_task=0.1842 aux_loss={'attn_lb': 1.635208010673523, 'ffn_mi': 1.1882680439612159e-07}
[train] step 300 task=img_rec loss=0.2170 loss_task=0.2154 aux_loss={'attn_lb': 1.6418991088867188, 'ffn_mi': 7.450253747265378e-10}
[train] step 400 task=vqa loss=-4.5015 loss_task=2.1853 aux_loss={'attn_lb': 2.2899932861328125, 'ffn_mi': -2.219175100326538}
[train] step 500 task=vqa loss=-4.2866 loss_task=2.1211 aux_loss={'attn_lb': 2.4692153930664062, 'ffn_mi': -2.133422613143921}
[train] step 600 task=img_rec loss=0.1556 loss_task=0.1540 aux_loss={'attn_lb': 1.6544880867004395, 'ffn_mi': -2.3841855067985307e-07}
[train] step 700 task=vqa loss=-4.3692 loss_task=2.0799 aux_loss={'attn_lb': 2.3568594455718994, 'ffn_mi': -2.1334264278411865}
[train] step 800 task=vqa loss=-4.1470 loss_task=2.3625 aux_loss={'attn_lb': 2.317361831665039, 'ffn_mi': -2.2191736698150635}
[train] step 900 task=txt_rec loss=0.0199 loss_task=0.0183 aux_loss={'attn_lb': 1.6507781744003296, 'ffn_mi': -4.79345430903777e-07}
Elapsed: 19h 9m 14s
Eval results:
  txt_rec: loss = 6.6098, 
  img_rec: loss = 0.1575, 
  img_cls: loss = 0.1791, , acc=0.9480
  vqa: loss = -2.1711, , acc=0.3591
  txt_cls: loss = 0.3811, , acc=0.8875

===== Epoch 47/50 =====
[train] step 0 task=img_rec loss=0.1516 loss_task=0.1500 aux_loss={'attn_lb': 1.637216567993164, 'ffn_mi': -2.3873917598393746e-07}
[train] step 100 task=vqa loss=-5.0120 loss_task=1.9300 aux_loss={'attn_lb': 2.3038620948791504, 'ffn_mi': -2.219174861907959}
[train] step 200 task=txt_cls loss=0.2880 loss_task=0.2862 aux_loss={'attn_lb': 1.7799162864685059, 'ffn_mi': -1.1922875842174108e-07}
[train] step 300 task=vqa loss=-3.8930 loss_task=2.3180 aux_loss={'attn_lb': 2.3441596031188965, 'ffn_mi': -2.1334269046783447}
[train] step 400 task=vqa loss=-4.8950 loss_task=2.3149 aux_loss={'attn_lb': 2.395787239074707, 'ffn_mi': -2.382389545440674}
[train] step 500 task=img_rec loss=0.2697 loss_task=0.2680 aux_loss={'attn_lb': 1.6604758501052856, 'ffn_mi': 2.4429880340903765e-10}
[train] step 600 task=img_rec loss=0.1744 loss_task=0.1727 aux_loss={'attn_lb': 1.6288899183273315, 'ffn_mi': -4.7683710135970614e-07}
[train] step 700 task=vqa loss=-4.6079 loss_task=1.7833 aux_loss={'attn_lb': 2.170825242996216, 'ffn_mi': -2.0446877479553223}
[train] step 800 task=txt_rec loss=0.0174 loss_task=0.0157 aux_loss={'attn_lb': 1.644829273223877, 'ffn_mi': -1.1920927533992653e-07}
[train] step 900 task=vqa loss=-3.7203 loss_task=2.5757 aux_loss={'attn_lb': 2.5046744346618652, 'ffn_mi': -2.2191760540008545}
Elapsed: 19h 36m 3s

===== Epoch 48/50 =====
[train] step 0 task=vqa loss=-4.6157 loss_task=2.2938 aux_loss={'attn_lb': 2.487612724304199, 'ffn_mi': -2.3021035194396973}
[train] step 100 task=vqa loss=-5.5451 loss_task=1.6636 aux_loss={'attn_lb': 2.2259328365325928, 'ffn_mi': -2.219175100326538}
[train] step 200 task=txt_rec loss=0.0236 loss_task=0.0219 aux_loss={'attn_lb': 1.7103681564331055, 'ffn_mi': -2.3841855067985307e-07}
[train] step 300 task=txt_rec loss=0.0144 loss_task=0.0128 aux_loss={'attn_lb': 1.6429375410079956, 'ffn_mi': -1.1920926823449918e-07}
[train] step 400 task=img_rec loss=0.2057 loss_task=0.2041 aux_loss={'attn_lb': 1.6462887525558472, 'ffn_mi': -1.1920927533992653e-07}
[train] step 500 task=txt_rec loss=0.0240 loss_task=0.0224 aux_loss={'attn_lb': 1.6459482908248901, 'ffn_mi': 3.9123904116422636e-10}
[train] step 600 task=txt_rec loss=0.0143 loss_task=0.0127 aux_loss={'attn_lb': 1.6348849534988403, 'ffn_mi': -1.6751630482758628e-07}
[train] step 700 task=txt_rec loss=0.0350 loss_task=0.0334 aux_loss={'attn_lb': 1.6239758729934692, 'ffn_mi': -3.576278118089249e-07}
[train] step 800 task=vqa loss=-3.0902 loss_task=2.5420 aux_loss={'attn_lb': 2.2753584384918213, 'ffn_mi': -2.0446839332580566}
[train] step 900 task=img_rec loss=0.1605 loss_task=0.1589 aux_loss={'attn_lb': 1.6381851434707642, 'ffn_mi': -5.197550194679934e-07}
Elapsed: 19h 59m 15s
Eval results:
  txt_cls: loss = 0.4024, , acc=0.8689
  img_rec: loss = 0.1520, 
  img_cls: loss = 0.1502, , acc=0.9547
  vqa: loss = -2.1963, , acc=0.3484
  txt_rec: loss = 6.3704, 

===== Epoch 49/50 =====
[train] step 0 task=vqa loss=-2.8776 loss_task=2.4644 aux_loss={'attn_lb': 2.3187854290008545, 'ffn_mi': -1.9527561664581299}
[train] step 100 task=vqa loss=-3.7025 loss_task=2.0520 aux_loss={'attn_lb': 2.3024179935455322, 'ffn_mi': -1.9527552127838135}
[train] step 200 task=img_rec loss=0.1737 loss_task=0.1720 aux_loss={'attn_lb': 1.6342133283615112, 'ffn_mi': -1.1920927533992653e-07}
[train] step 300 task=vqa loss=-5.1924 loss_task=1.8400 aux_loss={'attn_lb': 2.096137046813965, 'ffn_mi': -2.2191760540008545}
[train] step 400 task=txt_rec loss=0.0180 loss_task=0.0163 aux_loss={'attn_lb': 1.7092506885528564, 'ffn_mi': -1.1920927533992653e-07}
[train] step 500 task=vqa loss=-4.5922 loss_task=1.9685 aux_loss={'attn_lb': 2.241050958633423, 'ffn_mi': -2.133409261703491}
[train] step 600 task=vqa loss=-3.5766 loss_task=2.4763 aux_loss={'attn_lb': 2.294703483581543, 'ffn_mi': -2.1334264278411865}
[train] step 700 task=vqa loss=-5.0799 loss_task=2.0620 aux_loss={'attn_lb': 2.2251033782958984, 'ffn_mi': -2.302105665206909}
[train] step 800 task=vqa loss=-3.8577 loss_task=1.9742 aux_loss={'attn_lb': 2.402839422225952, 'ffn_mi': -1.952751874923706}
[train] step 900 task=txt_cls loss=0.2007 loss_task=0.1990 aux_loss={'attn_lb': 1.7075414657592773, 'ffn_mi': -3.576278118089249e-07}
Elapsed: 20h 26m 24s

===== Epoch 50/50 =====
[train] step 0 task=img_rec loss=0.1565 loss_task=0.1549 aux_loss={'attn_lb': 1.6462312936782837, 'ffn_mi': -2.3872757992648985e-07}
[train] step 100 task=txt_cls loss=0.1960 loss_task=0.1942 aux_loss={'attn_lb': 1.7728604078292847, 'ffn_mi': -3.576278118089249e-07}
[train] step 200 task=vqa loss=-4.2107 loss_task=1.7979 aux_loss={'attn_lb': 2.2924394607543945, 'ffn_mi': -1.9527521133422852}
[train] step 300 task=vqa loss=-5.5921 loss_task=1.9665 aux_loss={'attn_lb': 2.2940304279327393, 'ffn_mi': -2.3823885917663574}
[train] step 400 task=vqa loss=-4.3217 loss_task=1.9262 aux_loss={'attn_lb': 2.3440394401550293, 'ffn_mi': -2.044687271118164}
[train] step 500 task=img_cls loss=0.2183 loss_task=0.2166 aux_loss={'attn_lb': 1.694610595703125, 'ffn_mi': -2.3841573693061946e-07}
[train] step 600 task=vqa loss=-5.6078 loss_task=1.9586 aux_loss={'attn_lb': 2.3124547004699707, 'ffn_mi': -2.3823912143707275}
[train] step 700 task=img_rec loss=0.1696 loss_task=0.1679 aux_loss={'attn_lb': 1.6387486457824707, 'ffn_mi': 1.179028572551033e-07}
[train] step 800 task=txt_rec loss=0.0169 loss_task=0.0152 aux_loss={'attn_lb': 1.6998727321624756, 'ffn_mi': -1.2085183698218316e-07}
[train] step 900 task=txt_cls loss=0.2569 loss_task=0.2551 aux_loss={'attn_lb': 1.7686723470687866, 'ffn_mi': 1.1912432285043906e-07}
Elapsed: 20h 49m 40s
Eval results:
  img_rec: loss = 0.1480, 
  vqa: loss = -2.1891, , acc=0.3521
  txt_rec: loss = 6.6194, 
  txt_cls: loss = 0.3716, , acc=0.8661
  img_cls: loss = 0.1472, , acc=0.9536
