nohup: ignoring input

===== Epoch 1/10 =====
[train] step 0 task=img_cls loss = 5.8458 loss_task = 2.3690 aux_loss = {'attn_mi': -1.108395935034423e-07, 'attn_lb': 0.04026932269334793, 'ffn_text': 614.82421875}
We strongly recommend passing in an `attention_mask` since your input_ids may be padded. See https://huggingface.co/docs/transformers/troubleshooting#incorrect-output-when-padding-tokens-arent-masked.
[train] step 100 task=txt_rec loss = 10.5744 loss_task = 7.6368 aux_loss = {'attn_mi': 0.0, 'attn_lb': 0.020904190838336945, 'ffn_vision': 545.70556640625}
[train] step 200 task=vqa loss = 0.6990 loss_task = 4.8342 aux_loss = {'attn_mi': -0.9539338946342468, 'attn_lb': 0.010987918823957443, 'ffn_text': 534.5472412109375, 'ffn_vision': 524.3076782226562}
[train] step 300 task=txt_cls loss = 3.2910 loss_task = 0.6789 aux_loss = {'attn_mi': 3.9849616939591215e-08, 'attn_lb': 0.000597854726947844, 'ffn_vision': 521.2386474609375}
[train] step 400 task=vqa loss = -2.5601 loss_task = 4.7069 aux_loss = {'attn_mi': -1.2620952129364014, 'attn_lb': 0.0045384191907942295, 'ffn_text': 525.03857421875, 'ffn_vision': 536.67578125}
[train] step 500 task=img_cls loss = 4.9261 loss_task = 2.2988 aux_loss = {'attn_mi': 0.0, 'attn_lb': 0.0015924463514238596, 'ffn_text': 522.2775268554688}
[train] step 600 task=img_cls loss = 4.9597 loss_task = 2.3469 aux_loss = {'attn_mi': 0.0, 'attn_lb': 0.0011130673810839653, 'ffn_text': 520.33203125}
[train] step 700 task=img_cls loss = 4.9412 loss_task = 2.3201 aux_loss = {'attn_mi': 0.0, 'attn_lb': 0.004751584492623806, 'ffn_text': 514.7135009765625}
[train] step 800 task=img_rec loss = 2.9583 loss_task = 0.2808 aux_loss = {'attn_mi': -3.549712062067556e-07, 'attn_lb': 0.0017242587637156248, 'ffn_text': 532.0515747070312}
[train] step 900 task=vqa loss = 0.7216 loss_task = 5.0196 aux_loss = {'attn_mi': -1.020890474319458, 'attn_lb': 0.028002096340060234, 'ffn_text': 580.83984375, 'ffn_vision': 545.3515014648438}
[train] step 1000 task=vqa loss = -1.7877 loss_task = 4.5168 aux_loss = {'attn_mi': -1.149924874305725, 'attn_lb': 0.0022046631202101707, 'ffn_text': 514.9142456054688, 'ffn_vision': 519.6100463867188}
[train] step 1100 task=img_cls loss = 4.3082 loss_task = 1.7264 aux_loss = {'attn_mi': 0.0, 'attn_lb': 0.00010985974222421646, 'ffn_text': 516.1340942382812}
[train] step 1200 task=img_rec loss = 2.8383 loss_task = 0.2689 aux_loss = {'attn_mi': 0.0, 'attn_lb': 4.945119144394994e-05, 'ffn_text': 513.7913818359375}
[train] step 1300 task=vqa loss = -3.6341 loss_task = 4.7382 aux_loss = {'attn_mi': -1.372865080833435, 'attn_lb': 0.017517920583486557, 'ffn_text': 517.0532836914062, 'ffn_vision': 519.197998046875}
[train] step 1400 task=img_cls loss = 3.6887 loss_task = 1.0574 aux_loss = {'attn_mi': -8.072003510051218e-08, 'attn_lb': 0.0009535406716167927, 'ffn_text': 524.35791015625}
[train] step 1500 task=vqa loss = -2.3309 loss_task = 4.7499 aux_loss = {'attn_mi': -1.229038119316101, 'attn_lb': 0.0035310417879372835, 'ffn_text': 518.2205810546875, 'ffn_vision': 516.6279296875}
[train] step 1600 task=txt_rec loss = 6.0010 loss_task = 3.4050 aux_loss = {'attn_mi': 0.0, 'attn_lb': 0.00014754908625036478, 'ffn_vision': 518.923828125}
[train] step 1700 task=txt_rec loss = 6.1830 loss_task = 3.5521 aux_loss = {'attn_mi': 0.0, 'attn_lb': 0.00026501878164708614, 'ffn_vision': 525.63818359375}
[train] step 1800 task=img_rec loss = 2.9744 loss_task = 0.2751 aux_loss = {'attn_mi': -1.1990178450105304e-07, 'attn_lb': 0.0006680870428681374, 'ffn_text': 538.5148315429688}
[train] step 1900 task=img_cls loss = 4.8408 loss_task = 2.2587 aux_loss = {'attn_mi': 0.0, 'attn_lb': 0.00020646967459470034, 'ffn_text': 516.00146484375}
[train] step 2000 task=img_rec loss = 2.8669 loss_task = 0.2794 aux_loss = {'attn_mi': 0.0, 'attn_lb': 0.00011002444080077112, 'ffn_text': 517.27880859375}
[train] step 2100 task=vqa loss = -0.9352 loss_task = 4.4368 aux_loss = {'attn_mi': -1.0658625364303589, 'attn_lb': 0.0034659062512218952, 'ffn_text': 529.4476928710938, 'ffn_vision': 520.9357299804688}
[train] step 2200 task=txt_rec loss = 5.3733 loss_task = 2.7958 aux_loss = {'attn_mi': 0.0, 'attn_lb': 0.0002564019232522696, 'ffn_vision': 514.9874877929688}
[train] step 2300 task=vqa loss = 0.5842 loss_task = 4.2638 aux_loss = {'attn_mi': -0.927692174911499, 'attn_lb': 0.03884328156709671, 'ffn_text': 521.8759765625, 'ffn_vision': 519.9088134765625}
[train] step 2400 task=img_rec loss = 2.8515 loss_task = 0.2541 aux_loss = {'attn_mi': 0.0, 'attn_lb': 6.228852726053447e-05, 'ffn_text': 519.3665161132812}
[train] step 2500 task=txt_cls loss = 3.1773 loss_task = 0.5741 aux_loss = {'attn_mi': -1.9909866466605308e-07, 'attn_lb': 0.0005160426953807473, 'ffn_vision': 519.609130859375}
[train] step 2600 task=img_rec loss = 2.8527 loss_task = 0.2589 aux_loss = {'attn_mi': -9.920493937443098e-08, 'attn_lb': 0.00024644500808790326, 'ffn_text': 518.2688598632812}
[train] step 2700 task=txt_cls loss = 3.0254 loss_task = 0.4455 aux_loss = {'attn_mi': 1.9763611192047392e-08, 'attn_lb': 4.42145683337003e-05, 'ffn_vision': 515.88623046875}
[train] step 2800 task=vqa loss = -0.0479 loss_task = 4.4046 aux_loss = {'attn_mi': -0.9756415486335754, 'attn_lb': 0.009679045528173447, 'ffn_text': 521.8058471679688, 'ffn_vision': 519.61328125}
[train] step 2900 task=txt_rec loss = 4.7622 loss_task = 2.1824 aux_loss = {'attn_mi': -9.883684271017046e-08, 'attn_lb': 0.00019009719835594296, 'ffn_vision': 515.5880126953125}
[train] step 3000 task=txt_rec loss = 4.8946 loss_task = 2.3183 aux_loss = {'attn_mi': -3.9559559183999227e-08, 'attn_lb': 8.841030648909509e-05, 'ffn_vision': 515.0865478515625}
[train] step 3100 task=txt_rec loss = 4.5840 loss_task = 2.0014 aux_loss = {'attn_mi': -1.5880691250913515e-07, 'attn_lb': 5.516815872397274e-05, 'ffn_vision': 516.39599609375}
[train] step 3200 task=txt_rec loss = 4.3782 loss_task = 1.7954 aux_loss = {'attn_mi': 0.0, 'attn_lb': 0.00018439115956425667, 'ffn_vision': 516.191162109375}
[train] step 3300 task=txt_rec loss = 4.4637 loss_task = 1.8770 aux_loss = {'attn_mi': -7.952796465815481e-08, 'attn_lb': 8.245481876656413e-05, 'ffn_vision': 517.1776733398438}
[train] step 3400 task=vqa loss = -0.5965 loss_task = 4.3756 aux_loss = {'attn_mi': -1.0219048261642456, 'attn_lb': 0.006806157995015383, 'ffn_text': 517.3602294921875, 'ffn_vision': 518.4119262695312}
[train] step 3500 task=img_rec loss = 2.8221 loss_task = 0.2565 aux_loss = {'attn_mi': -2.1818587470079365e-07, 'attn_lb': 0.00010919879423454404, 'ffn_text': 512.9020385742188}
[train] step 3600 task=vqa loss = -1.4751 loss_task = 3.4431 aux_loss = {'attn_mi': -1.0219788551330566, 'attn_lb': 0.006522770971059799, 'ffn_text': 517.7989501953125, 'ffn_vision': 529.4758911132812}
[train] step 3700 task=vqa loss = -2.9521 loss_task = 3.3701 aux_loss = {'attn_mi': -1.1506690979003906, 'attn_lb': 0.00035784393548965454, 'ffn_text': 513.3475341796875, 'ffn_vision': 522.8327026367188}
[train] step 3800 task=vqa loss = -0.3429 loss_task = 4.1055 aux_loss = {'attn_mi': -0.9759935140609741, 'attn_lb': 0.01050250232219696, 'ffn_text': 523.86962890625, 'ffn_vision': 517.4261474609375}
[train] step 3900 task=txt_cls loss = 2.8752 loss_task = 0.2955 aux_loss = {'attn_mi': 0.0, 'attn_lb': 0.00010533785098232329, 'ffn_vision': 515.7206420898438}
[train] step 4000 task=img_rec loss = 2.8286 loss_task = 0.2627 aux_loss = {'attn_mi': -7.951301483899442e-08, 'attn_lb': 4.737496055895463e-06, 'ffn_text': 513.18701171875}
[train] step 4100 task=vqa loss = -0.5544 loss_task = 3.9360 aux_loss = {'attn_mi': -0.9760524034500122, 'attn_lb': 0.011821959167718887, 'ffn_text': 513.550537109375, 'ffn_vision': 516.8302001953125}
[train] step 4200 task=vqa loss = -1.3135 loss_task = 3.7101 aux_loss = {'attn_mi': -1.0221315622329712, 'attn_lb': 0.004761014133691788, 'ffn_text': 512.8005981445312, 'ffn_vision': 517.2156372070312}
[train] step 4300 task=txt_cls loss = 2.9578 loss_task = 0.3729 aux_loss = {'attn_mi': 0.0, 'attn_lb': 4.593559424392879e-05, 'ffn_vision': 516.8955078125}
[train] step 4400 task=txt_cls loss = 2.9855 loss_task = 0.3961 aux_loss = {'attn_mi': -5.996123775275919e-08, 'attn_lb': 0.0001127846771851182, 'ffn_vision': 517.6676635742188}
[train] step 4500 task=vqa loss = -2.1809 loss_task = 4.5715 aux_loss = {'attn_mi': -1.1909488439559937, 'attn_lb': 0.0009851951617747545, 'ffn_text': 513.2620849609375, 'ffn_vision': 516.1857299804688}
[train] step 4600 task=txt_rec loss = 3.8729 loss_task = 1.3019 aux_loss = {'attn_mi': 0.0, 'attn_lb': 3.647967241704464e-05, 'ffn_vision': 514.1305541992188}
[train] step 4700 task=vqa loss = -0.9563 loss_task = 3.5828 aux_loss = {'attn_mi': -0.9762246012687683, 'attn_lb': 0.008410833775997162, 'ffn_text': 512.7206420898438, 'ffn_vision': 515.091064453125}
[train] step 4800 task=vqa loss = -3.2446 loss_task = 3.5202 aux_loss = {'attn_mi': -1.1910793781280518, 'attn_lb': 0.0008419430814683437, 'ffn_text': 512.7462158203125, 'ffn_vision': 514.7811279296875}
[train] step 4900 task=vqa loss = -1.6182 loss_task = 3.4208 aux_loss = {'attn_mi': -1.0222499370574951, 'attn_lb': 0.004493932705372572, 'ffn_text': 512.6565551757812, 'ffn_vision': 515.0639038085938}
[train] step 5000 task=vqa loss = -3.3190 loss_task = 3.0562 aux_loss = {'attn_mi': -1.1509945392608643, 'attn_lb': 8.698835154064e-05, 'ffn_text': 512.6124877929688, 'ffn_vision': 514.1699829101562}
[train] step 5100 task=vqa loss = -1.3543 loss_task = 3.1941 aux_loss = {'attn_mi': -0.9763413667678833, 'attn_lb': 0.008218010887503624, 'ffn_text': 512.56787109375, 'ffn_vision': 513.9915161132812}
[train] step 5200 task=vqa loss = -4.0353 loss_task = 4.1169 aux_loss = {'attn_mi': -1.3397657871246338, 'attn_lb': 0.011118258349597454, 'ffn_text': 512.6316528320312, 'ffn_vision': 514.2177734375}
[train] step 5300 task=vqa loss = -1.3622 loss_task = 4.1533 aux_loss = {'attn_mi': -1.0666651725769043, 'attn_lb': 0.0019431824330240488, 'ffn_text': 512.6836547851562, 'ffn_vision': 513.66796875}
[train] step 5400 task=vqa loss = -1.9244 loss_task = 3.5856 aux_loss = {'attn_mi': -1.0666502714157104, 'attn_lb': 0.0020838796626776457, 'ffn_text': 512.555908203125, 'ffn_vision': 514.568359375}
[train] step 5500 task=vqa loss = -1.2215 loss_task = 3.8242 aux_loss = {'attn_mi': -1.0223112106323242, 'attn_lb': 0.0044069308787584305, 'ffn_text': 512.5549926757812, 'ffn_vision': 514.1092529296875}
[train] step 5600 task=vqa loss = -0.7365 loss_task = 3.2853 aux_loss = {'attn_mi': -0.9286691546440125, 'attn_lb': 0.013257062993943691, 'ffn_text': 512.60107421875, 'ffn_vision': 513.85107421875}
[train] step 5700 task=vqa loss = -2.0895 loss_task = 4.2899 aux_loss = {'attn_mi': -1.151017427444458, 'attn_lb': 0.00010812835535034537, 'ffn_text': 512.6361083984375, 'ffn_vision': 513.292236328125}
[train] step 5800 task=vqa loss = -3.8816 loss_task = 3.6208 aux_loss = {'attn_mi': -1.267749547958374, 'attn_lb': 0.004403972066938877, 'ffn_text': 512.5081176757812, 'ffn_vision': 513.7091064453125}
[train] step 5900 task=vqa loss = -2.7637 loss_task = 4.0107 aux_loss = {'attn_mi': -1.191172480583191, 'attn_lb': 0.0008341681677848101, 'ffn_text': 512.57080078125, 'ffn_vision': 513.2296142578125}
[train] step 6000 task=vqa loss = -2.1644 loss_task = 3.3512 aux_loss = {'attn_mi': -1.066683053970337, 'attn_lb': 0.0019250488840043545, 'ffn_text': 512.5830078125, 'ffn_vision': 513.799072265625}
[train] step 6100 task=vqa loss = -2.6245 loss_task = 3.3342 aux_loss = {'attn_mi': -1.1095503568649292, 'attn_lb': 0.000622022373136133, 'ffn_text': 512.6703491210938, 'ffn_vision': 513.4351806640625}
[train] step 6200 task=vqa loss = -0.7229 loss_task = 3.8290 aux_loss = {'attn_mi': -0.976348876953125, 'attn_lb': 0.008180325850844383, 'ffn_text': 512.6950073242188, 'ffn_vision': 513.2691650390625}
[train] step 6300 task=vqa loss = -2.1792 loss_task = 3.3295 aux_loss = {'attn_mi': -1.0666894912719727, 'attn_lb': 0.002714041154831648, 'ffn_text': 512.5888061523438, 'ffn_vision': 513.614013671875}
[train] step 6400 task=vqa loss = -2.9319 loss_task = 3.0288 aux_loss = {'attn_mi': -1.1095582246780396, 'attn_lb': 0.0005551068461500108, 'ffn_text': 512.7432861328125, 'ffn_vision': 513.114990234375}
[train] step 6500 task=vqa loss = -2.0006 loss_task = 3.5162 aux_loss = {'attn_mi': -1.0666847229003906, 'attn_lb': 0.0019138348288834095, 'ffn_text': 512.6203002929688, 'ffn_vision': 513.5680541992188}
[train] step 6600 task=vqa loss = -2.0981 loss_task = 3.4206 aux_loss = {'attn_mi': -1.0666959285736084, 'attn_lb': 0.0019177593057975173, 'ffn_text': 512.470703125, 'ffn_vision': 513.3579711914062}
[train] step 6700 task=vqa loss = -1.4015 loss_task = 3.6345 aux_loss = {'attn_mi': -1.0223162174224854, 'attn_lb': 0.004498507361859083, 'ffn_text': 512.6619873046875, 'ffn_vision': 515.782470703125}
[train] step 6800 task=vqa loss = -1.7937 loss_task = 3.2564 aux_loss = {'attn_mi': -1.0223157405853271, 'attn_lb': 0.004501127637922764, 'ffn_text': 512.5519409179688, 'ffn_vision': 513.064697265625}
[train] step 6900 task=vqa loss = -1.1511 loss_task = 3.3995 aux_loss = {'attn_mi': -0.9763549566268921, 'attn_lb': 0.008169300854206085, 'ffn_text': 512.4794921875, 'ffn_vision': 513.78173828125}
[train] step 7000 task=vqa loss = -2.4895 loss_task = 3.0235 aux_loss = {'attn_mi': -1.0666944980621338, 'attn_lb': 0.0020083445124328136, 'ffn_text': 512.4454345703125, 'ffn_vision': 514.3311157226562}
[train] step 7100 task=vqa loss = -2.8273 loss_task = 3.1343 aux_loss = {'attn_mi': -1.1095584630966187, 'attn_lb': 0.0007620411342941225, 'ffn_text': 512.4691162109375, 'ffn_vision': 512.8121337890625}
[train] step 7200 task=vqa loss = -2.2443 loss_task = 3.2644 aux_loss = {'attn_mi': -1.0666897296905518, 'attn_lb': 0.0020095505751669407, 'ffn_text': 512.6911010742188, 'ffn_vision': 514.9369506835938}
[train] step 7300 task=vqa loss = -0.7475 loss_task = 3.8026 aux_loss = {'attn_mi': -0.976352334022522, 'attn_lb': 0.008325686678290367, 'ffn_text': 512.6080322265625, 'ffn_vision': 513.4200439453125}
[train] step 7400 task=vqa loss = -2.1066 loss_task = 2.9414 aux_loss = {'attn_mi': -1.022308111190796, 'attn_lb': 0.004930954426527023, 'ffn_text': 512.57275390625, 'ffn_vision': 512.58544921875}
[train] step 7500 task=vqa loss = -2.0944 loss_task = 2.4419 aux_loss = {'attn_mi': -0.9763560891151428, 'attn_lb': 0.008330252021551132, 'ffn_text': 512.6114501953125, 'ffn_vision': 516.1719360351562}
[train] step 7600 task=vqa loss = -1.7668 loss_task = 2.7779 aux_loss = {'attn_mi': -0.9763520956039429, 'attn_lb': 0.008356759324669838, 'ffn_text': 512.4967651367188, 'ffn_vision': 514.5474243164062}
[train] step 7700 task=vqa loss = -1.2202 loss_task = 3.3216 aux_loss = {'attn_mi': -0.9763023853302002, 'attn_lb': 0.008392948657274246, 'ffn_text': 512.6106567382812, 'ffn_vision': 514.8421630859375}
[train] step 7800 task=vqa loss = -1.7921 loss_task = 3.2519 aux_loss = {'attn_mi': -1.0223119258880615, 'attn_lb': 0.004567138850688934, 'ffn_text': 512.53271484375, 'ffn_vision': 514.1572875976562}
[train] step 7900 task=vqa loss = -2.8444 loss_task = 2.2194 aux_loss = {'attn_mi': -1.0223064422607422, 'attn_lb': 0.004519820678979158, 'ffn_text': 512.60107421875, 'ffn_vision': 510.22015380859375}
[train] step 8000 task=vqa loss = -2.8342 loss_task = 2.6825 aux_loss = {'attn_mi': -1.0666871070861816, 'attn_lb': 0.0021256289910525084, 'ffn_text': 512.676025390625, 'ffn_vision': 513.0987548828125}
[train] step 8100 task=vqa loss = -1.1450 loss_task = 2.8824 aux_loss = {'attn_mi': -0.9286850690841675, 'attn_lb': 0.013377013616263866, 'ffn_text': 512.603759765625, 'ffn_vision': 512.5234375}
[train] step 8200 task=vqa loss = -3.2856 loss_task = 3.0985 aux_loss = {'attn_mi': -1.1510329246520996, 'attn_lb': 0.0005025463760830462, 'ffn_text': 512.5074462890625, 'ffn_vision': 511.726318359375}
[train] step 8300 task=vqa loss = -1.4445 loss_task = 2.5923 aux_loss = {'attn_mi': -0.9286745190620422, 'attn_lb': 0.013432994484901428, 'ffn_text': 512.5377197265625, 'ffn_vision': 510.5774841308594}
[train] step 8400 task=vqa loss = -5.0330 loss_task = 2.1135 aux_loss = {'attn_mi': -1.2300565242767334, 'attn_lb': 0.0021573712583631277, 'ffn_text': 512.4432373046875, 'ffn_vision': 514.039306640625}
[train] step 8500 task=vqa loss = -1.9806 loss_task = 2.5747 aux_loss = {'attn_mi': -0.9763471484184265, 'attn_lb': 0.008230732753872871, 'ffn_text': 512.53759765625, 'ffn_vision': 512.650634765625}
[train] step 8600 task=vqa loss = -2.5648 loss_task = 2.4856 aux_loss = {'attn_mi': -1.0223238468170166, 'attn_lb': 0.004455184563994408, 'ffn_text': 512.4089965820312, 'ffn_vision': 513.237060546875}
[train] step 8700 task=vqa loss = -3.3089 loss_task = 2.6537 aux_loss = {'attn_mi': -1.1095689535140991, 'attn_lb': 0.0004974688054062426, 'ffn_text': 512.4636840820312, 'ffn_vision': 513.1649780273438}
[train] step 8800 task=vqa loss = -3.7976 loss_task = 2.9754 aux_loss = {'attn_mi': -1.1911767721176147, 'attn_lb': 0.0007898502517491579, 'ffn_text': 512.4744873046875, 'ffn_vision': 513.69921875}
[train] step 8900 task=vqa loss = -2.1011 loss_task = 2.9505 aux_loss = {'attn_mi': -1.0223205089569092, 'attn_lb': 0.0045907096937298775, 'ffn_text': 512.5101928710938, 'ffn_vision': 512.633056640625}
[train] step 9000 task=vqa loss = -0.7263 loss_task = 2.7463 aux_loss = {'attn_mi': -0.8791735768318176, 'attn_lb': 0.01981407403945923, 'ffn_text': 512.50341796875, 'ffn_vision': 511.68646240234375}
[train] step 9100 task=vqa loss = -2.0851 loss_task = 2.4604 aux_loss = {'attn_mi': -0.9763088822364807, 'attn_lb': 0.00837034359574318, 'ffn_text': 512.413330078125, 'ffn_vision': 514.3692626953125}
[train] step 9200 task=vqa loss = -1.3963 loss_task = 2.6371 aux_loss = {'attn_mi': -0.9286844730377197, 'attn_lb': 0.013546883128583431, 'ffn_text': 512.485595703125, 'ffn_vision': 511.11083984375}
[train] step 9300 task=vqa loss = -2.0503 loss_task = 3.0069 aux_loss = {'attn_mi': -1.0223259925842285, 'attn_lb': 0.004785122349858284, 'ffn_text': 512.4932250976562, 'ffn_vision': 511.14642333984375}
[train] step 9400 task=vqa loss = -1.4585 loss_task = 2.5767 aux_loss = {'attn_mi': -0.9286918640136719, 'attn_lb': 0.013723369687795639, 'ffn_text': 512.4348754882812, 'ffn_vision': 510.4686279296875}
[train] step 9500 task=vqa loss = -2.0218 loss_task = 2.0156 aux_loss = {'attn_mi': -0.9286902546882629, 'attn_lb': 0.01326940767467022, 'ffn_text': 512.4161987304688, 'ffn_vision': 510.9375}
[train] step 9600 task=vqa loss = -4.0727 loss_task = 2.6926 aux_loss = {'attn_mi': -1.191182255744934, 'attn_lb': 0.0009032284142449498, 'ffn_text': 512.4063720703125, 'ffn_vision': 515.0820922851562}
[train] step 9700 task=vqa loss = -1.8468 loss_task = 2.7148 aux_loss = {'attn_mi': -0.9763691425323486, 'attn_lb': 0.00830305740237236, 'ffn_text': 512.45556640625, 'ffn_vision': 511.356201171875}
[train] step 9800 task=vqa loss = -5.1200 loss_task = 3.0373 aux_loss = {'attn_mi': -1.3398116827011108, 'attn_lb': 0.011097194626927376, 'ffn_text': 512.4446411132812, 'ffn_vision': 513.5217895507812}
[train] step 9900 task=vqa loss = -3.2228 loss_task = 3.1566 aux_loss = {'attn_mi': -1.1510446071624756, 'attn_lb': 0.00013486953685060143, 'ffn_text': 512.43115234375, 'ffn_vision': 513.4955444335938}
[train] step 10000 task=vqa loss = -2.2505 loss_task = 2.8115 aux_loss = {'attn_mi': -1.02231764793396, 'attn_lb': 0.00449013477191329, 'ffn_text': 512.46533203125, 'ffn_vision': 510.788330078125}
Eval results:
Traceback (most recent call last):
  File "/home/necphy/Documents/duc_docs/semcom_journal/src/main.py", line 191, in <module>
    f"loss = {r['total_loss']:.4f}, "
KeyError: 'total_loss'
