nohup: ignoring input
Process ID: 3867
--- Model Configuration:
  d_model: 768
  n_layers: 8
  n_modalities: 2
  active_modalities: ['vision', 'text']
  task_output_dims: {'img_cls': 10, 'img_rec': None, 'txt_cls': 2, 'txt_rec': 30522, 'vqa': 3129}
  n_tasks: 5
  max_seq_len: 512
  img_size: 224
  patch_size: 16
  attn_n_heads: 12
  attn_head_dim: 64
  attn_topk: 2
  attn_shared_heads: 2
  attn_router_dropout: 0.1
  msoe_modality_blk_hidden: 1536
  msoe_topk: 1
  msoe_n_experts: 4
  mtoe_expert_hidden: 3072
  crossmodal_threshold: 0.5
  dropout: 0.1
  channel_hidden: 3072
  transmit_dim: 192
  attn_lb_weight: 1.0
  ffn_mod_lb_weight: 1.0
  ffn_compute_weight: 1.0
  ffn_align_weight: 10.0
  img_rec_loss_weight: 1.0
  img_cls_loss_weight: 1.0
  vqa_loss_weight: 1.0
  txt_rec_loss_weight: 1.0
  txt_cls_loss_weight: 1.0
  spc_loss_weight: 1.0
Run Configuration:
  task_selection: ['img_rec', 'img_cls', 'vqa', 'txt_rec', 'txt_cls']
  sample_task_probs: [0.15, 0.05, 0.6, 0.15, 0.05]
  train_batch_size: 64
  test_batch_size: 64
  steps_per_epoch: 1000
  eval_steps: 500
  num_epochs: 30
  vocab_size: 30522
  vqa_answer_vocab_size: 3000
  snr_dB: 15.0
  fading: none
  rician_k: 3.0
Loading weights:   0%|          | 0/200 [00:00<?, ?it/s]Loading weights: 100%|██████████| 200/200 [00:00<00:00, 19958.15it/s]
Loading weights:   0%|          | 0/199 [00:00<?, ?it/s]Loading weights: 100%|██████████| 199/199 [00:00<00:00, 19023.74it/s]
[transformers] [1mBertModel LOAD REPORT[0m from: bert-base-uncased
Key                                        | Status     |  | 
-------------------------------------------+------------+--+-
cls.predictions.transform.dense.bias       | UNEXPECTED |  | 
cls.predictions.transform.dense.weight     | UNEXPECTED |  | 
cls.predictions.transform.LayerNorm.weight | UNEXPECTED |  | 
cls.predictions.bias                       | UNEXPECTED |  | 
cls.seq_relationship.bias                  | UNEXPECTED |  | 
cls.seq_relationship.weight                | UNEXPECTED |  | 
cls.predictions.transform.LayerNorm.bias   | UNEXPECTED |  | 

Notes:
- UNEXPECTED:	can be ignored when loading from different task/architecture; not ok if you expect identical arch.
Trainable parameters: 246,057,863

===== Epoch 1/30 =====
[train] step 0 task=txt_cls loss=12.2331 loss_task=0.9936 aux_loss={'attn_lb': 2.703125238418579, 'ffn_compute': 3.1856656074523926, 'ffn_align': 0.21649985015392303, 'ffn_mod_lb': 3.1856656074523926}
[train] step 100 task=vqa loss=35.7199 loss_task=7.7584 aux_loss={'attn_lb': 2.4206488132476807, 'ffn_compute': 3.4510045051574707, 'ffn_align': 0.07788537442684174, 'ffn_mod_lb': 3.4510045051574707}
[train] step 200 task=txt_rec loss=14.9126 loss_task=9.8587 aux_loss={'attn_lb': 2.1878557205200195, 'ffn_compute': 1.37520432472229, 'ffn_align': 0.01156105101108551, 'ffn_mod_lb': 1.37520432472229}
[train] step 300 task=vqa loss=24.2101 loss_task=5.9961 aux_loss={'attn_lb': 2.013481616973877, 'ffn_compute': 2.0434794425964355, 'ffn_align': 0.0008515868103131652, 'ffn_mod_lb': 2.0434794425964355}
[train] step 400 task=vqa loss=22.2409 loss_task=5.0868 aux_loss={'attn_lb': 2.0063440799713135, 'ffn_compute': 2.013326406478882, 'ffn_align': 5.9600890381261706e-05, 'ffn_mod_lb': 2.013326406478882}
[train] step 500 task=txt_rec loss=11.7382 loss_task=7.6683 aux_loss={'attn_lb': 2.0226540565490723, 'ffn_compute': 1.0234589576721191, 'ffn_align': 3.447398921707645e-05, 'ffn_mod_lb': 1.0234589576721191}
[train] step 600 task=vqa loss=22.2334 loss_task=5.0456 aux_loss={'attn_lb': 2.012605905532837, 'ffn_compute': 2.0291459560394287, 'ffn_align': 2.1547179130720906e-05, 'ffn_mod_lb': 2.0291459560394287}
[train] step 700 task=img_rec loss=4.3107 loss_task=0.2961 aux_loss={'attn_lb': 2.0074288845062256, 'ffn_compute': 1.0036289691925049, 'ffn_align': 1.0794750693321475e-07, 'ffn_mod_lb': 1.0036289691925049}
[train] step 800 task=vqa loss=22.6622 loss_task=5.2580 aux_loss={'attn_lb': 2.0147297382354736, 'ffn_compute': 2.027153730392456, 'ffn_align': 0.0004067088011652231, 'ffn_mod_lb': 2.027153730392456}
[train] step 900 task=vqa loss=20.2312 loss_task=4.0117 aux_loss={'attn_lb': 2.0310895442962646, 'ffn_compute': 2.0336754322052, 'ffn_align': 0.0005442656110972166, 'ffn_mod_lb': 2.0336754322052}
Elapsed: 0h 6m 24s

===== Epoch 2/30 =====
[train] step 0 task=vqa loss=21.8534 loss_task=4.8427 aux_loss={'attn_lb': 2.0163912773132324, 'ffn_compute': 2.0311899185180664, 'ffn_align': 0.0005282234633341432, 'ffn_mod_lb': 2.0311899185180664}
[train] step 100 task=vqa loss=19.4940 loss_task=3.6384 aux_loss={'attn_lb': 2.016591787338257, 'ffn_compute': 2.043431520462036, 'ffn_align': 0.0005121321883052588, 'ffn_mod_lb': 2.043431520462036}
[train] step 200 task=txt_rec loss=8.9350 loss_task=4.8631 aux_loss={'attn_lb': 2.014954090118408, 'ffn_compute': 1.0284497737884521, 'ffn_align': 1.649005753279198e-06, 'ffn_mod_lb': 1.0284497737884521}
[train] step 300 task=vqa loss=18.9965 loss_task=3.4184 aux_loss={'attn_lb': 2.0225462913513184, 'ffn_compute': 2.0258617401123047, 'ffn_align': 0.0005615205154754221, 'ffn_mod_lb': 2.0258617401123047}
[train] step 400 task=img_rec loss=4.4444 loss_task=0.2582 aux_loss={'attn_lb': 2.0534791946411133, 'ffn_compute': 1.0663777589797974, 'ffn_align': 3.016192504090576e-11, 'ffn_mod_lb': 1.0663777589797974}
[train] step 500 task=vqa loss=19.1963 loss_task=3.5193 aux_loss={'attn_lb': 2.0268378257751465, 'ffn_compute': 2.0238616466522217, 'ffn_align': 0.0004298540879972279, 'ffn_mod_lb': 2.0238616466522217}
[train] step 600 task=vqa loss=19.0376 loss_task=3.4466 aux_loss={'attn_lb': 2.013657569885254, 'ffn_compute': 2.02644681930542, 'ffn_align': 0.0005618982249870896, 'ffn_mod_lb': 2.02644681930542}
[train] step 700 task=txt_rec loss=8.4606 loss_task=4.2851 aux_loss={'attn_lb': 2.045578956604004, 'ffn_compute': 1.064932942390442, 'ffn_align': 3.460073912719963e-06, 'ffn_mod_lb': 1.064932942390442}
[train] step 800 task=vqa loss=18.6965 loss_task=3.2701 aux_loss={'attn_lb': 2.020721912384033, 'ffn_compute': 2.0262014865875244, 'ffn_align': 0.0005049146711826324, 'ffn_mod_lb': 2.0262014865875244}
[train] step 900 task=img_rec loss=4.5477 loss_task=0.2442 aux_loss={'attn_lb': 2.0940067768096924, 'ffn_compute': 1.104719877243042, 'ffn_align': 3.4786795839736318e-12, 'ffn_mod_lb': 1.104719877243042}
Elapsed: 0h 12m 56s

===== Epoch 3/30 =====
[train] step 0 task=vqa loss=19.5202 loss_task=3.6465 aux_loss={'attn_lb': 2.035710096359253, 'ffn_compute': 2.0358269214630127, 'ffn_align': 0.0006266875425353646, 'ffn_mod_lb': 2.0358269214630127}
[train] step 100 task=vqa loss=17.1590 loss_task=2.5160 aux_loss={'attn_lb': 2.015806198120117, 'ffn_compute': 2.0211987495422363, 'ffn_align': 0.0005336150643415749, 'ffn_mod_lb': 2.0211987495422363}
[train] step 200 task=vqa loss=19.4526 loss_task=3.6353 aux_loss={'attn_lb': 2.020174741744995, 'ffn_compute': 2.0329437255859375, 'ffn_align': 0.0004994957125745714, 'ffn_mod_lb': 2.0329437255859375}
[train] step 300 task=vqa loss=19.2923 loss_task=3.5065 aux_loss={'attn_lb': 2.0249671936035156, 'ffn_compute': 2.0547285079956055, 'ffn_align': 0.0005153960664756596, 'ffn_mod_lb': 2.0547285079956055}
[train] step 400 task=vqa loss=17.3831 loss_task=2.5992 aux_loss={'attn_lb': 2.0264711380004883, 'ffn_compute': 2.030430316925049, 'ffn_align': 0.0005026443977840245, 'ffn_mod_lb': 2.030430316925049}
[train] step 500 task=txt_rec loss=7.2128 loss_task=3.1315 aux_loss={'attn_lb': 2.0369603633880615, 'ffn_compute': 1.0221728086471558, 'ffn_align': 1.3003457866034296e-07, 'ffn_mod_lb': 1.0221728086471558}
[train] step 600 task=vqa loss=17.3400 loss_task=2.5259 aux_loss={'attn_lb': 2.035231828689575, 'ffn_compute': 2.051379442214966, 'ffn_align': 0.0006093410192988813, 'ffn_mod_lb': 2.051379442214966}
[train] step 700 task=vqa loss=18.3142 loss_task=3.1157 aux_loss={'attn_lb': 2.013853073120117, 'ffn_compute': 2.010867118835449, 'ffn_align': 0.0005815018666908145, 'ffn_mod_lb': 2.010867118835449}
[train] step 800 task=txt_rec loss=7.0976 loss_task=2.9068 aux_loss={'attn_lb': 2.040599822998047, 'ffn_compute': 1.075126051902771, 'ffn_align': 2.6187950652456493e-07, 'ffn_mod_lb': 1.075126051902771}
[train] step 900 task=vqa loss=19.0492 loss_task=3.3469 aux_loss={'attn_lb': 2.0393664836883545, 'ffn_compute': 2.066282033920288, 'ffn_align': 0.0005755436141043901, 'ffn_mod_lb': 2.066282033920288}
Elapsed: 0h 19m 21s

===== Epoch 4/30 =====
[train] step 0 task=vqa loss=18.9832 loss_task=3.3993 aux_loss={'attn_lb': 2.0194480419158936, 'ffn_compute': 2.0335631370544434, 'ffn_align': 0.0005721313646063209, 'ffn_mod_lb': 2.0335631370544434}
[train] step 100 task=txt_rec loss=6.7247 loss_task=2.6601 aux_loss={'attn_lb': 2.0129761695861816, 'ffn_compute': 1.025823950767517, 'ffn_align': 4.988302180208848e-07, 'ffn_mod_lb': 1.025823950767517}
[train] step 200 task=img_rec loss=4.3213 loss_task=0.2309 aux_loss={'attn_lb': 2.039783477783203, 'ffn_compute': 1.0252737998962402, 'ffn_align': 3.7638010763618723e-11, 'ffn_mod_lb': 1.0252737998962402}
[train] step 300 task=img_rec loss=4.4789 loss_task=0.2249 aux_loss={'attn_lb': 2.114595651626587, 'ffn_compute': 1.0696746110916138, 'ffn_align': 8.16110980877971e-12, 'ffn_mod_lb': 1.0696746110916138}
[train] step 400 task=img_cls loss=4.5868 loss_task=0.4060 aux_loss={'attn_lb': 2.0646584033966064, 'ffn_compute': 1.0580980777740479, 'ffn_align': 5.006326020406959e-09, 'ffn_mod_lb': 1.0580980777740479}
[train] step 500 task=vqa loss=17.8894 loss_task=2.8875 aux_loss={'attn_lb': 2.009762763977051, 'ffn_compute': 2.020810604095459, 'ffn_align': 0.0005850337911397219, 'ffn_mod_lb': 2.020810604095459}
[train] step 600 task=vqa loss=18.8271 loss_task=3.3157 aux_loss={'attn_lb': 2.0342800617218018, 'ffn_compute': 2.028198719024658, 'ffn_align': 0.0007229568436741829, 'ffn_mod_lb': 2.028198719024658}
[train] step 700 task=vqa loss=17.9132 loss_task=2.8836 aux_loss={'attn_lb': 2.0163192749023438, 'ffn_compute': 2.025242328643799, 'ffn_align': 0.0006168476538732648, 'ffn_mod_lb': 2.025242328643799}
[train] step 800 task=vqa loss=19.3020 loss_task=3.6016 aux_loss={'attn_lb': 2.0171656608581543, 'ffn_compute': 2.0127861499786377, 'ffn_align': 0.000662253936752677, 'ffn_mod_lb': 2.0127861499786377}
[train] step 900 task=vqa loss=19.2965 loss_task=3.5848 aux_loss={'attn_lb': 2.0220444202423096, 'ffn_compute': 2.017505645751953, 'ffn_align': 0.0006387121393345296, 'ffn_mod_lb': 2.017505645751953}
Elapsed: 0h 25m 51s

===== Epoch 5/30 =====
[train] step 0 task=txt_cls loss=4.6593 loss_task=0.6141 aux_loss={'attn_lb': 2.016340970993042, 'ffn_compute': 1.0144320726394653, 'ffn_align': 2.7711286598730567e-09, 'ffn_mod_lb': 1.0144320726394653}
[train] step 100 task=vqa loss=18.8928 loss_task=3.3868 aux_loss={'attn_lb': 2.0206358432769775, 'ffn_compute': 2.016589641571045, 'ffn_align': 0.0005790793220512569, 'ffn_mod_lb': 2.016589641571045}
[train] step 200 task=vqa loss=15.9214 loss_task=1.9269 aux_loss={'attn_lb': 2.0098626613616943, 'ffn_compute': 2.0093255043029785, 'ffn_align': 0.0005253656418062747, 'ffn_mod_lb': 2.0093255043029785}
[train] step 300 task=txt_rec loss=5.6487 loss_task=1.6259 aux_loss={'attn_lb': 2.0210609436035156, 'ffn_compute': 1.0008699893951416, 'ffn_align': 8.119376815329815e-08, 'ffn_mod_lb': 1.0008699893951416}
[train] step 400 task=txt_rec loss=5.7298 loss_task=1.6792 aux_loss={'attn_lb': 2.0143702030181885, 'ffn_compute': 1.0181111097335815, 'ffn_align': 1.240319704720605e-07, 'ffn_mod_lb': 1.0181111097335815}
[train] step 500 task=txt_rec loss=5.6629 loss_task=1.6355 aux_loss={'attn_lb': 2.0101537704467773, 'ffn_compute': 1.008609652519226, 'ffn_align': 4.036101927340496e-06, 'ffn_mod_lb': 1.008609652519226}
[train] step 600 task=txt_cls loss=4.7193 loss_task=0.6699 aux_loss={'attn_lb': 2.0252928733825684, 'ffn_compute': 1.0120493173599243, 'ffn_align': 6.325527879269544e-10, 'ffn_mod_lb': 1.0120493173599243}
[train] step 700 task=vqa loss=17.8570 loss_task=2.8432 aux_loss={'attn_lb': 2.044929027557373, 'ffn_compute': 2.017644166946411, 'ffn_align': 0.0005102516734041274, 'ffn_mod_lb': 2.017644166946411}
[train] step 800 task=vqa loss=16.9669 loss_task=2.4386 aux_loss={'attn_lb': 2.014435052871704, 'ffn_compute': 2.012235164642334, 'ffn_align': 0.0005935397930443287, 'ffn_mod_lb': 2.012235164642334}
[train] step 900 task=img_rec loss=4.2150 loss_task=0.1684 aux_loss={'attn_lb': 2.0138425827026367, 'ffn_compute': 1.016394853591919, 'ffn_align': 9.801564421207942e-11, 'ffn_mod_lb': 1.016394853591919}
Elapsed: 0h 32m 12s
Eval results:
  txt_cls: loss = 4.3880, task_loss = 0.3424, , acc=0.8293
  txt_rec: loss = 5.6505, task_loss = 1.5956, 
  vqa: loss = 9.0073, task_loss = 2.9047, , acc=0.3532
  img_rec: loss = 4.1621, task_loss = 0.1495, 
  img_cls: loss = 4.1942, task_loss = 0.1488, , acc=0.9585

===== Epoch 6/30 =====
[train] step 0 task=vqa loss=18.8207 loss_task=3.3642 aux_loss={'attn_lb': 2.0069169998168945, 'ffn_compute': 2.017164945602417, 'ffn_align': 0.000493127154186368, 'ffn_mod_lb': 2.017164945602417}
[train] step 100 task=vqa loss=19.4037 loss_task=3.6337 aux_loss={'attn_lb': 2.0163049697875977, 'ffn_compute': 2.022706985473633, 'ffn_align': 0.0006390385096892715, 'ffn_mod_lb': 2.022706985473633}
[train] step 200 task=txt_rec loss=5.3477 loss_task=1.3131 aux_loss={'attn_lb': 2.0255320072174072, 'ffn_compute': 1.0045334100723267, 'ffn_align': 1.761005137268512e-07, 'ffn_mod_lb': 1.0045334100723267}
[train] step 300 task=txt_rec loss=5.2464 loss_task=1.1829 aux_loss={'attn_lb': 2.0164451599121094, 'ffn_compute': 1.0235388278961182, 'ffn_align': 2.653116126793975e-08, 'ffn_mod_lb': 1.0235388278961182}
[train] step 400 task=vqa loss=17.6073 loss_task=2.7531 aux_loss={'attn_lb': 2.0102477073669434, 'ffn_compute': 2.016976833343506, 'ffn_align': 0.0006300854729488492, 'ffn_mod_lb': 2.016976833343506}
[train] step 500 task=vqa loss=17.3817 loss_task=2.6535 aux_loss={'attn_lb': 2.011282205581665, 'ffn_compute': 2.0110714435577393, 'ffn_align': 0.00038793875137344003, 'ffn_mod_lb': 2.0110714435577393}
[train] step 600 task=vqa loss=19.4167 loss_task=3.6618 aux_loss={'attn_lb': 2.017092704772949, 'ffn_compute': 2.0121665000915527, 'ffn_align': 0.0005159778520464897, 'ffn_mod_lb': 2.0121665000915527}
[train] step 700 task=vqa loss=17.1011 loss_task=2.4211 aux_loss={'attn_lb': 2.0286550521850586, 'ffn_compute': 2.04775333404541, 'ffn_align': 0.0005290618864819407, 'ffn_mod_lb': 2.04775333404541}
[train] step 800 task=vqa loss=16.9680 loss_task=2.4543 aux_loss={'attn_lb': 2.0100278854370117, 'ffn_compute': 2.0074007511138916, 'ffn_align': 0.0004839836619794369, 'ffn_mod_lb': 2.0074007511138916}
[train] step 900 task=vqa loss=18.1339 loss_task=3.0298 aux_loss={'attn_lb': 2.0109410285949707, 'ffn_compute': 2.010650396347046, 'ffn_align': 0.0004913899465464056, 'ffn_mod_lb': 2.010650396347046}
Elapsed: 0h 39m 54s

===== Epoch 7/30 =====
[train] step 0 task=vqa loss=17.3760 loss_task=2.6472 aux_loss={'attn_lb': 2.0156872272491455, 'ffn_compute': 2.009812593460083, 'ffn_align': 0.0005467479350045323, 'ffn_mod_lb': 2.009812593460083}
[train] step 100 task=vqa loss=17.3113 loss_task=2.6098 aux_loss={'attn_lb': 2.0106894969940186, 'ffn_compute': 2.0148673057556152, 'ffn_align': 0.0005476633086800575, 'ffn_mod_lb': 2.0148673057556152}
[train] step 200 task=vqa loss=18.5438 loss_task=3.2178 aux_loss={'attn_lb': 2.0207648277282715, 'ffn_compute': 2.0133049488067627, 'ffn_align': 0.0006700665690004826, 'ffn_mod_lb': 2.0133049488067627}
[train] step 300 task=vqa loss=18.3043 loss_task=3.1158 aux_loss={'attn_lb': 2.006972551345825, 'ffn_compute': 2.0118284225463867, 'ffn_align': 0.0005675916909240186, 'ffn_mod_lb': 2.0118284225463867}
[train] step 400 task=img_rec loss=4.1611 loss_task=0.1391 aux_loss={'attn_lb': 2.010154962539673, 'ffn_compute': 1.0058932304382324, 'ffn_align': 2.544634059020723e-09, 'ffn_mod_lb': 1.0058932304382324}
[train] step 500 task=txt_rec loss=5.1298 loss_task=1.0929 aux_loss={'attn_lb': 2.0332767963409424, 'ffn_compute': 1.0018309354782104, 'ffn_align': 5.2346230461353116e-08, 'ffn_mod_lb': 1.0018309354782104}
[train] step 600 task=vqa loss=17.8767 loss_task=2.8801 aux_loss={'attn_lb': 2.0079338550567627, 'ffn_compute': 2.0217435359954834, 'ffn_align': 0.0006826699245721102, 'ffn_mod_lb': 2.0217435359954834}
[train] step 700 task=vqa loss=17.7783 loss_task=2.8498 aux_loss={'attn_lb': 2.008293867111206, 'ffn_compute': 2.012535572052002, 'ffn_align': 0.0005971749196760356, 'ffn_mod_lb': 2.012535572052002}
[train] step 800 task=vqa loss=17.5559 loss_task=2.7163 aux_loss={'attn_lb': 2.0179412364959717, 'ffn_compute': 2.0189638137817383, 'ffn_align': 0.0005754930316470563, 'ffn_mod_lb': 2.0189638137817383}
[train] step 900 task=txt_cls loss=4.4911 loss_task=0.4202 aux_loss={'attn_lb': 2.0184059143066406, 'ffn_compute': 1.0262565612792969, 'ffn_align': 3.496204925568236e-08, 'ffn_mod_lb': 1.0262565612792969}
Elapsed: 0h 46m 23s

===== Epoch 8/30 =====
[train] step 0 task=img_rec loss=4.1728 loss_task=0.1557 aux_loss={'attn_lb': 2.009835720062256, 'ffn_compute': 1.003624677658081, 'ffn_align': 5.051951634804652e-10, 'ffn_mod_lb': 1.003624677658081}
[train] step 100 task=vqa loss=16.2675 loss_task=2.0905 aux_loss={'attn_lb': 2.0170671939849854, 'ffn_compute': 2.0101373195648193, 'ffn_align': 0.0005836875061504543, 'ffn_mod_lb': 2.0101373195648193}
[train] step 200 task=vqa loss=18.3293 loss_task=3.1282 aux_loss={'attn_lb': 2.008477210998535, 'ffn_compute': 2.0111734867095947, 'ffn_align': 0.0005609784857369959, 'ffn_mod_lb': 2.0111734867095947}
[train] step 300 task=txt_rec loss=4.8473 loss_task=0.8005 aux_loss={'attn_lb': 2.02055287361145, 'ffn_compute': 1.0131232738494873, 'ffn_align': 4.6746176707301856e-08, 'ffn_mod_lb': 1.0131232738494873}
[train] step 400 task=txt_cls loss=4.4143 loss_task=0.3906 aux_loss={'attn_lb': 2.01285982131958, 'ffn_compute': 1.0054140090942383, 'ffn_align': 6.160072008043471e-09, 'ffn_mod_lb': 1.0054140090942383}
[train] step 500 task=txt_cls loss=4.6258 loss_task=0.5716 aux_loss={'attn_lb': 2.0148355960845947, 'ffn_compute': 1.0196729898452759, 'ffn_align': 3.0154243546576254e-09, 'ffn_mod_lb': 1.0196729898452759}
[train] step 600 task=txt_rec loss=4.7864 loss_task=0.7736 aux_loss={'attn_lb': 2.0082414150238037, 'ffn_compute': 1.0022584199905396, 'ffn_align': 2.352128660731978e-07, 'ffn_mod_lb': 1.0022584199905396}
[train] step 700 task=vqa loss=16.3957 loss_task=2.1721 aux_loss={'attn_lb': 2.0081822872161865, 'ffn_compute': 2.006476879119873, 'ffn_align': 0.0004624545690603554, 'ffn_mod_lb': 2.006476879119873}
[train] step 800 task=img_rec loss=4.1992 loss_task=0.1527 aux_loss={'attn_lb': 2.0204644203186035, 'ffn_compute': 1.0130060911178589, 'ffn_align': 2.421853551037856e-10, 'ffn_mod_lb': 1.0130060911178589}
[train] step 900 task=vqa loss=18.2369 loss_task=3.0964 aux_loss={'attn_lb': 2.0074100494384766, 'ffn_compute': 2.0053982734680176, 'ffn_align': 0.00038268754724413157, 'ffn_mod_lb': 2.0053982734680176}
Elapsed: 0h 52m 44s

===== Epoch 9/30 =====
[train] step 0 task=vqa loss=18.1765 loss_task=3.0529 aux_loss={'attn_lb': 2.0097599029541016, 'ffn_compute': 2.010324001312256, 'ffn_align': 0.0004934720927849412, 'ffn_mod_lb': 2.010324001312256}
[train] step 100 task=txt_rec loss=4.7354 loss_task=0.7083 aux_loss={'attn_lb': 2.0055885314941406, 'ffn_compute': 1.0107605457305908, 'ffn_align': 2.7930546764309838e-08, 'ffn_mod_lb': 1.0107605457305908}
[train] step 200 task=img_rec loss=4.1481 loss_task=0.1314 aux_loss={'attn_lb': 2.0087292194366455, 'ffn_compute': 1.003993034362793, 'ffn_align': 6.228936810792618e-11, 'ffn_mod_lb': 1.003993034362793}
[train] step 300 task=txt_rec loss=4.7401 loss_task=0.6781 aux_loss={'attn_lb': 2.0573418140411377, 'ffn_compute': 1.0023417472839355, 'ffn_align': 2.2570669955257472e-07, 'ffn_mod_lb': 1.0023417472839355}
[train] step 400 task=txt_cls loss=4.5880 loss_task=0.5422 aux_loss={'attn_lb': 2.0244147777557373, 'ffn_compute': 1.0107040405273438, 'ffn_align': 2.74985278991835e-09, 'ffn_mod_lb': 1.0107040405273438}
[train] step 500 task=img_rec loss=4.1477 loss_task=0.1274 aux_loss={'attn_lb': 2.0080103874206543, 'ffn_compute': 1.0061759948730469, 'ffn_align': 7.039956811949466e-11, 'ffn_mod_lb': 1.0061759948730469}
[train] step 600 task=img_rec loss=4.1302 loss_task=0.1183 aux_loss={'attn_lb': 2.0086472034454346, 'ffn_compute': 1.0015838146209717, 'ffn_align': 2.1487633894423652e-10, 'ffn_mod_lb': 1.0015838146209717}
[train] step 700 task=vqa loss=17.8591 loss_task=2.8928 aux_loss={'attn_lb': 2.0116806030273438, 'ffn_compute': 2.0100953578948975, 'ffn_align': 0.00048611313104629517, 'ffn_mod_lb': 2.0100953578948975}
[train] step 800 task=vqa loss=16.1184 loss_task=2.0162 aux_loss={'attn_lb': 2.008540391921997, 'ffn_compute': 2.0149271488189697, 'ffn_align': 0.00046617796760983765, 'ffn_mod_lb': 2.0149271488189697}
[train] step 900 task=img_rec loss=4.2086 loss_task=0.1386 aux_loss={'attn_lb': 2.0315439701080322, 'ffn_compute': 1.0192220211029053, 'ffn_align': 2.6475113212853785e-09, 'ffn_mod_lb': 1.0192220211029053}
Elapsed: 0h 59m 16s

===== Epoch 10/30 =====
[train] step 0 task=txt_cls loss=4.8561 loss_task=0.8151 aux_loss={'attn_lb': 2.022407293319702, 'ffn_compute': 1.009303092956543, 'ffn_align': 6.389957452057615e-10, 'ffn_mod_lb': 1.009303092956543}
[train] step 100 task=vqa loss=17.9358 loss_task=2.9451 aux_loss={'attn_lb': 2.0059871673583984, 'ffn_compute': 2.0058159828186035, 'ffn_align': 0.0005167506751604378, 'ffn_mod_lb': 2.0058159828186035}
[train] step 200 task=img_cls loss=4.2077 loss_task=0.1725 aux_loss={'attn_lb': 2.017707586288452, 'ffn_compute': 1.008749008178711, 'ffn_align': 6.720096479284621e-09, 'ffn_mod_lb': 1.008749008178711}
[train] step 300 task=vqa loss=16.9774 loss_task=2.4635 aux_loss={'attn_lb': 2.006910562515259, 'ffn_compute': 2.0065829753875732, 'ffn_align': 0.0005166028859093785, 'ffn_mod_lb': 2.0065829753875732}
[train] step 400 task=txt_cls loss=4.4025 loss_task=0.3559 aux_loss={'attn_lb': 2.022364616394043, 'ffn_compute': 1.012155294418335, 'ffn_align': 2.9868807871480385e-08, 'ffn_mod_lb': 1.012155294418335}
[train] step 500 task=img_rec loss=4.1286 loss_task=0.1121 aux_loss={'attn_lb': 2.0101735591888428, 'ffn_compute': 1.0031887292861938, 'ffn_align': 3.432759909660632e-10, 'ffn_mod_lb': 1.0031887292861938}
[train] step 600 task=img_rec loss=4.1243 loss_task=0.1177 aux_loss={'attn_lb': 2.001859426498413, 'ffn_compute': 1.0024040937423706, 'ffn_align': 1.2658663450793028e-08, 'ffn_mod_lb': 1.0024040937423706}
[train] step 700 task=vqa loss=16.3447 loss_task=2.1286 aux_loss={'attn_lb': 2.008166551589966, 'ffn_compute': 2.014589548110962, 'ffn_align': 0.0006429753266274929, 'ffn_mod_lb': 2.014589548110962}
[train] step 800 task=vqa loss=19.4762 loss_task=3.7100 aux_loss={'attn_lb': 2.0060017108917236, 'ffn_compute': 2.0085978507995605, 'ffn_align': 0.0004886853275820613, 'ffn_mod_lb': 2.0085978507995605}
[train] step 900 task=vqa loss=16.4959 loss_task=2.2341 aux_loss={'attn_lb': 2.004793167114258, 'ffn_compute': 2.002258777618408, 'ffn_align': 0.00044969498412683606, 'ffn_mod_lb': 2.002258777618408}
Elapsed: 1h 5m 45s
Eval results:
  txt_rec: loss = 4.9758, task_loss = 0.9338, 
  img_rec: loss = 4.1221, task_loss = 0.1099, 
  vqa: loss = 8.7735, task_loss = 2.7336, , acc=0.3752
  txt_cls: loss = 4.1635, task_loss = 0.1016, , acc=0.7951
  img_cls: loss = 4.1445, task_loss = 0.1168, , acc=0.9689

===== Epoch 11/30 =====
[train] step 0 task=vqa loss=17.6817 loss_task=2.8146 aux_loss={'attn_lb': 2.0058674812316895, 'ffn_compute': 2.0078141689300537, 'ffn_align': 0.00047319961595349014, 'ffn_mod_lb': 2.0078141689300537}
[train] step 100 task=img_rec loss=4.1527 loss_task=0.1258 aux_loss={'attn_lb': 2.0129053592681885, 'ffn_compute': 1.0070128440856934, 'ffn_align': 1.0471430389458192e-09, 'ffn_mod_lb': 1.0070128440856934}
[train] step 200 task=img_rec loss=4.1337 loss_task=0.1209 aux_loss={'attn_lb': 2.006228446960449, 'ffn_compute': 1.0033001899719238, 'ffn_align': 5.519268930775922e-10, 'ffn_mod_lb': 1.0033001899719238}
[train] step 300 task=vqa loss=18.2307 loss_task=3.0953 aux_loss={'attn_lb': 2.006234645843506, 'ffn_compute': 2.004241466522217, 'ffn_align': 0.0005375011824071407, 'ffn_mod_lb': 2.004241466522217}
[train] step 400 task=vqa loss=18.5166 loss_task=3.2367 aux_loss={'attn_lb': 2.007456064224243, 'ffn_compute': 2.0042595863342285, 'ffn_align': 0.00055785255972296, 'ffn_mod_lb': 2.0042595863342285}
[train] step 500 task=vqa loss=17.7068 loss_task=2.8343 aux_loss={'attn_lb': 2.0068705081939697, 'ffn_compute': 2.0037879943847656, 'ffn_align': 0.00046621181536465883, 'ffn_mod_lb': 2.0037879943847656}
[train] step 600 task=vqa loss=18.2829 loss_task=3.1246 aux_loss={'attn_lb': 2.0060009956359863, 'ffn_compute': 2.002901077270508, 'ffn_align': 0.0005019130185246468, 'ffn_mod_lb': 2.002901077270508}
[train] step 700 task=vqa loss=17.2547 loss_task=2.6055 aux_loss={'attn_lb': 2.006192684173584, 'ffn_compute': 2.005521774291992, 'ffn_align': 0.00046488246880471706, 'ffn_mod_lb': 2.005521774291992}
[train] step 800 task=img_rec loss=4.1019 loss_task=0.1006 aux_loss={'attn_lb': 2.0000739097595215, 'ffn_compute': 1.0006062984466553, 'ffn_align': 3.2190633492135134e-10, 'ffn_mod_lb': 1.0006062984466553}
[train] step 900 task=txt_rec loss=4.5410 loss_task=0.5260 aux_loss={'attn_lb': 2.006448984146118, 'ffn_compute': 1.0042692422866821, 'ffn_align': 1.4184371455172595e-09, 'ffn_mod_lb': 1.0042692422866821}
Elapsed: 1h 13m 25s

===== Epoch 12/30 =====
[train] step 0 task=txt_cls loss=4.4026 loss_task=0.3858 aux_loss={'attn_lb': 2.008744955062866, 'ffn_compute': 1.0039805173873901, 'ffn_align': 4.13824086109571e-09, 'ffn_mod_lb': 1.0039805173873901}
[train] step 100 task=img_rec loss=4.1357 loss_task=0.1117 aux_loss={'attn_lb': 2.0091824531555176, 'ffn_compute': 1.007432460784912, 'ffn_align': 3.4601715936943833e-10, 'ffn_mod_lb': 1.007432460784912}
[train] step 200 task=img_cls loss=4.2103 loss_task=0.2032 aux_loss={'attn_lb': 2.0035958290100098, 'ffn_compute': 1.0017883777618408, 'ffn_align': 6.795932150360784e-10, 'ffn_mod_lb': 1.0017883777618408}
[train] step 300 task=vqa loss=16.6510 loss_task=2.3088 aux_loss={'attn_lb': 2.006739377975464, 'ffn_compute': 2.0026824474334717, 'ffn_align': 0.000459502189187333, 'ffn_mod_lb': 2.0026824474334717}
[train] step 400 task=vqa loss=18.8718 loss_task=3.4180 aux_loss={'attn_lb': 2.0032236576080322, 'ffn_compute': 2.004915475845337, 'ffn_align': 0.0004804814816452563, 'ffn_mod_lb': 2.004915475845337}
[train] step 500 task=vqa loss=16.9821 loss_task=2.4705 aux_loss={'attn_lb': 2.0053746700286865, 'ffn_compute': 2.005324602127075, 'ffn_align': 0.00044745163177140057, 'ffn_mod_lb': 2.005324602127075}
[train] step 600 task=vqa loss=17.3858 loss_task=2.6692 aux_loss={'attn_lb': 2.0093650817871094, 'ffn_compute': 2.004926919937134, 'ffn_align': 0.0004461347416508943, 'ffn_mod_lb': 2.004926919937134}
[train] step 700 task=vqa loss=17.4217 loss_task=2.6899 aux_loss={'attn_lb': 2.0074939727783203, 'ffn_compute': 2.004408597946167, 'ffn_align': 0.0004625222063623369, 'ffn_mod_lb': 2.004408597946167}
[train] step 800 task=vqa loss=17.2378 loss_task=2.5971 aux_loss={'attn_lb': 2.00384259223938, 'ffn_compute': 2.0063958168029785, 'ffn_align': 0.0005180080188438296, 'ffn_mod_lb': 2.0063958168029785}
[train] step 900 task=vqa loss=17.2854 loss_task=2.6126 aux_loss={'attn_lb': 2.0074920654296875, 'ffn_compute': 2.0088212490081787, 'ffn_align': 0.0004957127384841442, 'ffn_mod_lb': 2.0088212490081787}
Elapsed: 1h 19m 53s

===== Epoch 13/30 =====
[train] step 0 task=vqa loss=17.2477 loss_task=2.5914 aux_loss={'attn_lb': 2.006627321243286, 'ffn_compute': 2.0108022689819336, 'ffn_align': 0.0004232289793435484, 'ffn_mod_lb': 2.0108022689819336}
[train] step 100 task=vqa loss=17.5552 loss_task=2.7543 aux_loss={'attn_lb': 2.0049405097961426, 'ffn_compute': 2.0069308280944824, 'ffn_align': 0.00045112892985343933, 'ffn_mod_lb': 2.0069308280944824}
[train] step 200 task=img_rec loss=4.1181 loss_task=0.1104 aux_loss={'attn_lb': 2.005002975463867, 'ffn_compute': 1.00136399269104, 'ffn_align': 3.690909522457986e-10, 'ffn_mod_lb': 1.00136399269104}
[train] step 300 task=vqa loss=16.6633 loss_task=2.3180 aux_loss={'attn_lb': 2.0013041496276855, 'ffn_compute': 2.0037622451782227, 'ffn_align': 0.00048350877477787435, 'ffn_mod_lb': 2.0037622451782227}
[train] step 400 task=txt_rec loss=4.4838 loss_task=0.4560 aux_loss={'attn_lb': 2.015881061553955, 'ffn_compute': 1.0059854984283447, 'ffn_align': 1.0945563344577636e-09, 'ffn_mod_lb': 1.0059854984283447}
[train] step 500 task=vqa loss=16.9994 loss_task=2.4756 aux_loss={'attn_lb': 2.009709119796753, 'ffn_compute': 2.0051493644714355, 'ffn_align': 0.00041246769251301885, 'ffn_mod_lb': 2.0051493644714355}
[train] step 600 task=vqa loss=16.8481 loss_task=2.4111 aux_loss={'attn_lb': 2.0036633014678955, 'ffn_compute': 2.0026004314422607, 'ffn_align': 0.0004060181963723153, 'ffn_mod_lb': 2.0026004314422607}
[train] step 700 task=vqa loss=17.6306 loss_task=2.7964 aux_loss={'attn_lb': 2.004394769668579, 'ffn_compute': 2.005208730697632, 'ffn_align': 0.000404300051741302, 'ffn_mod_lb': 2.005208730697632}
[train] step 800 task=vqa loss=16.8741 loss_task=2.4192 aux_loss={'attn_lb': 2.004732131958008, 'ffn_compute': 2.004364490509033, 'ffn_align': 0.00043821748113259673, 'ffn_mod_lb': 2.004364490509033}
[train] step 900 task=img_cls loss=4.2664 loss_task=0.2583 aux_loss={'attn_lb': 2.0049476623535156, 'ffn_compute': 1.0016083717346191, 'ffn_align': 2.2274333766336696e-10, 'ffn_mod_lb': 1.0016083717346191}
Elapsed: 1h 26m 14s

===== Epoch 14/30 =====
[train] step 0 task=vqa loss=17.3837 loss_task=2.6741 aux_loss={'attn_lb': 2.0052385330200195, 'ffn_compute': 2.003941535949707, 'ffn_align': 0.0004606964357662946, 'ffn_mod_lb': 2.003941535949707}
[train] step 100 task=vqa loss=16.4687 loss_task=2.2203 aux_loss={'attn_lb': 2.003101348876953, 'ffn_compute': 2.0035324096679688, 'ffn_align': 0.00038677401607856154, 'ffn_mod_lb': 2.0035324096679688}
[train] step 200 task=vqa loss=18.0856 loss_task=3.0269 aux_loss={'attn_lb': 2.0049901008605957, 'ffn_compute': 2.002751111984253, 'ffn_align': 0.0005437016952782869, 'ffn_mod_lb': 2.002751111984253}
[train] step 300 task=vqa loss=18.5487 loss_task=3.2641 aux_loss={'attn_lb': 2.0031847953796387, 'ffn_compute': 2.001457929611206, 'ffn_align': 0.000418495706981048, 'ffn_mod_lb': 2.001457929611206}
[train] step 400 task=img_cls loss=4.2288 loss_task=0.2257 aux_loss={'attn_lb': 2.002331018447876, 'ffn_compute': 1.0003663301467896, 'ffn_align': 1.7782582073522235e-09, 'ffn_mod_lb': 1.0003663301467896}
[train] step 500 task=vqa loss=17.9576 loss_task=2.9638 aux_loss={'attn_lb': 2.0042176246643066, 'ffn_compute': 2.003293037414551, 'ffn_align': 0.0004231168422847986, 'ffn_mod_lb': 2.003293037414551}
[train] step 600 task=img_rec loss=4.1018 loss_task=0.0938 aux_loss={'attn_lb': 2.0036652088165283, 'ffn_compute': 1.002177357673645, 'ffn_align': 2.91342672209538e-10, 'ffn_mod_lb': 1.002177357673645}
[train] step 700 task=vqa loss=16.2853 loss_task=2.1253 aux_loss={'attn_lb': 2.0033974647521973, 'ffn_compute': 2.004636526107788, 'ffn_align': 0.00046877178829163313, 'ffn_mod_lb': 2.004636526107788}
[train] step 800 task=vqa loss=17.8129 loss_task=2.8938 aux_loss={'attn_lb': 2.003448009490967, 'ffn_compute': 2.002656936645508, 'ffn_align': 0.000384712649974972, 'ffn_mod_lb': 2.002656936645508}
[train] step 900 task=vqa loss=17.8052 loss_task=2.8873 aux_loss={'attn_lb': 2.005901575088501, 'ffn_compute': 2.0024850368499756, 'ffn_align': 0.0004437586758285761, 'ffn_mod_lb': 2.0024850368499756}
Elapsed: 1h 32m 40s

===== Epoch 15/30 =====
[train] step 0 task=vqa loss=17.2958 loss_task=2.6361 aux_loss={'attn_lb': 2.002368211746216, 'ffn_compute': 2.002612829208374, 'ffn_align': 0.0004181083641014993, 'ffn_mod_lb': 2.002612829208374}
[train] step 100 task=vqa loss=16.4007 loss_task=2.1856 aux_loss={'attn_lb': 2.0017824172973633, 'ffn_compute': 2.004831552505493, 'ffn_align': 0.0003305978316348046, 'ffn_mod_lb': 2.004831552505493}
[train] step 200 task=img_rec loss=4.1003 loss_task=0.0983 aux_loss={'attn_lb': 2.001023292541504, 'ffn_compute': 1.000484585762024, 'ffn_align': 1.7563560328337502e-10, 'ffn_mod_lb': 1.000484585762024}
[train] step 300 task=txt_cls loss=4.4278 loss_task=0.3974 aux_loss={'attn_lb': 2.0192198753356934, 'ffn_compute': 1.005555272102356, 'ffn_align': 6.27755736282154e-10, 'ffn_mod_lb': 1.005555272102356}
[train] step 400 task=img_cls loss=4.0930 loss_task=0.0844 aux_loss={'attn_lb': 2.003953456878662, 'ffn_compute': 1.002309799194336, 'ffn_align': 2.776156804440433e-10, 'ffn_mod_lb': 1.002309799194336}
[train] step 500 task=vqa loss=17.0051 loss_task=2.4877 aux_loss={'attn_lb': 2.0044751167297363, 'ffn_compute': 2.0035109519958496, 'ffn_align': 0.0003395295643713325, 'ffn_mod_lb': 2.0035109519958496}
[train] step 600 task=vqa loss=18.2102 loss_task=3.0744 aux_loss={'attn_lb': 2.006627321243286, 'ffn_compute': 2.009939432144165, 'ffn_align': 0.00041931160376407206, 'ffn_mod_lb': 2.009939432144165}
[train] step 700 task=vqa loss=15.7849 loss_task=1.8799 aux_loss={'attn_lb': 2.0038866996765137, 'ffn_compute': 2.002642869949341, 'ffn_align': 0.00034313267678953707, 'ffn_mod_lb': 2.002642869949341}
[train] step 800 task=txt_rec loss=4.2433 loss_task=0.2315 aux_loss={'attn_lb': 2.0055794715881348, 'ffn_compute': 1.0030821561813354, 'ffn_align': 5.12236121574805e-11, 'ffn_mod_lb': 1.0030821561813354}
[train] step 900 task=vqa loss=17.0443 loss_task=2.5089 aux_loss={'attn_lb': 2.0023159980773926, 'ffn_compute': 2.0033676624298096, 'ffn_align': 0.000419314339524135, 'ffn_mod_lb': 2.0033676624298096}
Elapsed: 1h 39m 11s
Eval results:
  img_cls: loss = 4.1037, task_loss = 0.1012, , acc=0.9703
  txt_rec: loss = 4.7394, task_loss = 0.7357, 
  vqa: loss = 8.6072, task_loss = 2.5900, , acc=0.3956
  img_rec: loss = 4.0928, task_loss = 0.0876, 
  txt_cls: loss = 4.1225, task_loss = 0.1045, , acc=0.8079

===== Epoch 16/30 =====
[train] step 0 task=vqa loss=18.9521 loss_task=3.4652 aux_loss={'attn_lb': 2.002230167388916, 'ffn_compute': 2.002229690551758, 'ffn_align': 0.0004155142523813993, 'ffn_mod_lb': 2.002229690551758}
[train] step 100 task=vqa loss=17.6985 loss_task=2.8404 aux_loss={'attn_lb': 2.0024027824401855, 'ffn_compute': 2.0015735626220703, 'ffn_align': 0.0003338574606459588, 'ffn_mod_lb': 2.0015735626220703}
[train] step 200 task=vqa loss=16.4781 loss_task=2.2230 aux_loss={'attn_lb': 2.00361967086792, 'ffn_compute': 2.0044281482696533, 'ffn_align': 0.0003555796865839511, 'ffn_mod_lb': 2.0044281482696533}
[train] step 300 task=vqa loss=18.2903 loss_task=3.1291 aux_loss={'attn_lb': 2.0028538703918457, 'ffn_compute': 2.004631996154785, 'ffn_align': 0.0003965635260101408, 'ffn_mod_lb': 2.004631996154785}
[train] step 400 task=img_cls loss=4.2372 loss_task=0.2277 aux_loss={'attn_lb': 2.0048890113830566, 'ffn_compute': 1.0023343563079834, 'ffn_align': 1.0400839911550719e-10, 'ffn_mod_lb': 1.0023343563079834}
[train] step 500 task=vqa loss=16.0248 loss_task=2.0013 aux_loss={'attn_lb': 2.0029873847961426, 'ffn_compute': 2.0024197101593018, 'ffn_align': 0.0003219337377231568, 'ffn_mod_lb': 2.0024197101593018}
[train] step 600 task=txt_rec loss=4.3994 loss_task=0.3907 aux_loss={'attn_lb': 2.0056650638580322, 'ffn_compute': 1.0015265941619873, 'ffn_align': 1.4379777750483935e-11, 'ffn_mod_lb': 1.0015265941619873}
[train] step 700 task=img_rec loss=4.0870 loss_task=0.0833 aux_loss={'attn_lb': 2.0022549629211426, 'ffn_compute': 1.0007150173187256, 'ffn_align': 1.6083601464544905e-11, 'ffn_mod_lb': 1.0007150173187256}
[train] step 800 task=vqa loss=17.7134 loss_task=2.8468 aux_loss={'attn_lb': 2.00138258934021, 'ffn_compute': 2.0025434494018555, 'ffn_align': 0.00034664588747546077, 'ffn_mod_lb': 2.0025434494018555}
[train] step 900 task=vqa loss=17.7627 loss_task=2.8689 aux_loss={'attn_lb': 2.0041229724884033, 'ffn_compute': 2.002317428588867, 'ffn_align': 0.0003731879696715623, 'ffn_mod_lb': 2.002317428588867}
Elapsed: 1h 46m 55s

===== Epoch 17/30 =====
[train] step 0 task=vqa loss=16.7832 loss_task=2.3713 aux_loss={'attn_lb': 2.004335403442383, 'ffn_compute': 2.006108283996582, 'ffn_align': 0.00037263662670738995, 'ffn_mod_lb': 2.006108283996582}
[train] step 100 task=vqa loss=19.0041 loss_task=3.4834 aux_loss={'attn_lb': 2.0027213096618652, 'ffn_compute': 2.0059361457824707, 'ffn_align': 0.0004102836246602237, 'ffn_mod_lb': 2.0059361457824707}
[train] step 200 task=img_rec loss=4.0936 loss_task=0.0911 aux_loss={'attn_lb': 2.0014498233795166, 'ffn_compute': 1.0005229711532593, 'ffn_align': 5.518778142810099e-11, 'ffn_mod_lb': 1.0005229711532593}
[train] step 300 task=vqa loss=15.8217 loss_task=1.9010 aux_loss={'attn_lb': 2.0017220973968506, 'ffn_compute': 2.0025477409362793, 'ffn_align': 0.00030622343183495104, 'ffn_mod_lb': 2.0025477409362793}
[train] step 400 task=vqa loss=16.4814 loss_task=2.2316 aux_loss={'attn_lb': 2.0026936531066895, 'ffn_compute': 2.0015387535095215, 'ffn_align': 0.00033080659341067076, 'ffn_mod_lb': 2.0015387535095215}
[train] step 500 task=txt_rec loss=4.2403 loss_task=0.2371 aux_loss={'attn_lb': 2.003236770629883, 'ffn_compute': 1.0000183582305908, 'ffn_align': 8.585729349697147e-11, 'ffn_mod_lb': 1.0000183582305908}
[train] step 600 task=vqa loss=17.9093 loss_task=2.9424 aux_loss={'attn_lb': 2.0020859241485596, 'ffn_compute': 2.003333568572998, 'ffn_align': 0.0003469263028819114, 'ffn_mod_lb': 2.003333568572998}
[train] step 700 task=vqa loss=17.2870 loss_task=2.6352 aux_loss={'attn_lb': 2.0026936531066895, 'ffn_compute': 2.001079797744751, 'ffn_align': 0.0003455100522842258, 'ffn_mod_lb': 2.001079797744751}
[train] step 800 task=vqa loss=16.7434 loss_task=2.3581 aux_loss={'attn_lb': 2.002729892730713, 'ffn_compute': 2.0036609172821045, 'ffn_align': 0.00036190077662467957, 'ffn_mod_lb': 2.0036609172821045}
[train] step 900 task=vqa loss=16.7311 loss_task=2.3549 aux_loss={'attn_lb': 2.002614736557007, 'ffn_compute': 2.0024619102478027, 'ffn_align': 0.00031326874159276485, 'ffn_mod_lb': 2.0024619102478027}
Elapsed: 1h 53m 23s

===== Epoch 18/30 =====
[train] step 0 task=txt_rec loss=4.2277 loss_task=0.2182 aux_loss={'attn_lb': 2.0087480545043945, 'ffn_compute': 1.0003581047058105, 'ffn_align': 7.259400636172586e-09, 'ffn_mod_lb': 1.0003581047058105}
[train] step 100 task=vqa loss=17.8976 loss_task=2.9390 aux_loss={'attn_lb': 2.0027871131896973, 'ffn_compute': 2.0020086765289307, 'ffn_align': 0.00030225218506529927, 'ffn_mod_lb': 2.0020086765289307}
[train] step 200 task=vqa loss=18.0391 loss_task=3.0104 aux_loss={'attn_lb': 2.0032057762145996, 'ffn_compute': 2.0010898113250732, 'ffn_align': 0.00037155344034545124, 'ffn_mod_lb': 2.0010898113250732}
[train] step 300 task=img_rec loss=4.0838 loss_task=0.0808 aux_loss={'attn_lb': 2.0011749267578125, 'ffn_compute': 1.0009268522262573, 'ffn_align': 3.492939826266195e-10, 'ffn_mod_lb': 1.0009268522262573}
[train] step 400 task=txt_rec loss=4.2843 loss_task=0.2820 aux_loss={'attn_lb': 2.0012588500976562, 'ffn_compute': 1.0005037784576416, 'ffn_align': 5.819172699261799e-09, 'ffn_mod_lb': 1.0005037784576416}
[train] step 500 task=vqa loss=16.9286 loss_task=2.4500 aux_loss={'attn_lb': 2.00339412689209, 'ffn_compute': 2.0034680366516113, 'ffn_align': 0.000392386777093634, 'ffn_mod_lb': 2.0034680366516113}
[train] step 600 task=img_rec loss=4.0954 loss_task=0.0913 aux_loss={'attn_lb': 2.0029335021972656, 'ffn_compute': 1.0006134510040283, 'ffn_align': 5.4599269549981955e-11, 'ffn_mod_lb': 1.0006134510040283}
[train] step 700 task=vqa loss=16.7206 loss_task=2.3438 aux_loss={'attn_lb': 2.0037035942077637, 'ffn_compute': 2.0046277046203613, 'ffn_align': 0.0003577098832465708, 'ffn_mod_lb': 2.0046277046203613}
[train] step 800 task=img_rec loss=4.0826 loss_task=0.0813 aux_loss={'attn_lb': 2.000823974609375, 'ffn_compute': 1.000256061553955, 'ffn_align': 5.210959663770609e-09, 'ffn_mod_lb': 1.000256061553955}
[train] step 900 task=txt_rec loss=4.2796 loss_task=0.2707 aux_loss={'attn_lb': 2.0071184635162354, 'ffn_compute': 1.0008697509765625, 'ffn_align': 1.441513158839669e-10, 'ffn_mod_lb': 1.0008697509765625}
Elapsed: 1h 59m 54s

===== Epoch 19/30 =====
[train] step 0 task=vqa loss=17.1479 loss_task=2.5638 aux_loss={'attn_lb': 2.0026936531066895, 'ffn_compute': 2.0017380714416504, 'ffn_align': 0.0003955268475692719, 'ffn_mod_lb': 2.0017380714416504}
[train] step 100 task=img_cls loss=4.0624 loss_task=0.0613 aux_loss={'attn_lb': 2.0008351802825928, 'ffn_compute': 1.0001230239868164, 'ffn_align': 4.87749805822002e-11, 'ffn_mod_lb': 1.0001230239868164}
[train] step 200 task=txt_cls loss=4.3348 loss_task=0.3282 aux_loss={'attn_lb': 2.0057220458984375, 'ffn_compute': 1.0004156827926636, 'ffn_align': 4.1349743074015066e-11, 'ffn_mod_lb': 1.0004156827926636}
[train] step 300 task=vqa loss=17.2051 loss_task=2.5859 aux_loss={'attn_lb': 2.002739429473877, 'ffn_compute': 2.005420207977295, 'ffn_align': 0.0003083819174207747, 'ffn_mod_lb': 2.005420207977295}
[train] step 400 task=img_cls loss=4.1094 loss_task=0.1070 aux_loss={'attn_lb': 2.0012431144714355, 'ffn_compute': 1.0005582571029663, 'ffn_align': 1.6583096007494191e-10, 'ffn_mod_lb': 1.0005582571029663}
[train] step 500 task=vqa loss=17.1493 loss_task=2.5667 aux_loss={'attn_lb': 2.00187611579895, 'ffn_compute': 2.0014705657958984, 'ffn_align': 0.0003124678914900869, 'ffn_mod_lb': 2.0014705657958984}
[train] step 600 task=vqa loss=15.4725 loss_task=1.7281 aux_loss={'attn_lb': 2.0029470920562744, 'ffn_compute': 2.001089572906494, 'ffn_align': 0.0003036132548004389, 'ffn_mod_lb': 2.001089572906494}
[train] step 700 task=vqa loss=17.4469 loss_task=2.7144 aux_loss={'attn_lb': 2.002408504486084, 'ffn_compute': 2.0018599033355713, 'ffn_align': 0.0002964316518045962, 'ffn_mod_lb': 2.0018599033355713}
[train] step 800 task=vqa loss=17.3334 loss_task=2.6583 aux_loss={'attn_lb': 2.00179386138916, 'ffn_compute': 2.001660108566284, 'ffn_align': 0.0003329616447445005, 'ffn_mod_lb': 2.001660108566284}
[train] step 900 task=img_cls loss=4.0453 loss_task=0.0411 aux_loss={'attn_lb': 2.0018932819366455, 'ffn_compute': 1.001126766204834, 'ffn_align': 3.9235520388203327e-10, 'ffn_mod_lb': 1.001126766204834}
Elapsed: 2h 6m 22s

===== Epoch 20/30 =====
[train] step 0 task=vqa loss=16.9980 loss_task=2.4910 aux_loss={'attn_lb': 2.0023915767669678, 'ffn_compute': 2.0011537075042725, 'ffn_align': 0.00032709812512621284, 'ffn_mod_lb': 2.0011537075042725}
[train] step 100 task=img_rec loss=4.0852 loss_task=0.0807 aux_loss={'attn_lb': 2.003122329711914, 'ffn_compute': 1.000702977180481, 'ffn_align': 7.119768663521597e-11, 'ffn_mod_lb': 1.000702977180481}
[train] step 200 task=img_rec loss=4.0902 loss_task=0.0874 aux_loss={'attn_lb': 2.001108407974243, 'ffn_compute': 1.000858187675476, 'ffn_align': 3.2400469026500067e-12, 'ffn_mod_lb': 1.000858187675476}
[train] step 300 task=img_rec loss=4.0823 loss_task=0.0816 aux_loss={'attn_lb': 2.000267267227173, 'ffn_compute': 1.0002222061157227, 'ffn_align': 4.566114847337488e-12, 'ffn_mod_lb': 1.0002222061157227}
[train] step 400 task=vqa loss=17.4988 loss_task=2.7401 aux_loss={'attn_lb': 2.0028157234191895, 'ffn_compute': 2.0013725757598877, 'ffn_align': 0.00037814141251146793, 'ffn_mod_lb': 2.0013725757598877}
[train] step 500 task=img_rec loss=4.0796 loss_task=0.0779 aux_loss={'attn_lb': 2.0010852813720703, 'ffn_compute': 1.0003396272659302, 'ffn_align': 1.5645854403723014e-11, 'ffn_mod_lb': 1.0003396272659302}
[train] step 600 task=vqa loss=17.8568 loss_task=2.9209 aux_loss={'attn_lb': 2.002089738845825, 'ffn_compute': 2.00118350982666, 'ffn_align': 0.00030424786382354796, 'ffn_mod_lb': 2.00118350982666}
[train] step 700 task=vqa loss=17.0648 loss_task=2.5277 aux_loss={'attn_lb': 2.0012872219085693, 'ffn_compute': 2.000253200531006, 'ffn_align': 0.0002885723952203989, 'ffn_mod_lb': 2.000253200531006}
[train] step 800 task=vqa loss=16.1718 loss_task=2.0789 aux_loss={'attn_lb': 2.002718210220337, 'ffn_compute': 2.0008621215820312, 'ffn_align': 0.00025138305500149727, 'ffn_mod_lb': 2.0008621215820312}
[train] step 900 task=txt_cls loss=4.3354 loss_task=0.3290 aux_loss={'attn_lb': 2.0044469833374023, 'ffn_compute': 1.0009772777557373, 'ffn_align': 8.175160548518079e-10, 'ffn_mod_lb': 1.0009772777557373}
Elapsed: 2h 12m 48s
Eval results:
  txt_cls: loss = 4.3492, task_loss = 0.3394, , acc=0.8877
  img_rec: loss = 4.0865, task_loss = 0.0818, 
  txt_rec: loss = 4.6676, task_loss = 0.6580, 
  vqa: loss = 8.5160, task_loss = 2.5054, , acc=0.4053
  img_cls: loss = 4.1046, task_loss = 0.1034, , acc=0.9723

===== Epoch 21/30 =====
[train] step 0 task=vqa loss=16.7443 loss_task=2.3641 aux_loss={'attn_lb': 2.002497673034668, 'ffn_compute': 2.001460313796997, 'ffn_align': 0.0002639830927364528, 'ffn_mod_lb': 2.001460313796997}
[train] step 100 task=vqa loss=17.5109 loss_task=2.7481 aux_loss={'attn_lb': 2.0023229122161865, 'ffn_compute': 2.0008959770202637, 'ffn_align': 0.00031882678740657866, 'ffn_mod_lb': 2.0008959770202637}
[train] step 200 task=txt_rec loss=4.2717 loss_task=0.2622 aux_loss={'attn_lb': 2.009068727493286, 'ffn_compute': 1.0002423524856567, 'ffn_align': 5.087940138648328e-11, 'ffn_mod_lb': 1.0002423524856567}
[train] step 300 task=img_rec loss=4.0873 loss_task=0.0851 aux_loss={'attn_lb': 2.0012905597686768, 'ffn_compute': 1.0004435777664185, 'ffn_align': 1.1073443594369903e-12, 'ffn_mod_lb': 1.0004435777664185}
[train] step 400 task=vqa loss=16.3315 loss_task=2.1592 aux_loss={'attn_lb': 2.0017852783203125, 'ffn_compute': 2.0008034706115723, 'ffn_align': 0.00031516855233348906, 'ffn_mod_lb': 2.0008034706115723}
[train] step 500 task=vqa loss=16.7677 loss_task=2.3764 aux_loss={'attn_lb': 2.001342535018921, 'ffn_compute': 2.001443386077881, 'ffn_align': 0.00032543300767429173, 'ffn_mod_lb': 2.001443386077881}
[train] step 600 task=vqa loss=17.1324 loss_task=2.5592 aux_loss={'attn_lb': 2.0022590160369873, 'ffn_compute': 2.000804901123047, 'ffn_align': 0.0003107055672444403, 'ffn_mod_lb': 2.000804901123047}
[train] step 700 task=vqa loss=16.0254 loss_task=2.0037 aux_loss={'attn_lb': 2.002865791320801, 'ffn_compute': 2.0020034313201904, 'ffn_align': 0.0002135980175808072, 'ffn_mod_lb': 2.0020034313201904}
[train] step 800 task=vqa loss=17.2708 loss_task=2.6305 aux_loss={'attn_lb': 2.001775026321411, 'ffn_compute': 2.000446081161499, 'ffn_align': 0.00022329682542476803, 'ffn_mod_lb': 2.000446081161499}
[train] step 900 task=vqa loss=16.3940 loss_task=2.1881 aux_loss={'attn_lb': 2.0026113986968994, 'ffn_compute': 2.001483678817749, 'ffn_align': 0.0003299123200122267, 'ffn_mod_lb': 2.001483678817749}
Elapsed: 2h 20m 25s

===== Epoch 22/30 =====
[train] step 0 task=img_rec loss=4.0782 loss_task=0.0774 aux_loss={'attn_lb': 2.000553607940674, 'ffn_compute': 1.0001378059387207, 'ffn_align': 4.642676174060334e-11, 'ffn_mod_lb': 1.0001378059387207}
[train] step 100 task=vqa loss=16.3135 loss_task=2.1524 aux_loss={'attn_lb': 2.000654935836792, 'ffn_compute': 2.0004048347473145, 'ffn_align': 0.0002851705066859722, 'ffn_mod_lb': 2.0004048347473145}
[train] step 200 task=vqa loss=17.8629 loss_task=2.9247 aux_loss={'attn_lb': 2.0020713806152344, 'ffn_compute': 2.001011848449707, 'ffn_align': 0.0002685809158720076, 'ffn_mod_lb': 2.001011848449707}
[train] step 300 task=vqa loss=17.3079 loss_task=2.6480 aux_loss={'attn_lb': 2.0018672943115234, 'ffn_compute': 2.0004966259002686, 'ffn_align': 0.000307692214846611, 'ffn_mod_lb': 2.0004966259002686}
[train] step 400 task=vqa loss=16.8765 loss_task=2.4335 aux_loss={'attn_lb': 2.001438617706299, 'ffn_compute': 2.0003039836883545, 'ffn_align': 0.0002752937434706837, 'ffn_mod_lb': 2.0003039836883545}
[train] step 500 task=vqa loss=16.9232 loss_task=2.4561 aux_loss={'attn_lb': 2.002598524093628, 'ffn_compute': 2.000389337539673, 'ffn_align': 0.00021582086628768593, 'ffn_mod_lb': 2.000389337539673}
[train] step 600 task=vqa loss=15.8895 loss_task=1.9405 aux_loss={'attn_lb': 2.001709461212158, 'ffn_compute': 2.000092029571533, 'ffn_align': 0.00023525039432570338, 'ffn_mod_lb': 2.000092029571533}
[train] step 700 task=txt_rec loss=4.1596 loss_task=0.1575 aux_loss={'attn_lb': 2.0017261505126953, 'ffn_compute': 1.0001904964447021, 'ffn_align': 3.7672731600935094e-09, 'ffn_mod_lb': 1.0001904964447021}
[train] step 800 task=vqa loss=17.1082 loss_task=2.5455 aux_loss={'attn_lb': 2.001882791519165, 'ffn_compute': 2.0017902851104736, 'ffn_align': 0.00030902138678357005, 'ffn_mod_lb': 2.0017902851104736}
[train] step 900 task=vqa loss=15.2131 loss_task=1.5982 aux_loss={'attn_lb': 2.00211763381958, 'ffn_compute': 2.0019400119781494, 'ffn_align': 0.00023943325504660606, 'ffn_mod_lb': 2.0019400119781494}
Elapsed: 2h 26m 59s

===== Epoch 23/30 =====
[train] step 0 task=vqa loss=18.0643 loss_task=3.0261 aux_loss={'attn_lb': 2.001934766769409, 'ffn_compute': 2.000561237335205, 'ffn_align': 0.00029413000447675586, 'ffn_mod_lb': 2.000561237335205}
[train] step 100 task=txt_rec loss=4.1455 loss_task=0.1420 aux_loss={'attn_lb': 2.0032131671905518, 'ffn_compute': 1.0001431703567505, 'ffn_align': 3.247173016585059e-11, 'ffn_mod_lb': 1.0001431703567505}
[train] step 200 task=vqa loss=16.1441 loss_task=2.0641 aux_loss={'attn_lb': 2.0022315979003906, 'ffn_compute': 2.0016329288482666, 'ffn_align': 0.00024114397820085287, 'ffn_mod_lb': 2.0016329288482666}
[train] step 300 task=img_rec loss=4.0817 loss_task=0.0813 aux_loss={'attn_lb': 2.000246524810791, 'ffn_compute': 1.0000746250152588, 'ffn_align': 1.956190851665207e-12, 'ffn_mod_lb': 1.0000746250152588}
[train] step 400 task=vqa loss=16.6360 loss_task=2.3142 aux_loss={'attn_lb': 2.0002293586730957, 'ffn_compute': 2.00040864944458, 'ffn_align': 0.000279068888630718, 'ffn_mod_lb': 2.00040864944458}
[train] step 500 task=vqa loss=16.7363 loss_task=2.3625 aux_loss={'attn_lb': 2.0006179809570312, 'ffn_compute': 2.001093864440918, 'ffn_align': 0.00028462987393140793, 'ffn_mod_lb': 2.001093864440918}
[train] step 600 task=img_rec loss=4.0710 loss_task=0.0700 aux_loss={'attn_lb': 2.0006003379821777, 'ffn_compute': 1.0002412796020508, 'ffn_align': 4.5308816919685524e-13, 'ffn_mod_lb': 1.0002412796020508}
[train] step 700 task=img_rec loss=4.0735 loss_task=0.0720 aux_loss={'attn_lb': 2.0010600090026855, 'ffn_compute': 1.0002176761627197, 'ffn_align': 1.4449629643850659e-12, 'ffn_mod_lb': 1.0002176761627197}
[train] step 800 task=vqa loss=15.6818 loss_task=1.8344 aux_loss={'attn_lb': 2.0005416870117188, 'ffn_compute': 2.0015597343444824, 'ffn_align': 0.00028104419470764697, 'ffn_mod_lb': 2.0015597343444824}
[train] step 900 task=vqa loss=15.2306 loss_task=1.6113 aux_loss={'attn_lb': 2.00089955329895, 'ffn_compute': 2.000337600708008, 'ffn_align': 0.0002446157159283757, 'ffn_mod_lb': 2.000337600708008}
Elapsed: 2h 33m 29s

===== Epoch 24/30 =====
[train] step 0 task=vqa loss=16.5945 loss_task=2.2938 aux_loss={'attn_lb': 2.0003647804260254, 'ffn_compute': 2.0003585815429688, 'ffn_align': 0.00023622962180525064, 'ffn_mod_lb': 2.0003585815429688}
[train] step 100 task=vqa loss=16.5033 loss_task=2.2454 aux_loss={'attn_lb': 2.0014357566833496, 'ffn_compute': 2.0011425018310547, 'ffn_align': 0.00025783039745874703, 'ffn_mod_lb': 2.0011425018310547}
[train] step 200 task=txt_rec loss=4.1462 loss_task=0.1446 aux_loss={'attn_lb': 2.0014538764953613, 'ffn_compute': 1.0000795125961304, 'ffn_align': 9.961834829264049e-11, 'ffn_mod_lb': 1.0000795125961304}
[train] step 300 task=img_rec loss=4.0794 loss_task=0.0781 aux_loss={'attn_lb': 2.0010738372802734, 'ffn_compute': 1.0001312494277954, 'ffn_align': 4.438265727157997e-12, 'ffn_mod_lb': 1.0001312494277954}
[train] step 400 task=vqa loss=17.7488 loss_task=2.8701 aux_loss={'attn_lb': 2.000535488128662, 'ffn_compute': 2.0003738403320312, 'ffn_align': 0.00030181260081008077, 'ffn_mod_lb': 2.0003738403320312}
[train] step 500 task=img_cls loss=4.0739 loss_task=0.0714 aux_loss={'attn_lb': 2.001718759536743, 'ffn_compute': 1.000357985496521, 'ffn_align': 1.3224398139055626e-11, 'ffn_mod_lb': 1.000357985496521}
[train] step 600 task=vqa loss=16.6015 loss_task=2.2949 aux_loss={'attn_lb': 2.0009567737579346, 'ffn_compute': 2.0008208751678467, 'ffn_align': 0.0003236084885429591, 'ffn_mod_lb': 2.0008208751678467}
[train] step 700 task=vqa loss=16.5534 loss_task=2.2712 aux_loss={'attn_lb': 2.002060651779175, 'ffn_compute': 2.000516891479492, 'ffn_align': 0.0002392558235442266, 'ffn_mod_lb': 2.000516891479492}
[train] step 800 task=vqa loss=15.9628 loss_task=1.9748 aux_loss={'attn_lb': 2.002403974533081, 'ffn_compute': 2.0007688999176025, 'ffn_align': 0.00026311312103644013, 'ffn_mod_lb': 2.0007688999176025}
[train] step 900 task=img_cls loss=4.0220 loss_task=0.0189 aux_loss={'attn_lb': 2.001451015472412, 'ffn_compute': 1.0007957220077515, 'ffn_align': 2.420415647422236e-12, 'ffn_mod_lb': 1.0007957220077515}
Elapsed: 2h 40m 0s

===== Epoch 25/30 =====
[train] step 0 task=vqa loss=17.2366 loss_task=2.6116 aux_loss={'attn_lb': 2.001746654510498, 'ffn_compute': 2.0009846687316895, 'ffn_align': 0.00029890512814745307, 'ffn_mod_lb': 2.0009846687316895}
[train] step 100 task=txt_rec loss=4.1856 loss_task=0.1840 aux_loss={'attn_lb': 2.0016050338745117, 'ffn_compute': 1.000036358833313, 'ffn_align': 6.478605846238494e-11, 'ffn_mod_lb': 1.000036358833313}
[train] step 200 task=vqa loss=17.1144 loss_task=2.5510 aux_loss={'attn_lb': 2.0006158351898193, 'ffn_compute': 2.001466751098633, 'ffn_align': 0.0002643234911374748, 'ffn_mod_lb': 2.001466751098633}
[train] step 300 task=img_rec loss=4.0718 loss_task=0.0715 aux_loss={'attn_lb': 2.0001375675201416, 'ffn_compute': 1.0000633001327515, 'ffn_align': 2.916015410907302e-13, 'ffn_mod_lb': 1.0000633001327515}
[train] step 400 task=vqa loss=17.0261 loss_task=2.5096 aux_loss={'attn_lb': 2.0004465579986572, 'ffn_compute': 2.0000805854797363, 'ffn_align': 0.0002847969881258905, 'ffn_mod_lb': 2.0000805854797363}
[train] step 500 task=txt_rec loss=4.1723 loss_task=0.1710 aux_loss={'attn_lb': 2.001110076904297, 'ffn_compute': 1.0000839233398438, 'ffn_align': 1.9627410807743217e-11, 'ffn_mod_lb': 1.0000839233398438}
[train] step 600 task=vqa loss=16.1605 loss_task=2.0764 aux_loss={'attn_lb': 2.000870704650879, 'ffn_compute': 2.0003745555877686, 'ffn_align': 0.00022113202430773526, 'ffn_mod_lb': 2.0003745555877686}
[train] step 700 task=txt_rec loss=4.1787 loss_task=0.1763 aux_loss={'attn_lb': 2.002108097076416, 'ffn_compute': 1.0001041889190674, 'ffn_align': 9.722794791500178e-11, 'ffn_mod_lb': 1.0001041889190674}
[train] step 800 task=txt_rec loss=4.1482 loss_task=0.1466 aux_loss={'attn_lb': 2.0011675357818604, 'ffn_compute': 1.0002577304840088, 'ffn_align': 1.9260860267822366e-11, 'ffn_mod_lb': 1.0002577304840088}
[train] step 900 task=txt_rec loss=4.2080 loss_task=0.2061 aux_loss={'attn_lb': 2.0015664100646973, 'ffn_compute': 1.0001678466796875, 'ffn_align': 4.224166350041969e-09, 'ffn_mod_lb': 1.0001678466796875}
Elapsed: 2h 46m 20s
Eval results:
  img_rec: loss = 4.0779, task_loss = 0.0728, 
  txt_rec: loss = 4.6196, task_loss = 0.6151, 
  img_cls: loss = 4.0978, task_loss = 0.0947, , acc=0.9739
  txt_cls: loss = 4.2296, task_loss = 0.2223, , acc=0.8924
  vqa: loss = 8.4121, task_loss = 2.4045, , acc=0.4226

===== Epoch 26/30 =====
[train] step 0 task=vqa loss=17.0852 loss_task=2.5380 aux_loss={'attn_lb': 2.001661777496338, 'ffn_compute': 2.000119924545288, 'ffn_align': 0.00027297480846755207, 'ffn_mod_lb': 2.000119924545288}
[train] step 100 task=vqa loss=14.8019 loss_task=1.3977 aux_loss={'attn_lb': 2.000356912612915, 'ffn_compute': 2.0004446506500244, 'ffn_align': 0.00020091385522391647, 'ffn_mod_lb': 2.0004446506500244}
[train] step 200 task=vqa loss=16.9366 loss_task=2.4642 aux_loss={'attn_lb': 2.0010464191436768, 'ffn_compute': 2.0003561973571777, 'ffn_align': 0.00022985013492871076, 'ffn_mod_lb': 2.0003561973571777}
[train] step 300 task=vqa loss=16.0828 loss_task=2.0365 aux_loss={'attn_lb': 2.0016660690307617, 'ffn_compute': 2.0004711151123047, 'ffn_align': 0.00023027107818052173, 'ffn_mod_lb': 2.0004711151123047}
[train] step 400 task=txt_cls loss=4.2847 loss_task=0.2823 aux_loss={'attn_lb': 2.002210855484009, 'ffn_compute': 1.000110387802124, 'ffn_align': 1.1624266002888128e-12, 'ffn_mod_lb': 1.000110387802124}
[train] step 500 task=vqa loss=15.8975 loss_task=1.9441 aux_loss={'attn_lb': 2.001472234725952, 'ffn_compute': 2.000523090362549, 'ffn_align': 0.0002135497925337404, 'ffn_mod_lb': 2.000523090362549}
[train] step 600 task=vqa loss=16.6308 loss_task=2.3113 aux_loss={'attn_lb': 2.0013647079467773, 'ffn_compute': 2.0001466274261475, 'ffn_align': 0.0002413807960692793, 'ffn_mod_lb': 2.0001466274261475}
[train] step 700 task=vqa loss=16.0817 loss_task=2.0367 aux_loss={'attn_lb': 2.0011355876922607, 'ffn_compute': 2.000187397003174, 'ffn_align': 0.00025966367684304714, 'ffn_mod_lb': 2.000187397003174}
[train] step 800 task=txt_cls loss=4.3272 loss_task=0.3263 aux_loss={'attn_lb': 2.0004191398620605, 'ffn_compute': 1.0002467632293701, 'ffn_align': 1.0659324985173857e-11, 'ffn_mod_lb': 1.0002467632293701}
[train] step 900 task=vqa loss=16.7003 loss_task=2.3457 aux_loss={'attn_lb': 2.0012688636779785, 'ffn_compute': 2.0004611015319824, 'ffn_align': 0.00021947234927210957, 'ffn_mod_lb': 2.0004611015319824}
Elapsed: 2h 54m 3s

===== Epoch 27/30 =====
[train] step 0 task=vqa loss=16.0617 loss_task=2.0264 aux_loss={'attn_lb': 2.0008039474487305, 'ffn_compute': 2.0005171298980713, 'ffn_align': 0.00025942441425286233, 'ffn_mod_lb': 2.0005171298980713}
[train] step 100 task=img_cls loss=4.0803 loss_task=0.0795 aux_loss={'attn_lb': 2.0003864765167236, 'ffn_compute': 1.0001713037490845, 'ffn_align': 1.002506346166332e-12, 'ffn_mod_lb': 1.0001713037490845}
[train] step 200 task=vqa loss=15.5205 loss_task=1.7558 aux_loss={'attn_lb': 2.0017588138580322, 'ffn_compute': 2.0001955032348633, 'ffn_align': 0.00023119371326174587, 'ffn_mod_lb': 2.0001955032348633}
[train] step 300 task=txt_rec loss=4.1879 loss_task=0.1875 aux_loss={'attn_lb': 1.9999638795852661, 'ffn_compute': 1.0002028942108154, 'ffn_align': 7.347443833904954e-12, 'ffn_mod_lb': 1.0002028942108154}
[train] step 400 task=vqa loss=15.2468 loss_task=1.6199 aux_loss={'attn_lb': 2.000903606414795, 'ffn_compute': 2.000231981277466, 'ffn_align': 0.00021516773267649114, 'ffn_mod_lb': 2.000231981277466}
[train] step 500 task=vqa loss=15.4245 loss_task=1.7083 aux_loss={'attn_lb': 2.0010104179382324, 'ffn_compute': 2.0002732276916504, 'ffn_align': 0.0002441850956529379, 'ffn_mod_lb': 2.0002732276916504}
[train] step 600 task=vqa loss=15.7234 loss_task=1.8584 aux_loss={'attn_lb': 2.0007050037384033, 'ffn_compute': 2.000156879425049, 'ffn_align': 0.00022956664906814694, 'ffn_mod_lb': 2.000156879425049}
[train] step 700 task=txt_rec loss=4.1345 loss_task=0.1330 aux_loss={'attn_lb': 2.0014572143554688, 'ffn_compute': 1.0000265836715698, 'ffn_align': 4.9387448991522476e-11, 'ffn_mod_lb': 1.0000265836715698}
[train] step 800 task=txt_rec loss=4.1547 loss_task=0.1533 aux_loss={'attn_lb': 2.001429319381714, 'ffn_compute': 0.9999752044677734, 'ffn_align': 3.894845058451113e-13, 'ffn_mod_lb': 0.9999752044677734}
[train] step 900 task=vqa loss=16.8588 loss_task=2.4246 aux_loss={'attn_lb': 2.0011777877807617, 'ffn_compute': 2.0002880096435547, 'ffn_align': 0.000300868006888777, 'ffn_mod_lb': 2.0002880096435547}
Elapsed: 3h 0m 24s

===== Epoch 28/30 =====
[train] step 0 task=img_cls loss=4.0171 loss_task=0.0161 aux_loss={'attn_lb': 2.000710964202881, 'ffn_compute': 1.0001716613769531, 'ffn_align': 6.469586151525153e-12, 'ffn_mod_lb': 1.0001716613769531}
[train] step 100 task=vqa loss=16.9809 loss_task=2.4860 aux_loss={'attn_lb': 2.001091480255127, 'ffn_compute': 2.000434637069702, 'ffn_align': 0.000249189994065091, 'ffn_mod_lb': 2.000434637069702}
[train] step 200 task=vqa loss=16.0628 loss_task=2.0261 aux_loss={'attn_lb': 2.0014865398406982, 'ffn_compute': 2.0005834102630615, 'ffn_align': 0.00026626710314303637, 'ffn_mod_lb': 2.0005834102630615}
[train] step 300 task=vqa loss=16.2410 loss_task=2.1150 aux_loss={'attn_lb': 2.002054214477539, 'ffn_compute': 2.000412702560425, 'ffn_align': 0.0002575764956418425, 'ffn_mod_lb': 2.000412702560425}
[train] step 400 task=img_rec loss=4.0738 loss_task=0.0729 aux_loss={'attn_lb': 2.0004281997680664, 'ffn_compute': 1.0002113580703735, 'ffn_align': 3.346366423979258e-13, 'ffn_mod_lb': 1.0002113580703735}
[train] step 500 task=img_rec loss=4.0729 loss_task=0.0725 aux_loss={'attn_lb': 2.000319480895996, 'ffn_compute': 1.0000648498535156, 'ffn_align': 5.212151782223173e-13, 'ffn_mod_lb': 1.0000648498535156}
[train] step 600 task=vqa loss=17.1308 loss_task=2.5598 aux_loss={'attn_lb': 2.0024800300598145, 'ffn_compute': 2.000209093093872, 'ffn_align': 0.00027426518499851227, 'ffn_mod_lb': 2.000209093093872}
[train] step 700 task=vqa loss=16.2468 loss_task=2.1189 aux_loss={'attn_lb': 2.0011563301086426, 'ffn_compute': 2.0003740787506104, 'ffn_align': 0.0002569849311839789, 'ffn_mod_lb': 2.0003740787506104}
[train] step 800 task=vqa loss=16.4160 loss_task=2.2039 aux_loss={'attn_lb': 2.001502275466919, 'ffn_compute': 2.0002448558807373, 'ffn_align': 0.00021258406923152506, 'ffn_mod_lb': 2.0002448558807373}
[train] step 900 task=img_rec loss=4.0765 loss_task=0.0760 aux_loss={'attn_lb': 2.000277519226074, 'ffn_compute': 1.0001169443130493, 'ffn_align': 8.309792741065247e-13, 'ffn_mod_lb': 1.0001169443130493}
Elapsed: 3h 6m 52s

===== Epoch 29/30 =====
[train] step 0 task=vqa loss=16.5393 loss_task=2.2657 aux_loss={'attn_lb': 2.000974655151367, 'ffn_compute': 2.0001261234283447, 'ffn_align': 0.0002714476431719959, 'ffn_mod_lb': 2.0001261234283447}
[train] step 100 task=vqa loss=15.4429 loss_task=1.7159 aux_loss={'attn_lb': 2.002161979675293, 'ffn_compute': 2.000246286392212, 'ffn_align': 0.00028734790976159275, 'ffn_mod_lb': 2.000246286392212}
[train] step 200 task=txt_cls loss=4.2542 loss_task=0.2514 aux_loss={'attn_lb': 2.0028717517852783, 'ffn_compute': 1.0000075101852417, 'ffn_align': 7.546299197504214e-13, 'ffn_mod_lb': 1.0000075101852417}
[train] step 300 task=txt_cls loss=4.3564 loss_task=0.3541 aux_loss={'attn_lb': 2.001821994781494, 'ffn_compute': 1.0002188682556152, 'ffn_align': 1.3238429241724248e-09, 'ffn_mod_lb': 1.0002188682556152}
[train] step 400 task=img_rec loss=4.0618 loss_task=0.0606 aux_loss={'attn_lb': 2.0007193088531494, 'ffn_compute': 1.0002562999725342, 'ffn_align': 8.12143668288412e-12, 'ffn_mod_lb': 1.0002562999725342}
[train] step 500 task=img_cls loss=4.1358 loss_task=0.1349 aux_loss={'attn_lb': 2.0006892681121826, 'ffn_compute': 1.0001091957092285, 'ffn_align': 2.2041097245961705e-12, 'ffn_mod_lb': 1.0001091957092285}
[train] step 600 task=txt_rec loss=4.2142 loss_task=0.2136 aux_loss={'attn_lb': 2.00059175491333, 'ffn_compute': 1.0000396966934204, 'ffn_align': 1.4911091458791326e-11, 'ffn_mod_lb': 1.0000396966934204}
[train] step 700 task=txt_rec loss=4.1316 loss_task=0.1294 aux_loss={'attn_lb': 2.0020751953125, 'ffn_compute': 1.0000476837158203, 'ffn_align': 2.0061537066989876e-12, 'ffn_mod_lb': 1.0000476837158203}
[train] step 800 task=vqa loss=16.8366 loss_task=2.4129 aux_loss={'attn_lb': 2.0020594596862793, 'ffn_compute': 2.000274181365967, 'ffn_align': 0.0002789315767586231, 'ffn_mod_lb': 2.000274181365967}
[train] step 900 task=vqa loss=17.0830 loss_task=2.5377 aux_loss={'attn_lb': 2.000446081161499, 'ffn_compute': 2.000331401824951, 'ffn_align': 0.0002718420000746846, 'ffn_mod_lb': 2.000331401824951}
Elapsed: 3h 13m 21s

===== Epoch 30/30 =====
[train] step 0 task=vqa loss=17.2426 loss_task=2.6177 aux_loss={'attn_lb': 2.0009570121765137, 'ffn_compute': 1.9999624490737915, 'ffn_align': 0.0002678998571354896, 'ffn_mod_lb': 1.9999624490737915}
[train] step 100 task=vqa loss=17.3070 loss_task=2.6502 aux_loss={'attn_lb': 2.000145673751831, 'ffn_compute': 2.0002737045288086, 'ffn_align': 0.0002575992257334292, 'ffn_mod_lb': 2.0002737045288086}
[train] step 200 task=vqa loss=15.9857 loss_task=1.9891 aux_loss={'attn_lb': 2.0008156299591064, 'ffn_compute': 2.0001847743988037, 'ffn_align': 0.00025096844183281064, 'ffn_mod_lb': 2.0001847743988037}
[train] step 300 task=vqa loss=15.6427 loss_task=1.8170 aux_loss={'attn_lb': 2.0014519691467285, 'ffn_compute': 2.0001749992370605, 'ffn_align': 0.00026114413049072027, 'ffn_mod_lb': 2.0001749992370605}
[train] step 400 task=vqa loss=16.9010 loss_task=2.4469 aux_loss={'attn_lb': 2.000939130783081, 'ffn_compute': 2.000035524368286, 'ffn_align': 0.0002614970435388386, 'ffn_mod_lb': 2.000035524368286}
[train] step 500 task=vqa loss=16.9338 loss_task=2.4626 aux_loss={'attn_lb': 2.0008208751678467, 'ffn_compute': 2.0003104209899902, 'ffn_align': 0.00028428228688426316, 'ffn_mod_lb': 2.0003104209899902}
[train] step 600 task=vqa loss=15.7992 loss_task=1.8969 aux_loss={'attn_lb': 2.00002121925354, 'ffn_compute': 2.0001301765441895, 'ffn_align': 0.00024166071671061218, 'ffn_mod_lb': 2.0001301765441895}
[train] step 700 task=vqa loss=15.5766 loss_task=1.7837 aux_loss={'attn_lb': 2.001582622528076, 'ffn_compute': 2.000230312347412, 'ffn_align': 0.00026021560188382864, 'ffn_mod_lb': 2.000230312347412}
[train] step 800 task=txt_cls loss=4.3401 loss_task=0.3385 aux_loss={'attn_lb': 2.0013630390167236, 'ffn_compute': 1.0001174211502075, 'ffn_align': 7.844733890260969e-11, 'ffn_mod_lb': 1.0001174211502075}
[train] step 900 task=vqa loss=16.6030 loss_task=2.2982 aux_loss={'attn_lb': 2.0001955032348633, 'ffn_compute': 2.000321626663208, 'ffn_align': 0.0002466549922246486, 'ffn_mod_lb': 2.000321626663208}
Elapsed: 3h 19m 42s
Eval results:
  txt_cls: loss = 4.2211, task_loss = 0.2168, , acc=0.9027
  img_cls: loss = 4.0980, task_loss = 0.0940, , acc=0.9740
  img_rec: loss = 4.0756, task_loss = 0.0707, 
  txt_rec: loss = 4.6029, task_loss = 0.5992, 
  vqa: loss = 8.3870, task_loss = 2.3763, , acc=0.4214
