nohup: ignoring input
Process ID: 2843232
Loading weights:   0%|          | 0/200 [00:00<?, ?it/s]Loading weights: 100%|██████████| 200/200 [00:00<00:00, 16725.37it/s]
Loading weights:   0%|          | 0/199 [00:00<?, ?it/s]Loading weights: 100%|██████████| 199/199 [00:00<00:00, 19639.67it/s]
[transformers] [1mBertModel LOAD REPORT[0m from: bert-base-uncased
Key                                        | Status     |  | 
-------------------------------------------+------------+--+-
cls.predictions.transform.dense.bias       | UNEXPECTED |  | 
cls.predictions.transform.dense.weight     | UNEXPECTED |  | 
cls.predictions.transform.LayerNorm.bias   | UNEXPECTED |  | 
cls.predictions.transform.LayerNorm.weight | UNEXPECTED |  | 
cls.predictions.bias                       | UNEXPECTED |  | 
cls.seq_relationship.bias                  | UNEXPECTED |  | 
cls.seq_relationship.weight                | UNEXPECTED |  | 

Notes:
- UNEXPECTED:	can be ignored when loading from different task/architecture; not ok if you expect identical arch.
Trainable parameters: 246,056,327

===== Epoch 1/30 =====
[train] step 0 task=vqa loss=30.1903 loss_task=0.7294 aux_loss={'attn_lb': 3.027066707611084, 'ffn_compute': 4.680015563964844, 'ffn_align': 0.19786512851715088, 'ffn_mod_lb': 4.680015563964844}
[train] step 100 task=vqa loss=17.6576 loss_task=0.6242 aux_loss={'attn_lb': 2.2289209365844727, 'ffn_compute': 2.7881569862365723, 'ffn_align': 0.03993397206068039, 'ffn_mod_lb': 2.7881569862365723}
[train] step 200 task=txt_rec loss=14.3574 loss_task=9.7725 aux_loss={'attn_lb': 2.0964527130126953, 'ffn_compute': 1.2083187103271484, 'ffn_align': 0.007172811310738325, 'ffn_mod_lb': 1.2083187103271484}
[train] step 300 task=img_cls loss=6.4325 loss_task=2.2613 aux_loss={'attn_lb': 2.098722219467163, 'ffn_compute': 1.0359067916870117, 'ffn_align': 6.567563104908913e-05, 'ffn_mod_lb': 1.0359067916870117}
[train] step 400 task=txt_cls loss=4.7727 loss_task=0.6975 aux_loss={'attn_lb': 2.0274698734283447, 'ffn_compute': 1.0237236022949219, 'ffn_align': 3.237725104554556e-05, 'ffn_mod_lb': 1.0237236022949219}
[train] step 500 task=img_cls loss=6.3160 loss_task=2.2895 aux_loss={'attn_lb': 2.0129802227020264, 'ffn_compute': 1.006803035736084, 'ffn_align': 7.4173948405587e-07, 'ffn_mod_lb': 1.006803035736084}
[train] step 600 task=img_cls loss=6.2958 loss_task=2.2380 aux_loss={'attn_lb': 2.0235862731933594, 'ffn_compute': 1.017126441001892, 'ffn_align': 9.532003275580792e-08, 'ffn_mod_lb': 1.017126441001892}
[train] step 700 task=vqa loss=12.2163 loss_task=0.0036 aux_loss={'attn_lb': 2.01727294921875, 'ffn_compute': 2.043586254119873, 'ffn_align': 1.620694274606649e-05, 'ffn_mod_lb': 2.043586254119873}
[train] step 800 task=txt_rec loss=10.6231 loss_task=6.5553 aux_loss={'attn_lb': 2.019984722137451, 'ffn_compute': 1.023863673210144, 'ffn_align': 2.1997898613790312e-08, 'ffn_mod_lb': 1.023863673210144}
[train] step 900 task=img_rec loss=4.3172 loss_task=0.2339 aux_loss={'attn_lb': 2.0232908725738525, 'ffn_compute': 1.029970645904541, 'ffn_align': 4.052770705836872e-12, 'ffn_mod_lb': 1.029970645904541}
Elapsed: 0h 10m 46s

===== Epoch 2/30 =====
[train] step 0 task=img_rec loss=4.4073 loss_task=0.2735 aux_loss={'attn_lb': 2.0377068519592285, 'ffn_compute': 1.0480718612670898, 'ffn_align': 4.678218533046841e-13, 'ffn_mod_lb': 1.0480718612670898}
[train] step 100 task=txt_cls loss=5.0577 loss_task=0.9455 aux_loss={'attn_lb': 2.034407377243042, 'ffn_compute': 1.0388848781585693, 'ffn_align': 4.354228349406908e-12, 'ffn_mod_lb': 1.0388848781585693}
[train] step 200 task=vqa loss=12.2137 loss_task=0.0023 aux_loss={'attn_lb': 2.0153775215148926, 'ffn_compute': 2.044348955154419, 'ffn_align': 4.499599526752718e-05, 'ffn_mod_lb': 2.044348955154419}
[train] step 300 task=vqa loss=12.3111 loss_task=0.0029 aux_loss={'attn_lb': 2.024413824081421, 'ffn_compute': 2.063948154449463, 'ffn_align': 3.890910011250526e-05, 'ffn_mod_lb': 2.063948154449463}
[train] step 400 task=txt_rec loss=9.2282 loss_task=5.0686 aux_loss={'attn_lb': 2.030428171157837, 'ffn_compute': 1.0645495653152466, 'ffn_align': 4.6307104639709e-06, 'ffn_mod_lb': 1.0645495653152466}
[train] step 500 task=vqa loss=12.5129 loss_task=0.0027 aux_loss={'attn_lb': 2.030223846435547, 'ffn_compute': 2.1108875274658203, 'ffn_align': 0.00017762422794476151, 'ffn_mod_lb': 2.1108875274658203}
[train] step 600 task=txt_cls loss=4.7473 loss_task=0.6713 aux_loss={'attn_lb': 2.0305826663970947, 'ffn_compute': 1.0227373838424683, 'ffn_align': 3.0033683873220696e-12, 'ffn_mod_lb': 1.0227373838424683}
[train] step 700 task=img_rec loss=4.3452 loss_task=0.2545 aux_loss={'attn_lb': 2.0207905769348145, 'ffn_compute': 1.0349369049072266, 'ffn_align': 8.00164622061228e-12, 'ffn_mod_lb': 1.0349369049072266}
[train] step 800 task=txt_cls loss=4.6895 loss_task=0.6551 aux_loss={'attn_lb': 2.013827323913574, 'ffn_compute': 1.010303020477295, 'ffn_align': 7.883885384807332e-12, 'ffn_mod_lb': 1.010303020477295}
[train] step 900 task=vqa loss=12.2730 loss_task=0.0027 aux_loss={'attn_lb': 2.0188474655151367, 'ffn_compute': 2.057190179824829, 'ffn_align': 5.6736291298875585e-05, 'ffn_mod_lb': 2.057190179824829}
Elapsed: 0h 21m 8s

===== Epoch 3/30 =====
[train] step 0 task=vqa loss=12.2341 loss_task=0.0027 aux_loss={'attn_lb': 2.0132553577423096, 'ffn_compute': 2.0503876209259033, 'ffn_align': 3.817764081759378e-05, 'ffn_mod_lb': 2.0503876209259033}
[train] step 100 task=txt_rec loss=8.2427 loss_task=4.1884 aux_loss={'attn_lb': 2.0170111656188965, 'ffn_compute': 1.018640160560608, 'ffn_align': 6.499845994767384e-08, 'ffn_mod_lb': 1.018640160560608}
[train] step 200 task=vqa loss=12.2264 loss_task=0.0028 aux_loss={'attn_lb': 2.0159778594970703, 'ffn_compute': 2.0470099449157715, 'ffn_align': 3.717585059348494e-05, 'ffn_mod_lb': 2.0470099449157715}
[train] step 300 task=img_rec loss=4.3092 loss_task=0.2604 aux_loss={'attn_lb': 2.0275473594665527, 'ffn_compute': 1.0103291273117065, 'ffn_align': 5.947650788584724e-05, 'ffn_mod_lb': 1.0103291273117065}
[train] step 400 task=vqa loss=12.2498 loss_task=0.0023 aux_loss={'attn_lb': 2.0189123153686523, 'ffn_compute': 2.0517008304595947, 'ffn_align': 2.928908543253783e-05, 'ffn_mod_lb': 2.0517008304595947}
[train] step 500 task=vqa loss=12.0835 loss_task=0.0027 aux_loss={'attn_lb': 2.013084888458252, 'ffn_compute': 2.0128448009490967, 'ffn_align': 2.459727693349123e-05, 'ffn_mod_lb': 2.0128448009490967}
[train] step 600 task=vqa loss=12.1355 loss_task=0.0024 aux_loss={'attn_lb': 2.0181963443756104, 'ffn_compute': 2.0233612060546875, 'ffn_align': 3.8938400393817574e-05, 'ffn_mod_lb': 2.0233612060546875}
[train] step 700 task=vqa loss=12.1228 loss_task=0.0026 aux_loss={'attn_lb': 2.013532876968384, 'ffn_compute': 2.022310972213745, 'ffn_align': 6.337918603094295e-05, 'ffn_mod_lb': 2.022310972213745}
[train] step 800 task=vqa loss=12.0653 loss_task=0.0026 aux_loss={'attn_lb': 2.0082640647888184, 'ffn_compute': 2.010798692703247, 'ffn_align': 1.3319951904122718e-05, 'ffn_mod_lb': 2.010798692703247}
[train] step 900 task=vqa loss=12.1426 loss_task=0.0028 aux_loss={'attn_lb': 2.015936851501465, 'ffn_compute': 2.025918960571289, 'ffn_align': 7.549313886556774e-05, 'ffn_mod_lb': 2.025918960571289}
Elapsed: 0h 32m 7s

===== Epoch 4/30 =====
[train] step 0 task=vqa loss=12.1151 loss_task=0.0027 aux_loss={'attn_lb': 2.0157113075256348, 'ffn_compute': 2.0193777084350586, 'ffn_align': 3.763499989872798e-05, 'ffn_mod_lb': 2.0193777084350586}
[train] step 100 task=vqa loss=12.1135 loss_task=0.0027 aux_loss={'attn_lb': 2.01298451423645, 'ffn_compute': 2.020144462585449, 'ffn_align': 7.456308230757713e-05, 'ffn_mod_lb': 2.020144462585449}
[train] step 200 task=txt_cls loss=4.6909 loss_task=0.6636 aux_loss={'attn_lb': 2.015497922897339, 'ffn_compute': 1.0058982372283936, 'ffn_align': 1.763711487967612e-08, 'ffn_mod_lb': 1.0058982372283936}
[train] step 300 task=txt_rec loss=6.9131 loss_task=2.8951 aux_loss={'attn_lb': 2.0095880031585693, 'ffn_compute': 1.0042016506195068, 'ffn_align': 1.0761468161035737e-07, 'ffn_mod_lb': 1.0042016506195068}
[train] step 400 task=vqa loss=12.0868 loss_task=0.0030 aux_loss={'attn_lb': 2.0117435455322266, 'ffn_compute': 2.0141711235046387, 'ffn_align': 2.735672751441598e-05, 'ffn_mod_lb': 2.0141711235046387}
[train] step 500 task=vqa loss=12.0890 loss_task=0.0029 aux_loss={'attn_lb': 2.021416187286377, 'ffn_compute': 2.0097296237945557, 'ffn_align': 7.785547495586798e-05, 'ffn_mod_lb': 2.0097296237945557}
[train] step 600 task=txt_rec loss=6.7787 loss_task=2.7583 aux_loss={'attn_lb': 2.006153106689453, 'ffn_compute': 1.007123351097107, 'ffn_align': 2.8780641514458694e-07, 'ffn_mod_lb': 1.007123351097107}
[train] step 700 task=vqa loss=12.0803 loss_task=0.0025 aux_loss={'attn_lb': 2.0151853561401367, 'ffn_compute': 2.011087656021118, 'ffn_align': 3.192091025994159e-05, 'ffn_mod_lb': 2.011087656021118}
[train] step 800 task=vqa loss=12.0573 loss_task=0.0025 aux_loss={'attn_lb': 2.011110544204712, 'ffn_compute': 2.007251024246216, 'ffn_align': 5.04235431435518e-05, 'ffn_mod_lb': 2.007251024246216}
[train] step 900 task=txt_cls loss=4.7503 loss_task=0.7051 aux_loss={'attn_lb': 2.0251736640930176, 'ffn_compute': 1.0100159645080566, 'ffn_align': 1.5125191765719137e-08, 'ffn_mod_lb': 1.0100159645080566}
Elapsed: 0h 42m 20s

===== Epoch 5/30 =====
[train] step 0 task=img_cls loss=5.2959 loss_task=1.1976 aux_loss={'attn_lb': 2.0663273334503174, 'ffn_compute': 1.0158823728561401, 'ffn_align': 2.0730061805807054e-05, 'ffn_mod_lb': 1.0158823728561401}
[train] step 100 task=vqa loss=12.1092 loss_task=0.0031 aux_loss={'attn_lb': 2.013353109359741, 'ffn_compute': 2.018981456756592, 'ffn_align': 2.0884159312117845e-05, 'ffn_mod_lb': 2.018981456756592}
[train] step 200 task=vqa loss=12.0706 loss_task=0.0031 aux_loss={'attn_lb': 2.0080504417419434, 'ffn_compute': 2.0119543075561523, 'ffn_align': 2.6707337383413687e-05, 'ffn_mod_lb': 2.0119543075561523}
[train] step 300 task=vqa loss=12.0523 loss_task=0.0028 aux_loss={'attn_lb': 2.0077269077301025, 'ffn_compute': 2.007608413696289, 'ffn_align': 3.5621498682303354e-05, 'ffn_mod_lb': 2.007608413696289}
[train] step 400 task=txt_rec loss=6.1408 loss_task=2.0769 aux_loss={'attn_lb': 2.016679525375366, 'ffn_compute': 1.023604154586792, 'ffn_align': 3.5438998224890383e-07, 'ffn_mod_lb': 1.023604154586792}
[train] step 500 task=img_rec loss=4.2429 loss_task=0.2098 aux_loss={'attn_lb': 2.024109125137329, 'ffn_compute': 1.004480242729187, 'ffn_align': 2.390858691581066e-11, 'ffn_mod_lb': 1.004480242729187}
[train] step 600 task=vqa loss=12.0604 loss_task=0.0028 aux_loss={'attn_lb': 2.008251190185547, 'ffn_compute': 2.009456157684326, 'ffn_align': 2.6226553018204868e-05, 'ffn_mod_lb': 2.009456157684326}
[train] step 700 task=vqa loss=12.0450 loss_task=0.0027 aux_loss={'attn_lb': 2.0071473121643066, 'ffn_compute': 2.0061326026916504, 'ffn_align': 4.2102565203094855e-05, 'ffn_mod_lb': 2.0061326026916504}
[train] step 800 task=vqa loss=12.0556 loss_task=0.0021 aux_loss={'attn_lb': 2.009812355041504, 'ffn_compute': 2.0077226161956787, 'ffn_align': 4.2667972593335435e-05, 'ffn_mod_lb': 2.0077226161956787}
[train] step 900 task=vqa loss=12.0874 loss_task=0.0028 aux_loss={'attn_lb': 2.0072519779205322, 'ffn_compute': 2.016676425933838, 'ffn_align': 3.293933332315646e-05, 'ffn_mod_lb': 2.016676425933838}
Elapsed: 0h 53m 32s
Traceback (most recent call last):
  File "/home/necphy/duc_sr/multimodal_moe_semcom/main.py", line 179, in <module>
    eval_results = eval_epoch(model, test_loaders, cfg, device, max_batches=None, eval_steps=run_cfg.eval_steps)
                   ^^^^^^^^^^^^^^^^^^^^^^^^^^^^^^^^^^^^^^^^^^^^^^^^^^^^^^^^^^^^^^^^^^^^^^^^^^^^^^^^^^^^^^^^^^^^^
  File "/home/necphy/duc_sr/multimodal_moe_semcom/train_test_utils.py", line 259, in eval_epoch
    out_stats = eval_step(model, task_name, input_batch, cfg, device)
                ^^^^^^^^^^^^^^^^^^^^^^^^^^^^^^^^^^^^^^^^^^^^^^^^^^^^^
  File "/home/necphy/duc_sr/envs/moe_env/lib/python3.12/site-packages/torch/utils/_contextlib.py", line 124, in decorate_context
    return func(*args, **kwargs)
           ^^^^^^^^^^^^^^^^^^^^^
  File "/home/necphy/duc_sr/multimodal_moe_semcom/train_test_utils.py", line 140, in eval_step
    out = model(
          ^^^^^^
  File "/home/necphy/duc_sr/envs/moe_env/lib/python3.12/site-packages/torch/nn/modules/module.py", line 1778, in _wrapped_call_impl
    return self._call_impl(*args, **kwargs)
           ^^^^^^^^^^^^^^^^^^^^^^^^^^^^^^^^
  File "/home/necphy/duc_sr/envs/moe_env/lib/python3.12/site-packages/torch/nn/modules/module.py", line 1789, in _call_impl
    return forward_call(*args, **kwargs)
           ^^^^^^^^^^^^^^^^^^^^^^^^^^^^^
TypeError: MultiModalMultiTaskMoHMoE.forward() got an unexpected keyword argument 'task_id'
