nohup: ignoring input
Process ID: 1889812
--- Model Configuration:
  d_model: 768
  n_layers: 8
  n_modalities: 2
  active_modalities: ['text', 'vision']
  task_output_dims: {'img_cls': 10, 'img_rec': None, 'txt_cls': 2, 'txt_rec': 30522, 'vqa': 3129}
  n_tasks: 5
  max_seq_len: 512
  img_size: 224
  patch_size: 16
  attn_n_heads: 12
  attn_head_dim: 64
  attn_topk: 2
  attn_shared_heads: 2
  attn_router_dropout: 0.1
  msoe_modality_blk_hidden: 1536
  msoe_topk: 1
  msoe_n_experts: 4
  mtoe_expert_hidden: 3072
  crossmodal_threshold: 0.5
  dropout: 0.1
  channel_hidden: 3072
  transmit_dim: 192
  se_attn_lb_weight: 1.0
  se_ffn_mod_lb_weight: 1.0
  se_ffn_compute_weight: 1.0
  se_ffn_align_weight: 20.0
  ce_router_lb_weight: 0.01
  img_rec_loss_weight: 1.0
  img_cls_loss_weight: 1.0
  vqa_loss_weight: 1.0
  txt_rec_loss_weight: 1.0
  txt_cls_loss_weight: 1.0
  spc_loss_weight: 1.0
Run Configuration:
  task_selection: ['img_rec', 'img_cls', 'vqa', 'txt_rec', 'txt_cls']
  sample_task_probs: [0.15, 0.05, 0.6, 0.15, 0.05]
  train_batch_size: 64
  test_batch_size: 64
  steps_per_epoch: 1000
  eval_steps: 500
  num_epochs: 25
  vocab_size: 30522
  snr_dB: 20.0
  fading: none
  rician_k: 3.0
Loading weights:   0%|          | 0/200 [00:00<?, ?it/s]Loading weights: 100%|██████████| 200/200 [00:00<00:00, 20057.40it/s]
Loading weights:   0%|          | 0/199 [00:00<?, ?it/s]Loading weights: 100%|██████████| 199/199 [00:00<00:00, 20163.46it/s]
[transformers] [1mBertModel LOAD REPORT[0m from: bert-base-uncased
Key                                        | Status     |  | 
-------------------------------------------+------------+--+-
cls.predictions.transform.dense.weight     | UNEXPECTED |  | 
cls.predictions.transform.LayerNorm.weight | UNEXPECTED |  | 
cls.seq_relationship.bias                  | UNEXPECTED |  | 
cls.predictions.bias                       | UNEXPECTED |  | 
cls.predictions.transform.LayerNorm.bias   | UNEXPECTED |  | 
cls.predictions.transform.dense.bias       | UNEXPECTED |  | 
cls.seq_relationship.weight                | UNEXPECTED |  | 

Notes:
- UNEXPECTED:	can be ignored when loading from different task/architecture; not ok if you expect identical arch.
Trainable parameters: 287,525,494
Total parameters: 454,422,646

===== Epoch 1/25 =====
[train] step 0 task=vqa loss=39.4248 loss_task=8.4425 aux_loss={'se_attn_lb': 2.6369199752807617, 'se_ffn_compute': 1.9315119981765747, 'se_ffn_align': 0.2085951268672943, 'se_ffn_mod_lb': 2.529564619064331}
[train] step 100 task=txt_rec loss=17.5291 loss_task=10.3389 aux_loss={'se_attn_lb': 2.1720211505889893, 'se_ffn_compute': 1.3619269132614136, 'se_ffn_align': 0.12921591103076935, 'se_ffn_mod_lb': 1.0719108581542969}
[train] step 200 task=vqa loss=17.8552 loss_task=4.6075 aux_loss={'se_attn_lb': 2.007620334625244, 'se_ffn_compute': 0.22762516140937805, 'se_ffn_align': 0.003929988946765661, 'se_ffn_mod_lb': 2.0062637329101562}
[train] step 300 task=vqa loss=19.5851 loss_task=5.7319 aux_loss={'se_attn_lb': 2.009389877319336, 'se_ffn_compute': 0.04126892238855362, 'se_ffn_align': 0.00022130183060653508, 'se_ffn_mod_lb': 2.0055389404296875}
[train] step 400 task=vqa loss=14.4042 loss_task=3.1582 aux_loss={'se_attn_lb': 2.01405930519104, 'se_ffn_compute': 0.016042327508330345, 'se_ffn_align': 0.00016908359248191118, 'se_ffn_mod_lb': 2.0104146003723145}
[train] step 500 task=txt_rec loss=10.5267 loss_task=7.4815 aux_loss={'se_attn_lb': 2.0207529067993164, 'se_ffn_compute': 0.016546498984098434, 'se_ffn_align': 5.150337528903037e-05, 'se_ffn_mod_lb': 1.0069057941436768}
[train] step 600 task=vqa loss=17.0082 loss_task=4.4591 aux_loss={'se_attn_lb': 2.024522542953491, 'se_ffn_compute': 0.005353940185159445, 'se_ffn_align': 9.153665450867265e-05, 'se_ffn_mod_lb': 2.013265609741211}
[train] step 700 task=vqa loss=15.8166 loss_task=3.8522 aux_loss={'se_attn_lb': 2.038398027420044, 'se_ffn_compute': 0.003030123421922326, 'se_ffn_align': 0.00012087918003089726, 'se_ffn_mod_lb': 2.012270927429199}
[train] step 800 task=vqa loss=17.2460 loss_task=4.5669 aux_loss={'se_attn_lb': 2.0366945266723633, 'se_ffn_compute': 0.0017872941680252552, 'se_ffn_align': 0.00012234562018420547, 'se_ffn_mod_lb': 2.015126943588257}
[train] step 900 task=vqa loss=14.7462 loss_task=3.3029 aux_loss={'se_attn_lb': 2.034668445587158, 'se_ffn_compute': 0.002267808187752962, 'se_ffn_align': 0.00010825227218447253, 'se_ffn_mod_lb': 2.0310311317443848}
Elapsed: 0h 7m 38s

===== Epoch 2/25 =====
[train] step 0 task=vqa loss=14.8574 loss_task=3.3200 aux_loss={'se_attn_lb': 2.0579562187194824, 'se_ffn_compute': 0.001488116686232388, 'se_ffn_align': 0.00017168423801194876, 'se_ffn_mod_lb': 2.045781373977661}
[train] step 100 task=img_rec loss=3.3151 loss_task=0.2481 aux_loss={'se_attn_lb': 2.049496650695801, 'se_ffn_compute': 0.0001199186808662489, 'se_ffn_align': 5.2200093136889336e-08, 'se_ffn_mod_lb': 1.0172998905181885}
[train] step 200 task=img_rec loss=3.3052 loss_task=0.2250 aux_loss={'se_attn_lb': 2.0651912689208984, 'se_ffn_compute': 0.0001533111499156803, 'se_ffn_align': 3.6224670907358814e-07, 'se_ffn_mod_lb': 1.014872431755066}
[train] step 300 task=img_cls loss=3.2365 loss_task=0.1861 aux_loss={'se_attn_lb': 2.034127950668335, 'se_ffn_compute': 0.0001290819636778906, 'se_ffn_align': 2.219949521986564e-07, 'se_ffn_mod_lb': 1.0161653757095337}
[train] step 400 task=vqa loss=13.3075 loss_task=2.5780 aux_loss={'se_attn_lb': 2.0283312797546387, 'se_ffn_compute': 0.001868824241682887, 'se_ffn_align': 0.0001694172533461824, 'se_ffn_mod_lb': 2.042177677154541}
[train] step 500 task=txt_rec loss=6.4548 loss_task=3.3898 aux_loss={'se_attn_lb': 2.030986785888672, 'se_ffn_compute': 0.0014403100358322263, 'se_ffn_align': 2.0959748781024246e-06, 'se_ffn_mod_lb': 1.0325945615768433}
[train] step 600 task=vqa loss=14.3542 loss_task=3.1029 aux_loss={'se_attn_lb': 2.040018081665039, 'se_ffn_compute': 0.00045747391413897276, 'se_ffn_align': 0.0002106442698277533, 'se_ffn_mod_lb': 2.0294713973999023}
[train] step 700 task=vqa loss=13.5572 loss_task=2.7130 aux_loss={'se_attn_lb': 2.03104829788208, 'se_ffn_compute': 0.0006848584162071347, 'se_ffn_align': 0.00014065337018109858, 'se_ffn_mod_lb': 2.03108549118042}
[train] step 800 task=vqa loss=14.5828 loss_task=3.2329 aux_loss={'se_attn_lb': 2.0288281440734863, 'se_ffn_compute': 0.0010867074597626925, 'se_ffn_align': 0.00014145966270007193, 'se_ffn_mod_lb': 2.025791645050049}
[train] step 900 task=img_rec loss=3.3496 loss_task=0.2265 aux_loss={'se_attn_lb': 2.0918784141540527, 'se_ffn_compute': 0.00011225558409933001, 'se_ffn_align': 3.04944158813214e-08, 'se_ffn_mod_lb': 1.0311092138290405}
Elapsed: 0h 15m 9s

===== Epoch 3/25 =====
[train] step 0 task=vqa loss=14.8439 loss_task=3.2861 aux_loss={'se_attn_lb': 2.051614284515381, 'se_ffn_compute': 0.0003467951319180429, 'se_ffn_align': 0.00014161519357003272, 'se_ffn_mod_lb': 2.08109450340271}
[train] step 100 task=txt_rec loss=5.5995 loss_task=2.5742 aux_loss={'se_attn_lb': 2.014248847961426, 'se_ffn_compute': 0.0010429167887195945, 'se_ffn_align': 3.0565074666810688e-06, 'se_ffn_mod_lb': 1.0099233388900757}
[train] step 200 task=vqa loss=12.8261 loss_task=2.3055 aux_loss={'se_attn_lb': 2.0508062839508057, 'se_ffn_compute': 0.0005142077570781112, 'se_ffn_align': 0.00013539561768993735, 'se_ffn_mod_lb': 2.053548574447632}
[train] step 300 task=vqa loss=13.8266 loss_task=2.7867 aux_loss={'se_attn_lb': 2.046806812286377, 'se_ffn_compute': 0.00022140395594760776, 'se_ffn_align': 0.00014957331586629152, 'se_ffn_mod_lb': 2.076612949371338}
[train] step 400 task=vqa loss=13.3778 loss_task=2.5879 aux_loss={'se_attn_lb': 2.049715995788574, 'se_ffn_compute': 0.0003375686355866492, 'se_ffn_align': 0.00021357250807341188, 'se_ffn_mod_lb': 2.046661853790283}
[train] step 500 task=vqa loss=13.2523 loss_task=2.5520 aux_loss={'se_attn_lb': 2.0302555561065674, 'se_ffn_compute': 0.00010348348587285727, 'se_ffn_align': 0.00017875520279631019, 'se_ffn_mod_lb': 2.040243625640869}
[train] step 600 task=txt_rec loss=5.2959 loss_task=2.2674 aux_loss={'se_attn_lb': 2.0129644870758057, 'se_ffn_compute': 0.0008311740821227431, 'se_ffn_align': 4.9783884605858475e-06, 'se_ffn_mod_lb': 1.014609694480896}
[train] step 700 task=vqa loss=13.1105 loss_task=2.4310 aux_loss={'se_attn_lb': 2.0620901584625244, 'se_ffn_compute': 0.00013732626393903047, 'se_ffn_align': 0.00010625697177601978, 'se_ffn_mod_lb': 2.0598809719085693}
[train] step 800 task=vqa loss=15.3976 loss_task=3.6308 aux_loss={'se_attn_lb': 2.0268635749816895, 'se_ffn_compute': 0.00015347868611570448, 'se_ffn_align': 0.0002871947071980685, 'se_ffn_mod_lb': 2.035271167755127}
[train] step 900 task=vqa loss=13.5119 loss_task=2.6932 aux_loss={'se_attn_lb': 2.0227668285369873, 'se_ffn_compute': 0.00012362273992039263, 'se_ffn_align': 0.00019471444829832762, 'se_ffn_mod_lb': 2.036025047302246}
Elapsed: 0h 22m 55s

===== Epoch 4/25 =====
[train] step 0 task=img_cls loss=3.0862 loss_task=0.0295 aux_loss={'se_attn_lb': 2.0405516624450684, 'se_ffn_compute': 2.447549377393443e-05, 'se_ffn_align': 1.2644427727082075e-09, 'se_ffn_mod_lb': 1.0160596370697021}
[train] step 100 task=txt_rec loss=4.9638 loss_task=1.8927 aux_loss={'se_attn_lb': 2.02542781829834, 'se_ffn_compute': 0.000388343702070415, 'se_ffn_align': 8.403007996093947e-07, 'se_ffn_mod_lb': 1.0453014373779297}
[train] step 200 task=vqa loss=13.3231 loss_task=2.6064 aux_loss={'se_attn_lb': 2.0235071182250977, 'se_ffn_compute': 8.793269807938486e-05, 'se_ffn_align': 0.00010793787078000605, 'se_ffn_mod_lb': 2.0294103622436523}
[train] step 300 task=img_rec loss=3.1165 loss_task=0.0904 aux_loss={'se_attn_lb': 2.0172486305236816, 'se_ffn_compute': 1.977302599698305e-05, 'se_ffn_align': 4.037037371062979e-09, 'se_ffn_mod_lb': 1.0087746381759644}
[train] step 400 task=txt_rec loss=4.6189 loss_task=1.5307 aux_loss={'se_attn_lb': 2.021354913711548, 'se_ffn_compute': 0.00016652840713504702, 'se_ffn_align': 1.816577253066498e-07, 'se_ffn_mod_lb': 1.0667293071746826}
[train] step 500 task=vqa loss=14.7640 loss_task=3.3268 aux_loss={'se_attn_lb': 2.0204367637634277, 'se_ffn_compute': 5.27984338987153e-05, 'se_ffn_align': 0.00018142533372156322, 'se_ffn_mod_lb': 2.0311367511749268}
[train] step 600 task=vqa loss=13.7815 loss_task=2.8597 aux_loss={'se_attn_lb': 2.014695644378662, 'se_ffn_compute': 3.7482473999261856e-05, 'se_ffn_align': 0.00011240326421102509, 'se_ffn_mod_lb': 2.014038562774658}
[train] step 700 task=txt_rec loss=4.5618 loss_task=1.5491 aux_loss={'se_attn_lb': 2.0075061321258545, 'se_ffn_compute': 0.0003886390768457204, 'se_ffn_align': 9.74479689830332e-07, 'se_ffn_mod_lb': 1.0047705173492432}
[train] step 800 task=vqa loss=13.0157 loss_task=2.4093 aux_loss={'se_attn_lb': 2.057471752166748, 'se_ffn_compute': 5.6132517784135416e-05, 'se_ffn_align': 9.682852396508679e-05, 'se_ffn_mod_lb': 2.0390594005584717}
[train] step 900 task=vqa loss=13.2958 loss_task=2.6007 aux_loss={'se_attn_lb': 2.0134923458099365, 'se_ffn_compute': 2.941029379144311e-05, 'se_ffn_align': 0.0001413694117218256, 'se_ffn_mod_lb': 2.0308494567871094}
Elapsed: 0h 30m 39s

===== Epoch 5/25 =====
[train] step 0 task=txt_rec loss=4.3029 loss_task=1.2755 aux_loss={'se_attn_lb': 2.016787528991699, 'se_ffn_compute': 0.00040565355448052287, 'se_ffn_align': 1.6260651136690285e-06, 'se_ffn_mod_lb': 1.0101081132888794}
[train] step 100 task=txt_cls loss=3.4614 loss_task=0.4224 aux_loss={'se_attn_lb': 2.0154597759246826, 'se_ffn_compute': 0.0002096611278830096, 'se_ffn_align': 3.8996986972961167e-07, 'se_ffn_mod_lb': 1.0234174728393555}
[train] step 200 task=img_cls loss=3.3337 loss_task=0.3016 aux_loss={'se_attn_lb': 2.0272514820098877, 'se_ffn_compute': 1.1897453077835962e-05, 'se_ffn_align': 2.2386373310645524e-10, 'se_ffn_mod_lb': 1.0048346519470215}
[train] step 300 task=img_rec loss=3.0982 loss_task=0.0742 aux_loss={'se_attn_lb': 2.0185720920562744, 'se_ffn_compute': 3.565575025277212e-05, 'se_ffn_align': 3.63597330022003e-08, 'se_ffn_mod_lb': 1.0054494142532349}
[train] step 400 task=vqa loss=14.4439 loss_task=3.1945 aux_loss={'se_attn_lb': 2.013174057006836, 'se_ffn_compute': 3.058648871956393e-05, 'se_ffn_align': 0.0001380229223286733, 'se_ffn_mod_lb': 2.011430263519287}
[train] step 500 task=img_rec loss=3.0967 loss_task=0.0772 aux_loss={'se_attn_lb': 2.0169620513916016, 'se_ffn_compute': 1.3087380466458853e-05, 'se_ffn_align': 4.036498690851431e-09, 'se_ffn_mod_lb': 1.0024447441101074}
[train] step 600 task=txt_rec loss=4.0626 loss_task=1.0309 aux_loss={'se_attn_lb': 2.013939380645752, 'se_ffn_compute': 0.00022384888143278658, 'se_ffn_align': 5.324915264282026e-07, 'se_ffn_mod_lb': 1.0175288915634155}
[train] step 700 task=vqa loss=11.9902 loss_task=1.9485 aux_loss={'se_attn_lb': 2.021627902984619, 'se_ffn_compute': 3.3037573302863166e-05, 'se_ffn_align': 0.00012343878915999085, 'se_ffn_mod_lb': 2.0224618911743164}
[train] step 800 task=txt_rec loss=4.0103 loss_task=0.9957 aux_loss={'se_attn_lb': 2.003230571746826, 'se_ffn_compute': 0.00023400166537612677, 'se_ffn_align': 5.669739948643837e-07, 'se_ffn_mod_lb': 1.0111331939697266}
[train] step 900 task=txt_rec loss=3.8635 loss_task=0.8370 aux_loss={'se_attn_lb': 2.0109241008758545, 'se_ffn_compute': 0.00016481443890370429, 'se_ffn_align': 2.518513838367653e-06, 'se_ffn_mod_lb': 1.015444278717041}
Elapsed: 0h 38m 16s
Eval results:
  txt_rec: loss = 4.2061, task_loss = 1.1806, 
  vqa: loss = 6.7492, task_loss = 2.6994, , acc=0.3680
  img_rec: loss = 3.0785, task_loss = 0.0553, 
  txt_cls: loss = 3.2617, task_loss = 0.2361, , acc=0.8777
  img_cls: loss = 3.1479, task_loss = 0.1247, , acc=0.9740

===== Epoch 6/25 =====
[train] step 0 task=vqa loss=12.7455 loss_task=2.3408 aux_loss={'se_attn_lb': 2.0180492401123047, 'se_ffn_compute': 9.908741776598617e-05, 'se_ffn_align': 0.0001294570101890713, 'se_ffn_mod_lb': 2.0112009048461914}
[train] step 100 task=img_rec loss=3.0643 loss_task=0.0517 aux_loss={'se_attn_lb': 2.0086162090301514, 'se_ffn_compute': 1.728541792545002e-05, 'se_ffn_align': 4.866280711723903e-10, 'se_ffn_mod_lb': 1.0039522647857666}
[train] step 200 task=vqa loss=14.0899 loss_task=3.0160 aux_loss={'se_attn_lb': 2.0152270793914795, 'se_ffn_compute': 1.8549262676970102e-05, 'se_ffn_align': 0.00012231763685122132, 'se_ffn_mod_lb': 2.0113017559051514}
[train] step 300 task=vqa loss=13.2318 loss_task=2.5757 aux_loss={'se_attn_lb': 2.020883083343506, 'se_ffn_compute': 2.5309043849119917e-05, 'se_ffn_align': 0.0001189110116683878, 'se_ffn_mod_lb': 2.0168895721435547}
[train] step 400 task=vqa loss=13.7527 loss_task=2.8560 aux_loss={'se_attn_lb': 2.0091068744659424, 'se_ffn_compute': 2.829008735716343e-05, 'se_ffn_align': 0.00013721705181524158, 'se_ffn_mod_lb': 2.0084922313690186}
[train] step 500 task=img_rec loss=3.0781 loss_task=0.0548 aux_loss={'se_attn_lb': 2.016418933868408, 'se_ffn_compute': 1.5686588085372932e-05, 'se_ffn_align': 2.133287990702115e-09, 'se_ffn_mod_lb': 1.0068161487579346}
[train] step 600 task=vqa loss=13.2774 loss_task=2.6103 aux_loss={'se_attn_lb': 2.012179374694824, 'se_ffn_compute': 2.4338933144463226e-05, 'se_ffn_align': 0.0001534472976345569, 'se_ffn_mod_lb': 2.0130724906921387}
[train] step 700 task=vqa loss=12.5149 loss_task=2.2388 aux_loss={'se_attn_lb': 2.0109498500823975, 'se_ffn_compute': 2.0559600670821965e-05, 'se_ffn_align': 0.00012174520816188306, 'se_ffn_mod_lb': 2.005247116088867}
[train] step 800 task=vqa loss=13.0780 loss_task=2.5181 aux_loss={'se_attn_lb': 2.0138325691223145, 'se_ffn_compute': 1.6966478142421693e-05, 'se_ffn_align': 8.8695582235232e-05, 'se_ffn_mod_lb': 2.005272150039673}
[train] step 900 task=txt_rec loss=3.9454 loss_task=0.9290 aux_loss={'se_attn_lb': 2.0081067085266113, 'se_ffn_compute': 7.22069526091218e-05, 'se_ffn_align': 1.4211128984698007e-07, 'se_ffn_mod_lb': 1.0082200765609741}
Elapsed: 0h 47m 18s

===== Epoch 7/25 =====
[train] step 0 task=vqa loss=12.3924 loss_task=2.1544 aux_loss={'se_attn_lb': 2.023383617401123, 'se_ffn_compute': 2.0159739506198093e-05, 'se_ffn_align': 0.0001782871113391593, 'se_ffn_mod_lb': 2.01485538482666}
[train] step 100 task=img_rec loss=3.0606 loss_task=0.0526 aux_loss={'se_attn_lb': 2.0049030780792236, 'se_ffn_compute': 1.943050665431656e-05, 'se_ffn_align': 1.56170258946986e-08, 'se_ffn_mod_lb': 1.0031075477600098}
[train] step 200 task=vqa loss=13.5205 loss_task=2.7280 aux_loss={'se_attn_lb': 2.012087345123291, 'se_ffn_compute': 3.295009082648903e-05, 'se_ffn_align': 0.00013532365846913308, 'se_ffn_mod_lb': 2.0173838138580322}
[train] step 300 task=txt_rec loss=3.7616 loss_task=0.7567 aux_loss={'se_attn_lb': 2.0029163360595703, 'se_ffn_compute': 1.5093633919605054e-05, 'se_ffn_align': 3.1541715905802903e-09, 'se_ffn_mod_lb': 1.0019828081130981}
[train] step 400 task=img_rec loss=3.0515 loss_task=0.0460 aux_loss={'se_attn_lb': 2.0036749839782715, 'se_ffn_compute': 6.741647666785866e-06, 'se_ffn_align': 2.2517562814350356e-10, 'se_ffn_mod_lb': 1.0017673969268799}
[train] step 500 task=img_rec loss=3.0544 loss_task=0.0475 aux_loss={'se_attn_lb': 2.0049171447753906, 'se_ffn_compute': 3.947249751945492e-06, 'se_ffn_align': 1.8502742393788907e-10, 'se_ffn_mod_lb': 1.0019583702087402}
[train] step 600 task=vqa loss=14.7833 loss_task=3.3677 aux_loss={'se_attn_lb': 2.0121383666992188, 'se_ffn_compute': 1.5215699022519402e-05, 'se_ffn_align': 0.00012098226579837501, 'se_ffn_mod_lb': 2.0094048976898193}
[train] step 700 task=vqa loss=13.5466 loss_task=2.7497 aux_loss={'se_attn_lb': 2.010427713394165, 'se_ffn_compute': 8.101111234282143e-06, 'se_ffn_align': 0.000134354893816635, 'se_ffn_mod_lb': 2.010462522506714}
[train] step 800 task=vqa loss=13.3774 loss_task=2.6669 aux_loss={'se_attn_lb': 2.013275623321533, 'se_ffn_compute': 1.4184933206706773e-05, 'se_ffn_align': 0.00010952240700135008, 'se_ffn_mod_lb': 2.0063252449035645}
[train] step 900 task=vqa loss=13.8338 loss_task=2.8879 aux_loss={'se_attn_lb': 2.0086793899536133, 'se_ffn_compute': 6.408049375750124e-05, 'se_ffn_align': 0.00019897567108273506, 'se_ffn_mod_lb': 2.0162253379821777}
Elapsed: 0h 54m 55s

===== Epoch 8/25 =====
[train] step 0 task=vqa loss=11.9804 loss_task=1.9738 aux_loss={'se_attn_lb': 2.0087852478027344, 'se_ffn_compute': 1.1477240150270518e-05, 'se_ffn_align': 0.00012591211998369545, 'se_ffn_mod_lb': 2.0050220489501953}
[train] step 100 task=txt_rec loss=3.5398 loss_task=0.5206 aux_loss={'se_attn_lb': 2.0064661502838135, 'se_ffn_compute': 4.2718420445453376e-05, 'se_ffn_align': 1.8726748862718523e-07, 'se_ffn_mod_lb': 1.0126473903656006}
[train] step 200 task=img_cls loss=3.0581 loss_task=0.0034 aux_loss={'se_attn_lb': 2.0416207313537598, 'se_ffn_compute': 6.905559985170839e-06, 'se_ffn_align': 2.1685475637411855e-10, 'se_ffn_mod_lb': 1.0131046772003174}
[train] step 300 task=img_cls loss=3.0845 loss_task=0.0591 aux_loss={'se_attn_lb': 2.020577907562256, 'se_ffn_compute': 4.6331260818988085e-06, 'se_ffn_align': 2.7229371535320013e-10, 'se_ffn_mod_lb': 1.0048632621765137}
[train] step 400 task=vqa loss=12.3754 loss_task=2.1753 aux_loss={'se_attn_lb': 2.0058634281158447, 'se_ffn_compute': 3.124026261502877e-05, 'se_ffn_align': 9.040179429575801e-05, 'se_ffn_mod_lb': 2.004664182662964}
[train] step 500 task=txt_rec loss=3.4718 loss_task=0.4598 aux_loss={'se_attn_lb': 2.006775379180908, 'se_ffn_compute': 4.8731639253674075e-05, 'se_ffn_align': 2.0577313364356087e-07, 'se_ffn_mod_lb': 1.0051416158676147}
[train] step 600 task=img_rec loss=3.1221 loss_task=0.0555 aux_loss={'se_attn_lb': 2.057319164276123, 'se_ffn_compute': 9.218916602549143e-06, 'se_ffn_align': 4.792187757729494e-10, 'se_ffn_mod_lb': 1.00926673412323}
[train] step 700 task=txt_rec loss=3.5755 loss_task=0.5591 aux_loss={'se_attn_lb': 2.011807680130005, 'se_ffn_compute': 4.36128320870921e-05, 'se_ffn_align': 1.985721453934275e-08, 'se_ffn_mod_lb': 1.0045908689498901}
[train] step 800 task=txt_rec loss=3.4943 loss_task=0.4801 aux_loss={'se_attn_lb': 2.010446310043335, 'se_ffn_compute': 2.9007891498622485e-05, 'se_ffn_align': 3.909021106807131e-09, 'se_ffn_mod_lb': 1.0037600994110107}
[train] step 900 task=vqa loss=14.6084 loss_task=3.2763 aux_loss={'se_attn_lb': 2.012650966644287, 'se_ffn_compute': 1.3889429283153731e-05, 'se_ffn_align': 0.00020539046090561897, 'se_ffn_mod_lb': 2.0110855102539062}
Elapsed: 1h 2m 29s

===== Epoch 9/25 =====
[train] step 0 task=img_rec loss=3.0701 loss_task=0.0414 aux_loss={'se_attn_lb': 2.023500919342041, 'se_ffn_compute': 9.491823220741935e-06, 'se_ffn_align': 1.6921566370342589e-09, 'se_ffn_mod_lb': 1.0051822662353516}
[train] step 100 task=vqa loss=13.9437 loss_task=2.9538 aux_loss={'se_attn_lb': 2.010463237762451, 'se_ffn_compute': 2.553325248300098e-05, 'se_ffn_align': 0.00012624725059140474, 'se_ffn_mod_lb': 2.004986047744751}
[train] step 200 task=txt_cls loss=3.4446 loss_task=0.4391 aux_loss={'se_attn_lb': 2.0027475357055664, 'se_ffn_compute': 2.9084070774842985e-05, 'se_ffn_align': 1.1170087965695075e-08, 'se_ffn_mod_lb': 1.0026843547821045}
[train] step 300 task=vqa loss=13.4394 loss_task=2.7006 aux_loss={'se_attn_lb': 2.00844669342041, 'se_ffn_compute': 2.10287489608163e-05, 'se_ffn_align': 0.00015606243687216192, 'se_ffn_mod_lb': 2.0074799060821533}
[train] step 400 task=vqa loss=14.4319 loss_task=3.1907 aux_loss={'se_attn_lb': 2.010369300842285, 'se_ffn_compute': 2.2682788767269813e-05, 'se_ffn_align': 0.00019241665722802281, 'se_ffn_mod_lb': 2.0109827518463135}
[train] step 500 task=vqa loss=12.5126 loss_task=2.2165 aux_loss={'se_attn_lb': 2.0194332599639893, 'se_ffn_compute': 4.317460479796864e-05, 'se_ffn_align': 9.973293344955891e-05, 'se_ffn_mod_lb': 2.018281936645508}
[train] step 600 task=vqa loss=12.6458 loss_task=2.2887 aux_loss={'se_attn_lb': 2.018993854522705, 'se_ffn_compute': 1.7688391380943358e-05, 'se_ffn_align': 0.0001267667394131422, 'se_ffn_mod_lb': 2.0126075744628906}
[train] step 700 task=vqa loss=12.4346 loss_task=2.2017 aux_loss={'se_attn_lb': 2.005363941192627, 'se_ffn_compute': 1.4577813089999836e-05, 'se_ffn_align': 0.00011200500739505515, 'se_ffn_mod_lb': 2.0079751014709473}
[train] step 800 task=vqa loss=12.9652 loss_task=2.4678 aux_loss={'se_attn_lb': 2.009627103805542, 'se_ffn_compute': 4.600087777362205e-05, 'se_ffn_align': 0.00011299688048893586, 'se_ffn_mod_lb': 2.0028910636901855}
[train] step 900 task=vqa loss=14.7545 loss_task=3.3480 aux_loss={'se_attn_lb': 2.010314464569092, 'se_ffn_compute': 2.135404611181002e-05, 'se_ffn_align': 0.00016281097487080842, 'se_ffn_mod_lb': 2.0156519412994385}
Elapsed: 1h 9m 59s

===== Epoch 10/25 =====
[train] step 0 task=vqa loss=12.5814 loss_task=2.2754 aux_loss={'se_attn_lb': 2.0060250759124756, 'se_ffn_compute': 1.9797986169578508e-05, 'se_ffn_align': 9.258406498702243e-05, 'se_ffn_mod_lb': 2.007357358932495}
[train] step 100 task=vqa loss=13.8714 loss_task=2.9182 aux_loss={'se_attn_lb': 2.0087575912475586, 'se_ffn_compute': 1.2689142749877647e-05, 'se_ffn_align': 8.116266690194607e-05, 'se_ffn_mod_lb': 2.0071120262145996}
[train] step 200 task=vqa loss=13.0054 loss_task=2.4741 aux_loss={'se_attn_lb': 2.0159144401550293, 'se_ffn_compute': 6.832682993263006e-05, 'se_ffn_align': 0.00011509450996527448, 'se_ffn_mod_lb': 2.0103118419647217}
[train] step 300 task=img_cls loss=3.0440 loss_task=0.0409 aux_loss={'se_attn_lb': 2.0027334690093994, 'se_ffn_compute': 9.367001439386513e-06, 'se_ffn_align': 7.631965615040315e-10, 'se_ffn_mod_lb': 1.0003886222839355}
[train] step 400 task=img_rec loss=3.0520 loss_task=0.0411 aux_loss={'se_attn_lb': 2.0084047317504883, 'se_ffn_compute': 3.956993623432936e-06, 'se_ffn_align': 1.526650333927293e-10, 'se_ffn_mod_lb': 1.00247061252594}
[train] step 500 task=img_rec loss=3.0423 loss_task=0.0379 aux_loss={'se_attn_lb': 2.0034584999084473, 'se_ffn_compute': 1.1154797903145663e-05, 'se_ffn_align': 1.0259244564991832e-09, 'se_ffn_mod_lb': 1.0009833574295044}
[train] step 600 task=vqa loss=12.8729 loss_task=2.4179 aux_loss={'se_attn_lb': 2.00500226020813, 'se_ffn_compute': 2.0674495317507535e-05, 'se_ffn_align': 9.65125291259028e-05, 'se_ffn_mod_lb': 2.011592149734497}
[train] step 700 task=vqa loss=14.2724 loss_task=3.1246 aux_loss={'se_attn_lb': 2.0052247047424316, 'se_ffn_compute': 1.1810025171143934e-05, 'se_ffn_align': 0.00018242212536279112, 'se_ffn_mod_lb': 2.002717971801758}
[train] step 800 task=vqa loss=12.9102 loss_task=2.4403 aux_loss={'se_attn_lb': 2.0069971084594727, 'se_ffn_compute': 3.263566759414971e-05, 'se_ffn_align': 0.0001132505785790272, 'se_ffn_mod_lb': 2.005547046661377}
[train] step 900 task=vqa loss=12.6576 loss_task=2.3084 aux_loss={'se_attn_lb': 2.0124735832214355, 'se_ffn_compute': 2.277748535561841e-05, 'se_ffn_align': 8.272993727587163e-05, 'se_ffn_mod_lb': 2.0062344074249268}
Elapsed: 1h 17m 40s
Eval results:
  img_rec: loss = 3.0485, task_loss = 0.0321, 
  txt_rec: loss = 3.6979, task_loss = 0.6886, 
  txt_cls: loss = 3.1615, task_loss = 0.1522, , acc=0.8678
  img_cls: loss = 3.1722, task_loss = 0.1557, , acc=0.9639
  vqa: loss = 6.5202, task_loss = 2.4935, , acc=0.4009

===== Epoch 11/25 =====
[train] step 0 task=img_rec loss=3.0432 loss_task=0.0337 aux_loss={'se_attn_lb': 2.006767988204956, 'se_ffn_compute': 2.6429536319483304e-06, 'se_ffn_align': 2.0903322475729347e-11, 'se_ffn_mod_lb': 1.0026565790176392}
[train] step 100 task=vqa loss=14.0691 loss_task=3.0231 aux_loss={'se_attn_lb': 2.007147789001465, 'se_ffn_compute': 4.290495053282939e-05, 'se_ffn_align': 0.00010162164107896388, 'se_ffn_mod_lb': 2.0022878646850586}
[train] step 200 task=vqa loss=12.5821 loss_task=2.2759 aux_loss={'se_attn_lb': 2.009219169616699, 'se_ffn_compute': 1.5334991985582747e-05, 'se_ffn_align': 9.946259524440393e-05, 'se_ffn_mod_lb': 2.0039217472076416}
[train] step 300 task=vqa loss=12.9414 loss_task=2.4566 aux_loss={'se_attn_lb': 2.009220838546753, 'se_ffn_compute': 1.8701934095588513e-05, 'se_ffn_align': 0.0001341767201665789, 'se_ffn_mod_lb': 2.002211809158325}
[train] step 400 task=txt_cls loss=3.3827 loss_task=0.3720 aux_loss={'se_attn_lb': 2.0087568759918213, 'se_ffn_compute': 5.492841410159599e-06, 'se_ffn_align': 2.718584246608202e-09, 'se_ffn_mod_lb': 1.0019147396087646}
[train] step 500 task=img_cls loss=3.0225 loss_task=0.0081 aux_loss={'se_attn_lb': 2.0124194622039795, 'se_ffn_compute': 5.713074187951861e-06, 'se_ffn_align': 7.483913488925964e-11, 'se_ffn_mod_lb': 1.0019865036010742}
[train] step 600 task=vqa loss=13.0840 loss_task=2.5254 aux_loss={'se_attn_lb': 2.007201671600342, 'se_ffn_compute': 1.0683977961889468e-05, 'se_ffn_align': 8.046512812143192e-05, 'se_ffn_mod_lb': 2.00777530670166}
[train] step 700 task=img_rec loss=3.0567 loss_task=0.0364 aux_loss={'se_attn_lb': 2.0177125930786133, 'se_ffn_compute': 4.359919500984688e-07, 'se_ffn_align': 3.8378610185685336e-12, 'se_ffn_mod_lb': 1.002619743347168}
[train] step 800 task=img_rec loss=3.0364 loss_task=0.0325 aux_loss={'se_attn_lb': 2.0030531883239746, 'se_ffn_compute': 1.6529783124497044e-06, 'se_ffn_align': 1.6795042787065562e-11, 'se_ffn_mod_lb': 1.0007929801940918}
[train] step 900 task=vqa loss=12.6810 loss_task=2.3310 aux_loss={'se_attn_lb': 2.0050675868988037, 'se_ffn_compute': 4.0773669752525166e-05, 'se_ffn_align': 0.00012171200069133192, 'se_ffn_mod_lb': 2.0019774436950684}
Elapsed: 1h 26m 40s

===== Epoch 12/25 =====
[train] step 0 task=vqa loss=12.1657 loss_task=2.0677 aux_loss={'se_attn_lb': 2.0065622329711914, 'se_ffn_compute': 2.0229710571584292e-05, 'se_ffn_align': 0.00010870319965761155, 'se_ffn_mod_lb': 2.0063962936401367}
[train] step 100 task=vqa loss=12.8741 loss_task=2.4241 aux_loss={'se_attn_lb': 2.0074009895324707, 'se_ffn_compute': 8.3402965174173e-06, 'se_ffn_align': 0.0001219474506797269, 'se_ffn_mod_lb': 2.003091812133789}
[train] step 200 task=txt_cls loss=3.1251 loss_task=0.1197 aux_loss={'se_attn_lb': 2.004073143005371, 'se_ffn_compute': 5.478535513248062e-06, 'se_ffn_align': 2.2340769512130265e-10, 'se_ffn_mod_lb': 1.001318335533142}
[train] step 300 task=txt_rec loss=3.2909 loss_task=0.2803 aux_loss={'se_attn_lb': 2.0039150714874268, 'se_ffn_compute': 1.3289858543430455e-05, 'se_ffn_align': 1.2963325524140146e-08, 'se_ffn_mod_lb': 1.0067181587219238}
[train] step 400 task=vqa loss=13.0955 loss_task=2.5289 aux_loss={'se_attn_lb': 2.009904146194458, 'se_ffn_compute': 4.183425517112482e-06, 'se_ffn_align': 0.00014120651758275926, 'se_ffn_mod_lb': 2.006141424179077}
[train] step 500 task=vqa loss=13.4063 loss_task=2.6897 aux_loss={'se_attn_lb': 2.0043766498565674, 'se_ffn_compute': 8.186869308701716e-06, 'se_ffn_align': 0.00011155123502248898, 'se_ffn_mod_lb': 2.0067999362945557}
[train] step 600 task=vqa loss=13.8688 loss_task=2.9205 aux_loss={'se_attn_lb': 2.0089306831359863, 'se_ffn_compute': 3.9610258681932464e-05, 'se_ffn_align': 0.00012040675210300833, 'se_ffn_mod_lb': 2.002521514892578}
[train] step 700 task=vqa loss=14.5536 loss_task=3.2678 aux_loss={'se_attn_lb': 2.004807949066162, 'se_ffn_compute': 4.994361006538384e-06, 'se_ffn_align': 0.0001052283332683146, 'se_ffn_mod_lb': 2.002073049545288}
[train] step 800 task=txt_cls loss=3.4162 loss_task=0.4119 aux_loss={'se_attn_lb': 2.003660202026367, 'se_ffn_compute': 6.974808002269128e-06, 'se_ffn_align': 4.206281989382887e-09, 'se_ffn_mod_lb': 1.000652551651001}
[train] step 900 task=vqa loss=11.4812 loss_task=1.7235 aux_loss={'se_attn_lb': 2.008746385574341, 'se_ffn_compute': 9.006996151583735e-06, 'se_ffn_align': 9.05768247321248e-05, 'se_ffn_mod_lb': 2.0065245628356934}
Elapsed: 1h 34m 22s

===== Epoch 13/25 =====
[train] step 0 task=img_cls loss=3.1598 loss_task=0.1469 aux_loss={'se_attn_lb': 2.0087594985961914, 'se_ffn_compute': 1.8091467381964321e-06, 'se_ffn_align': 6.5786629616093606e-12, 'se_ffn_mod_lb': 1.0042099952697754}
[train] step 100 task=txt_rec loss=3.2165 loss_task=0.2082 aux_loss={'se_attn_lb': 2.004469394683838, 'se_ffn_compute': 3.0973055800131988e-06, 'se_ffn_align': 3.890930633243528e-11, 'se_ffn_mod_lb': 1.0038058757781982}
[train] step 200 task=img_rec loss=3.0365 loss_task=0.0321 aux_loss={'se_attn_lb': 2.00289249420166, 'se_ffn_compute': 8.768288921601197e-07, 'se_ffn_align': 2.8248946151027132e-12, 'se_ffn_mod_lb': 1.0015662908554077}
[train] step 300 task=img_cls loss=3.0306 loss_task=0.0213 aux_loss={'se_attn_lb': 2.0068070888519287, 'se_ffn_compute': 1.4593165360565763e-06, 'se_ffn_align': 6.759963248892387e-12, 'se_ffn_mod_lb': 1.0024523735046387}
[train] step 400 task=txt_rec loss=3.2315 loss_task=0.2230 aux_loss={'se_attn_lb': 2.002838611602783, 'se_ffn_compute': 7.5019274845544714e-06, 'se_ffn_align': 4.3325085186118883e-10, 'se_ffn_mod_lb': 1.0056442022323608}
[train] step 500 task=vqa loss=12.3748 loss_task=2.1759 aux_loss={'se_attn_lb': 2.0062434673309326, 'se_ffn_compute': 9.689350918051787e-06, 'se_ffn_align': 9.527143265586346e-05, 'se_ffn_mod_lb': 2.0033507347106934}
[train] step 600 task=vqa loss=12.1873 loss_task=2.0814 aux_loss={'se_attn_lb': 2.0048909187316895, 'se_ffn_compute': 1.1996347893727943e-05, 'se_ffn_align': 0.00010844417556654662, 'se_ffn_mod_lb': 2.0051801204681396}
[train] step 700 task=vqa loss=13.1482 loss_task=2.5667 aux_loss={'se_attn_lb': 2.0031583309173584, 'se_ffn_compute': 6.419395958801033e-06, 'se_ffn_align': 9.389220213051885e-05, 'se_ffn_mod_lb': 2.00232195854187}
[train] step 800 task=img_rec loss=3.0316 loss_task=0.0294 aux_loss={'se_attn_lb': 2.0018486976623535, 'se_ffn_compute': 1.534534362690465e-06, 'se_ffn_align': 9.551053524459174e-12, 'se_ffn_mod_lb': 1.0003505945205688}
[train] step 900 task=txt_rec loss=3.2345 loss_task=0.2313 aux_loss={'se_attn_lb': 2.002951145172119, 'se_ffn_compute': 3.4830059121304657e-06, 'se_ffn_align': 1.5177127610233043e-10, 'se_ffn_mod_lb': 1.0001599788665771}
Elapsed: 1h 42m 6s

===== Epoch 14/25 =====
[train] step 0 task=txt_cls loss=3.3466 loss_task=0.3425 aux_loss={'se_attn_lb': 2.0018503665924072, 'se_ffn_compute': 4.630712737707654e-06, 'se_ffn_align': 4.680027476666737e-10, 'se_ffn_mod_lb': 1.0023186206817627}
[train] step 100 task=img_cls loss=3.0157 loss_task=0.0020 aux_loss={'se_attn_lb': 2.0107998847961426, 'se_ffn_compute': 5.030943270867283e-07, 'se_ffn_align': 9.894974379795474e-13, 'se_ffn_mod_lb': 1.0028562545776367}
[train] step 200 task=vqa loss=12.3045 loss_task=2.1400 aux_loss={'se_attn_lb': 2.007124185562134, 'se_ffn_compute': 4.796157554665115e-06, 'se_ffn_align': 9.137393499258906e-05, 'se_ffn_mod_lb': 2.0033118724823}
[train] step 300 task=vqa loss=12.4326 loss_task=2.2083 aux_loss={'se_attn_lb': 2.0036542415618896, 'se_ffn_compute': 6.878306066937512e-06, 'se_ffn_align': 9.432817751076072e-05, 'se_ffn_mod_lb': 2.002495527267456}
[train] step 400 task=vqa loss=11.9082 loss_task=1.9376 aux_loss={'se_attn_lb': 2.0107250213623047, 'se_ffn_compute': 1.0454812581883743e-05, 'se_ffn_align': 8.133914525387809e-05, 'se_ffn_mod_lb': 2.0041797161102295}
[train] step 500 task=img_rec loss=3.0312 loss_task=0.0296 aux_loss={'se_attn_lb': 2.0010485649108887, 'se_ffn_compute': 2.0100339952477952e-06, 'se_ffn_align': 4.54901671886887e-11, 'se_ffn_mod_lb': 1.0004724264144897}
[train] step 600 task=txt_cls loss=3.3338 loss_task=0.3291 aux_loss={'se_attn_lb': 2.0035393238067627, 'se_ffn_compute': 6.512264462799067e-06, 'se_ffn_align': 2.980303559496633e-09, 'se_ffn_mod_lb': 1.0011183023452759}
[train] step 700 task=txt_rec loss=3.2251 loss_task=0.2205 aux_loss={'se_attn_lb': 2.0038764476776123, 'se_ffn_compute': 4.5678675633098464e-06, 'se_ffn_align': 3.9328862388998687e-10, 'se_ffn_mod_lb': 1.0006630420684814}
[train] step 800 task=txt_rec loss=3.2096 loss_task=0.2062 aux_loss={'se_attn_lb': 2.00258469581604, 'se_ffn_compute': 2.8467989068303723e-06, 'se_ffn_align': 2.0340056028356202e-10, 'se_ffn_mod_lb': 1.0007960796356201}
[train] step 900 task=txt_rec loss=3.2638 loss_task=0.2538 aux_loss={'se_attn_lb': 2.005147933959961, 'se_ffn_compute': 2.2145741240819916e-06, 'se_ffn_align': 5.374523048828905e-11, 'se_ffn_mod_lb': 1.0048227310180664}
Elapsed: 1h 49m 45s

===== Epoch 15/25 =====
[train] step 0 task=txt_rec loss=3.2640 loss_task=0.2587 aux_loss={'se_attn_lb': 2.0043394565582275, 'se_ffn_compute': 5.44491331311292e-06, 'se_ffn_align': 1.2078879008114995e-09, 'se_ffn_mod_lb': 1.0010465383529663}
[train] step 100 task=vqa loss=12.5601 loss_task=2.2707 aux_loss={'se_attn_lb': 2.0037922859191895, 'se_ffn_compute': 5.474737918120809e-06, 'se_ffn_align': 7.965631084516644e-05, 'se_ffn_mod_lb': 2.0039377212524414}
[train] step 200 task=vqa loss=12.2340 loss_task=2.1059 aux_loss={'se_attn_lb': 2.0073418617248535, 'se_ffn_compute': 1.6339602098014439e-06, 'se_ffn_align': 8.72674718266353e-05, 'se_ffn_mod_lb': 2.0019993782043457}
[train] step 300 task=txt_rec loss=3.1529 loss_task=0.1450 aux_loss={'se_attn_lb': 2.006976842880249, 'se_ffn_compute': 2.6840841655939585e-06, 'se_ffn_align': 6.724060197527137e-11, 'se_ffn_mod_lb': 1.0008561611175537}
[train] step 400 task=vqa loss=11.7725 loss_task=1.8801 aux_loss={'se_attn_lb': 2.002533435821533, 'se_ffn_compute': 1.1074183703385643e-06, 'se_ffn_align': 8.051617624005303e-05, 'se_ffn_mod_lb': 2.00203275680542}
[train] step 500 task=vqa loss=13.8261 loss_task=2.9047 aux_loss={'se_attn_lb': 2.00451397895813, 'se_ffn_compute': 1.5807653426236357e-06, 'se_ffn_align': 9.74351933109574e-05, 'se_ffn_mod_lb': 2.001894950866699}
[train] step 600 task=vqa loss=12.8763 loss_task=2.4298 aux_loss={'se_attn_lb': 2.004638671875, 'se_ffn_compute': 2.579532520030625e-06, 'se_ffn_align': 6.0953090724069625e-05, 'se_ffn_mod_lb': 2.002462148666382}
[train] step 700 task=vqa loss=12.8254 loss_task=2.4026 aux_loss={'se_attn_lb': 2.0052270889282227, 'se_ffn_compute': 3.044467121071648e-06, 'se_ffn_align': 7.416612061206251e-05, 'se_ffn_mod_lb': 2.003424644470215}
[train] step 800 task=img_rec loss=3.0314 loss_task=0.0266 aux_loss={'se_attn_lb': 2.003201961517334, 'se_ffn_compute': 5.538653340408928e-07, 'se_ffn_align': 6.49048143789438e-13, 'se_ffn_mod_lb': 1.0016560554504395}
[train] step 900 task=txt_rec loss=3.1196 loss_task=0.1180 aux_loss={'se_attn_lb': 2.0013234615325928, 'se_ffn_compute': 5.234481250226963e-06, 'se_ffn_align': 2.028848422597207e-09, 'se_ffn_mod_lb': 1.0003011226654053}
Elapsed: 1h 57m 33s
Eval results:
  img_rec: loss = 3.0505, task_loss = 0.0248, 
  txt_cls: loss = 3.2797, task_loss = 0.2753, , acc=0.9026
  img_cls: loss = 3.1078, task_loss = 0.0821, , acc=0.9800
  txt_rec: loss = 3.5916, task_loss = 0.5872, 
  vqa: loss = 6.3328, task_loss = 2.3081, , acc=0.4323

===== Epoch 16/25 =====
[train] step 0 task=vqa loss=11.9520 loss_task=1.9649 aux_loss={'se_attn_lb': 2.0066022872924805, 'se_ffn_compute': 2.2058625290810596e-06, 'se_ffn_align': 6.026274058967829e-05, 'se_ffn_mod_lb': 2.003276824951172}
[train] step 100 task=txt_rec loss=3.2321 loss_task=0.2294 aux_loss={'se_attn_lb': 2.0019354820251465, 'se_ffn_compute': 2.2853216705698287e-06, 'se_ffn_align': 3.926810959731242e-11, 'se_ffn_mod_lb': 1.0008119344711304}
[train] step 200 task=vqa loss=11.6931 loss_task=1.8392 aux_loss={'se_attn_lb': 2.003596067428589, 'se_ffn_compute': 9.416477041668259e-06, 'se_ffn_align': 8.542293653590605e-05, 'se_ffn_mod_lb': 2.0020651817321777}
[train] step 300 task=vqa loss=13.8282 loss_task=2.9027 aux_loss={'se_attn_lb': 2.006455659866333, 'se_ffn_compute': 1.314264318352798e-05, 'se_ffn_align': 8.216281275963411e-05, 'se_ffn_mod_lb': 2.003309488296509}
[train] step 400 task=img_rec loss=3.0288 loss_task=0.0264 aux_loss={'se_attn_lb': 2.0017459392547607, 'se_ffn_compute': 9.462056596021284e-07, 'se_ffn_align': 2.0778895271078568e-10, 'se_ffn_mod_lb': 1.0006303787231445}
[train] step 500 task=img_rec loss=3.0291 loss_task=0.0270 aux_loss={'se_attn_lb': 2.001457691192627, 'se_ffn_compute': 4.364158883163327e-07, 'se_ffn_align': 4.973944867092683e-12, 'se_ffn_mod_lb': 1.0006645917892456}
[train] step 600 task=vqa loss=12.9105 loss_task=2.4468 aux_loss={'se_attn_lb': 2.0051937103271484, 'se_ffn_compute': 4.101626018382376e-06, 'se_ffn_align': 8.733098366064951e-05, 'se_ffn_mod_lb': 2.0014734268188477}
[train] step 700 task=img_cls loss=3.2940 loss_task=0.2926 aux_loss={'se_attn_lb': 2.001260757446289, 'se_ffn_compute': 6.351095862555667e-07, 'se_ffn_align': 9.447771341306033e-13, 'se_ffn_mod_lb': 1.0001120567321777}
[train] step 800 task=txt_rec loss=3.1253 loss_task=0.1198 aux_loss={'se_attn_lb': 2.0031723976135254, 'se_ffn_compute': 2.1532262053369777e-06, 'se_ffn_align': 7.571110960391536e-10, 'se_ffn_mod_lb': 1.0023061037063599}
[train] step 900 task=txt_rec loss=3.2009 loss_task=0.1994 aux_loss={'se_attn_lb': 2.001230239868164, 'se_ffn_compute': 3.0437104214797728e-06, 'se_ffn_align': 1.76043665756076e-10, 'se_ffn_mod_lb': 1.0003230571746826}
Elapsed: 2h 6m 18s

===== Epoch 17/25 =====
[train] step 0 task=vqa loss=11.5472 loss_task=1.7668 aux_loss={'se_attn_lb': 2.0018131732940674, 'se_ffn_compute': 1.6210466355914832e-06, 'se_ffn_align': 7.025369995972142e-05, 'se_ffn_mod_lb': 2.0035483837127686}
[train] step 100 task=img_rec loss=3.0266 loss_task=0.0245 aux_loss={'se_attn_lb': 2.0011837482452393, 'se_ffn_compute': 7.715988772361015e-07, 'se_ffn_align': 8.979984724571954e-13, 'se_ffn_mod_lb': 1.0009440183639526}
[train] step 200 task=txt_rec loss=3.1523 loss_task=0.1497 aux_loss={'se_attn_lb': 2.0013508796691895, 'se_ffn_compute': 1.4791022522331332e-06, 'se_ffn_align': 1.1627851459472538e-11, 'se_ffn_mod_lb': 1.0012543201446533}
[train] step 300 task=txt_rec loss=3.1717 loss_task=0.1680 aux_loss={'se_attn_lb': 2.0022778511047363, 'se_ffn_compute': 1.978892214538064e-06, 'se_ffn_align': 2.7981264874576972e-11, 'se_ffn_mod_lb': 1.001455307006836}
[train] step 400 task=vqa loss=12.2341 loss_task=2.1108 aux_loss={'se_attn_lb': 2.004147529602051, 'se_ffn_compute': 1.3889363799535204e-05, 'se_ffn_align': 7.574323535664007e-05, 'se_ffn_mod_lb': 2.0006308555603027}
[train] step 500 task=txt_rec loss=3.1506 loss_task=0.1482 aux_loss={'se_attn_lb': 2.0015759468078613, 'se_ffn_compute': 1.1189449651283212e-06, 'se_ffn_align': 3.327971925815021e-11, 'se_ffn_mod_lb': 1.0008788108825684}
[train] step 600 task=vqa loss=11.8917 loss_task=1.9361 aux_loss={'se_attn_lb': 2.0043890476226807, 'se_ffn_compute': 1.768722768247244e-06, 'se_ffn_align': 0.000129544481751509, 'se_ffn_mod_lb': 2.0027289390563965}
[train] step 700 task=vqa loss=12.9974 loss_task=2.4905 aux_loss={'se_attn_lb': 2.0034308433532715, 'se_ffn_compute': 8.160276365742902e-07, 'se_ffn_align': 9.785781730897725e-05, 'se_ffn_mod_lb': 2.002837657928467}
[train] step 800 task=img_rec loss=3.0272 loss_task=0.0245 aux_loss={'se_attn_lb': 2.0022737979888916, 'se_ffn_compute': 2.3031336127132818e-07, 'se_ffn_align': 6.240077898844731e-13, 'se_ffn_mod_lb': 1.0004339218139648}
[train] step 900 task=img_cls loss=3.0224 loss_task=0.0206 aux_loss={'se_attn_lb': 2.0014212131500244, 'se_ffn_compute': 4.6553125798709516e-07, 'se_ffn_align': 4.79192770533321e-12, 'se_ffn_mod_lb': 1.0003769397735596}
Elapsed: 2h 14m 2s

===== Epoch 18/25 =====
[train] step 0 task=vqa loss=12.1304 loss_task=2.0591 aux_loss={'se_attn_lb': 2.002981185913086, 'se_ffn_compute': 1.1285266054983367e-06, 'se_ffn_align': 7.654517685296014e-05, 'se_ffn_mod_lb': 2.0016028881073}
[train] step 100 task=vqa loss=12.3232 loss_task=2.1547 aux_loss={'se_attn_lb': 2.002918004989624, 'se_ffn_compute': 1.8451474943503854e-06, 'se_ffn_align': 7.913369336165488e-05, 'se_ffn_mod_lb': 2.0023698806762695}
[train] step 200 task=vqa loss=11.8939 loss_task=1.9411 aux_loss={'se_attn_lb': 2.0021660327911377, 'se_ffn_compute': 1.654355514801864e-06, 'se_ffn_align': 8.438272925559431e-05, 'se_ffn_mod_lb': 2.0019781589508057}
[train] step 300 task=vqa loss=13.6966 loss_task=2.8406 aux_loss={'se_attn_lb': 2.0044021606445312, 'se_ffn_compute': 4.866012659476837e-06, 'se_ffn_align': 6.827079778304324e-05, 'se_ffn_mod_lb': 2.001905918121338}
[train] step 400 task=txt_rec loss=3.1659 loss_task=0.1618 aux_loss={'se_attn_lb': 2.0015480518341064, 'se_ffn_compute': 7.553634304713341e-07, 'se_ffn_align': 1.8173039462165974e-11, 'se_ffn_mod_lb': 1.0025875568389893}
[train] step 500 task=vqa loss=14.2731 loss_task=3.1278 aux_loss={'se_attn_lb': 2.004865884780884, 'se_ffn_compute': 1.215578322444344e-06, 'se_ffn_align': 0.00010584960546111688, 'se_ffn_mod_lb': 2.001770257949829}
[train] step 600 task=vqa loss=12.4704 loss_task=2.2294 aux_loss={'se_attn_lb': 2.0031251907348633, 'se_ffn_compute': 1.7013762771966867e-06, 'se_ffn_align': 0.00010120144725078717, 'se_ffn_mod_lb': 2.000633716583252}
[train] step 700 task=img_rec loss=3.0241 loss_task=0.0228 aux_loss={'se_attn_lb': 2.0008842945098877, 'se_ffn_compute': 4.7524568458356953e-07, 'se_ffn_align': 1.2994707306729358e-12, 'se_ffn_mod_lb': 1.0004425048828125}
[train] step 800 task=vqa loss=11.4108 loss_task=1.7014 aux_loss={'se_attn_lb': 2.0022342205047607, 'se_ffn_compute': 5.460886995933834e-07, 'se_ffn_align': 5.700235124095343e-05, 'se_ffn_mod_lb': 2.0006115436553955}
[train] step 900 task=img_rec loss=3.0245 loss_task=0.0240 aux_loss={'se_attn_lb': 2.000497579574585, 'se_ffn_compute': 4.074888124705467e-07, 'se_ffn_align': 5.921976234044002e-13, 'se_ffn_mod_lb': 1.0000278949737549}
Elapsed: 2h 21m 39s

===== Epoch 19/25 =====
[train] step 0 task=img_cls loss=3.0558 loss_task=0.0509 aux_loss={'se_attn_lb': 2.0041892528533936, 'se_ffn_compute': 3.904465586401784e-07, 'se_ffn_align': 2.0531911674309677e-12, 'se_ffn_mod_lb': 1.0007473230361938}
[train] step 100 task=vqa loss=11.4167 loss_task=1.7030 aux_loss={'se_attn_lb': 2.0019545555114746, 'se_ffn_compute': 9.483294434176059e-07, 'se_ffn_align': 9.752367623150349e-05, 'se_ffn_mod_lb': 2.0014913082122803}
[train] step 200 task=vqa loss=13.0278 loss_task=2.5079 aux_loss={'se_attn_lb': 2.0032272338867188, 'se_ffn_compute': 1.0757653399195988e-06, 'se_ffn_align': 7.414208084810525e-05, 'se_ffn_mod_lb': 2.0012645721435547}
[train] step 300 task=vqa loss=11.3203 loss_task=1.6545 aux_loss={'se_attn_lb': 2.0032076835632324, 'se_ffn_compute': 1.7915093621923006e-06, 'se_ffn_align': 7.243366417242214e-05, 'se_ffn_mod_lb': 2.0010085105895996}
[train] step 400 task=vqa loss=12.3777 loss_task=2.1825 aux_loss={'se_attn_lb': 2.004016876220703, 'se_ffn_compute': 2.101234713336453e-06, 'se_ffn_align': 7.653698412468657e-05, 'se_ffn_mod_lb': 2.000838041305542}
[train] step 500 task=img_rec loss=3.0285 loss_task=0.0227 aux_loss={'se_attn_lb': 2.005173921585083, 'se_ffn_compute': 3.139080035907682e-07, 'se_ffn_align': 2.7796048882727797e-13, 'se_ffn_mod_lb': 1.0005860328674316}
[train] step 600 task=vqa loss=12.2065 loss_task=2.0973 aux_loss={'se_attn_lb': 2.0020148754119873, 'se_ffn_compute': 1.333828777205781e-06, 'se_ffn_align': 8.135944517562166e-05, 'se_ffn_mod_lb': 2.0023751258850098}
[train] step 700 task=vqa loss=11.7642 loss_task=1.8755 aux_loss={'se_attn_lb': 2.0028183460235596, 'se_ffn_compute': 6.102359293436166e-06, 'se_ffn_align': 6.0589092754526064e-05, 'se_ffn_mod_lb': 2.0025839805603027}
[train] step 800 task=vqa loss=12.2304 loss_task=2.1088 aux_loss={'se_attn_lb': 2.003063440322876, 'se_ffn_compute': 2.248335249532829e-06, 'se_ffn_align': 7.138591900002211e-05, 'se_ffn_mod_lb': 2.0018744468688965}
[train] step 900 task=txt_rec loss=3.1445 loss_task=0.1421 aux_loss={'se_attn_lb': 2.0013434886932373, 'se_ffn_compute': 1.012621737572772e-06, 'se_ffn_align': 4.256300173421934e-11, 'se_ffn_mod_lb': 1.0010149478912354}
Elapsed: 2h 29m 21s

===== Epoch 20/25 =====
[train] step 0 task=img_rec loss=3.0223 loss_task=0.0212 aux_loss={'se_attn_lb': 2.0007247924804688, 'se_ffn_compute': 1.267484179834355e-07, 'se_ffn_align': 4.86485173976578e-14, 'se_ffn_mod_lb': 1.0003982782363892}
[train] step 100 task=txt_cls loss=3.1250 loss_task=0.1226 aux_loss={'se_attn_lb': 2.002182960510254, 'se_ffn_compute': 7.77620698499959e-07, 'se_ffn_align': 2.2955000747448828e-11, 'se_ffn_mod_lb': 1.0002467632293701}
[train] step 200 task=vqa loss=12.8400 loss_task=2.4135 aux_loss={'se_attn_lb': 2.0042917728424072, 'se_ffn_compute': 1.4742047369509237e-06, 'se_ffn_align': 6.489076622528955e-05, 'se_ffn_mod_lb': 2.0009655952453613}
[train] step 300 task=txt_cls loss=3.2601 loss_task=0.2582 aux_loss={'se_attn_lb': 2.0015647411346436, 'se_ffn_compute': 1.5257486438713386e-06, 'se_ffn_align': 1.8073966767673255e-09, 'se_ffn_mod_lb': 1.0003279447555542}
[train] step 400 task=img_cls loss=3.0059 loss_task=0.0007 aux_loss={'se_attn_lb': 2.0046298503875732, 'se_ffn_compute': 2.1582484066584584e-07, 'se_ffn_align': 8.900712334053776e-14, 'se_ffn_mod_lb': 1.0006470680236816}
[train] step 500 task=vqa loss=10.4070 loss_task=1.1977 aux_loss={'se_attn_lb': 2.0037035942077637, 'se_ffn_compute': 1.4782845028094016e-06, 'se_ffn_align': 6.286850839387625e-05, 'se_ffn_mod_lb': 2.0008645057678223}
[train] step 600 task=vqa loss=12.4126 loss_task=2.2017 aux_loss={'se_attn_lb': 2.002175807952881, 'se_ffn_compute': 4.350344624981517e-06, 'se_ffn_align': 7.585958519484848e-05, 'se_ffn_mod_lb': 2.000959873199463}
[train] step 700 task=txt_rec loss=3.1144 loss_task=0.1126 aux_loss={'se_attn_lb': 2.0016117095947266, 'se_ffn_compute': 1.8608706113809603e-06, 'se_ffn_align': 1.2881188338198513e-09, 'se_ffn_mod_lb': 1.0002026557922363}
[train] step 800 task=vqa loss=11.4937 loss_task=1.7419 aux_loss={'se_attn_lb': 2.002772569656372, 'se_ffn_compute': 4.609696134139085e-06, 'se_ffn_align': 7.251434726640582e-05, 'se_ffn_mod_lb': 2.0007758140563965}
[train] step 900 task=img_rec loss=3.0238 loss_task=0.0218 aux_loss={'se_attn_lb': 2.001523733139038, 'se_ffn_compute': 1.2963889162165287e-07, 'se_ffn_align': 5.821473809735841e-14, 'se_ffn_mod_lb': 1.0004947185516357}
Elapsed: 2h 36m 56s
Eval results:
  txt_rec: loss = 3.5264, task_loss = 0.5236, 
  txt_cls: loss = 3.1409, task_loss = 0.1381, , acc=0.8832
  img_rec: loss = 3.0300, task_loss = 0.0209, 
  vqa: loss = 6.1829, task_loss = 2.1693, , acc=0.4491
  img_cls: loss = 3.1006, task_loss = 0.0915, , acc=0.9829

===== Epoch 21/25 =====
[train] step 0 task=img_rec loss=3.0227 loss_task=0.0220 aux_loss={'se_attn_lb': 2.0004379749298096, 'se_ffn_compute': 1.6322552198744233e-07, 'se_ffn_align': 9.06091540231295e-14, 'se_ffn_mod_lb': 1.0002250671386719}
[train] step 100 task=vqa loss=11.5370 loss_task=1.7646 aux_loss={'se_attn_lb': 2.002197265625, 'se_ffn_compute': 1.656254084991815e-06, 'se_ffn_align': 6.201069481903687e-05, 'se_ffn_mod_lb': 2.000450611114502}
[train] step 200 task=vqa loss=11.4130 loss_task=1.7009 aux_loss={'se_attn_lb': 2.0038232803344727, 'se_ffn_compute': 8.475165600430046e-07, 'se_ffn_align': 7.090581493685022e-05, 'se_ffn_mod_lb': 2.000337600708008}
[train] step 300 task=img_rec loss=3.0241 loss_task=0.0222 aux_loss={'se_attn_lb': 2.001861333847046, 'se_ffn_compute': 2.2075188610415353e-07, 'se_ffn_align': 1.3027293545124496e-13, 'se_ffn_mod_lb': 1.0000970363616943}
[train] step 400 task=img_rec loss=3.0212 loss_task=0.0203 aux_loss={'se_attn_lb': 2.0006439685821533, 'se_ffn_compute': 7.172859994852843e-08, 'se_ffn_align': 2.2673052671451366e-14, 'se_ffn_mod_lb': 1.0002244710922241}
[train] step 500 task=vqa loss=11.9913 loss_task=1.9904 aux_loss={'se_attn_lb': 2.002577543258667, 'se_ffn_compute': 1.2014838830509689e-06, 'se_ffn_align': 6.67200583848171e-05, 'se_ffn_mod_lb': 2.0013234615325928}
[train] step 600 task=vqa loss=13.7695 loss_task=2.8803 aux_loss={'se_attn_lb': 2.002957582473755, 'se_ffn_compute': 6.100750056248216e-07, 'se_ffn_align': 6.112080154707655e-05, 'se_ffn_mod_lb': 2.000227212905884}
[train] step 700 task=txt_rec loss=3.1052 loss_task=0.1052 aux_loss={'se_attn_lb': 1.9997522830963135, 'se_ffn_compute': 4.4405447852113866e-07, 'se_ffn_align': 4.116646259988421e-12, 'se_ffn_mod_lb': 1.00026535987854}
[train] step 800 task=vqa loss=11.9099 loss_task=1.9492 aux_loss={'se_attn_lb': 2.0037381649017334, 'se_ffn_compute': 1.3934740081822383e-06, 'se_ffn_align': 7.652267231605947e-05, 'se_ffn_mod_lb': 2.0005037784576416}
[train] step 900 task=vqa loss=13.3497 loss_task=2.6717 aux_loss={'se_attn_lb': 2.0011863708496094, 'se_ffn_compute': 4.98931001402525e-07, 'se_ffn_align': 7.788773655192927e-05, 'se_ffn_mod_lb': 2.0004401206970215}
Elapsed: 2h 45m 45s

===== Epoch 22/25 =====
[train] step 0 task=img_rec loss=3.0214 loss_task=0.0209 aux_loss={'se_attn_lb': 2.0004148483276367, 'se_ffn_compute': 8.727164413357968e-08, 'se_ffn_align': 1.9307663717067942e-14, 'se_ffn_mod_lb': 1.0001133680343628}
[train] step 100 task=vqa loss=12.6155 loss_task=2.3011 aux_loss={'se_attn_lb': 2.003709077835083, 'se_ffn_compute': 1.4286159739640425e-06, 'se_ffn_align': 0.00010198572999797761, 'se_ffn_mod_lb': 2.0008935928344727}
[train] step 200 task=txt_rec loss=3.1903 loss_task=0.1899 aux_loss={'se_attn_lb': 2.0004355907440186, 'se_ffn_compute': 6.998625394771807e-07, 'se_ffn_align': 1.0913919074040379e-11, 'se_ffn_mod_lb': 1.0000367164611816}
[train] step 300 task=txt_rec loss=3.0895 loss_task=0.0880 aux_loss={'se_attn_lb': 2.001387119293213, 'se_ffn_compute': 1.7763670712156454e-06, 'se_ffn_align': 2.5224775046517323e-10, 'se_ffn_mod_lb': 1.0001012086868286}
[train] step 400 task=txt_rec loss=3.0986 loss_task=0.0968 aux_loss={'se_attn_lb': 2.001554489135742, 'se_ffn_compute': 7.926689704618184e-07, 'se_ffn_align': 1.4134009934663183e-11, 'se_ffn_mod_lb': 1.0001744031906128}
[train] step 500 task=vqa loss=11.4334 loss_task=1.7098 aux_loss={'se_attn_lb': 2.0048770904541016, 'se_ffn_compute': 8.784792839833244e-07, 'se_ffn_align': 5.664431591867469e-05, 'se_ffn_mod_lb': 2.0009260177612305}
[train] step 600 task=txt_rec loss=3.1663 loss_task=0.1639 aux_loss={'se_attn_lb': 2.001835346221924, 'se_ffn_compute': 5.74223463445378e-07, 'se_ffn_align': 6.162005367765788e-12, 'se_ffn_mod_lb': 1.0006030797958374}
[train] step 700 task=txt_cls loss=3.2046 loss_task=0.2026 aux_loss={'se_attn_lb': 2.0018200874328613, 'se_ffn_compute': 9.70845917436236e-07, 'se_ffn_align': 1.286341033690519e-10, 'se_ffn_mod_lb': 1.0001574754714966}
[train] step 800 task=vqa loss=10.8238 loss_task=1.4061 aux_loss={'se_attn_lb': 2.0028882026672363, 'se_ffn_compute': 4.7494045247731265e-06, 'se_ffn_align': 8.933388016885146e-05, 'se_ffn_mod_lb': 2.0010898113250732}
[train] step 900 task=vqa loss=12.2026 loss_task=2.0980 aux_loss={'se_attn_lb': 2.0011911392211914, 'se_ffn_compute': 5.621534455713117e-07, 'se_ffn_align': 8.387341949855909e-05, 'se_ffn_mod_lb': 2.0004725456237793}
Elapsed: 2h 53m 27s

===== Epoch 23/25 =====
[train] step 0 task=img_rec loss=3.0216 loss_task=0.0207 aux_loss={'se_attn_lb': 2.000490188598633, 'se_ffn_compute': 5.669330249702398e-08, 'se_ffn_align': 1.1724952775446929e-14, 'se_ffn_mod_lb': 1.0003336668014526}
[train] step 100 task=img_cls loss=3.0007 loss_task=0.0003 aux_loss={'se_attn_lb': 2.000347137451172, 'se_ffn_compute': 1.308390125132064e-07, 'se_ffn_align': 8.262981228066013e-13, 'se_ffn_mod_lb': 1.0000500679016113}
[train] step 200 task=vqa loss=11.3094 loss_task=1.6514 aux_loss={'se_attn_lb': 2.002031087875366, 'se_ffn_compute': 1.064616867552104e-06, 'se_ffn_align': 5.509472612175159e-05, 'se_ffn_mod_lb': 2.000225067138672}
[train] step 300 task=vqa loss=11.7657 loss_task=1.8789 aux_loss={'se_attn_lb': 2.0022964477539062, 'se_ffn_compute': 3.966468966609682e-07, 'se_ffn_align': 5.4050782637204975e-05, 'se_ffn_mod_lb': 2.000535726547241}
[train] step 400 task=txt_rec loss=3.1667 loss_task=0.1639 aux_loss={'se_attn_lb': 2.0027992725372314, 'se_ffn_compute': 3.271372008839535e-07, 'se_ffn_align': 2.1815127829172276e-12, 'se_ffn_mod_lb': 0.9999962449073792}
[train] step 500 task=img_rec loss=3.0223 loss_task=0.0220 aux_loss={'se_attn_lb': 2.000260829925537, 'se_ffn_compute': 4.313090329333136e-08, 'se_ffn_align': 7.840610451203319e-15, 'se_ffn_mod_lb': 1.0000991821289062}
[train] step 600 task=img_cls loss=3.0163 loss_task=0.0158 aux_loss={'se_attn_lb': 2.000246524810791, 'se_ffn_compute': 4.496332550729676e-08, 'se_ffn_align': 9.818739008969016e-15, 'se_ffn_mod_lb': 1.0002665519714355}
[train] step 700 task=vqa loss=12.3860 loss_task=2.1899 aux_loss={'se_attn_lb': 2.001728057861328, 'se_ffn_compute': 5.407539902080316e-06, 'se_ffn_align': 6.205142562976107e-05, 'se_ffn_mod_lb': 2.0000946521759033}
[train] step 800 task=img_rec loss=3.0202 loss_task=0.0199 aux_loss={'se_attn_lb': 2.0002684593200684, 'se_ffn_compute': 4.4572793456154614e-08, 'se_ffn_align': 4.066973808506541e-14, 'se_ffn_mod_lb': 1.0000746250152588}
[train] step 900 task=vqa loss=12.0362 loss_task=2.0149 aux_loss={'se_attn_lb': 2.001554489135742, 'se_ffn_compute': 8.710510428500129e-07, 'se_ffn_align': 6.952195690246299e-05, 'se_ffn_mod_lb': 2.0002949237823486}
Elapsed: 3h 1m 10s

===== Epoch 24/25 =====
[train] step 0 task=vqa loss=12.9472 loss_task=2.4701 aux_loss={'se_attn_lb': 2.002446413040161, 'se_ffn_compute': 3.562375070487178e-07, 'se_ffn_align': 4.433648064150475e-05, 'se_ffn_mod_lb': 2.0001702308654785}
[train] step 100 task=vqa loss=11.7275 loss_task=1.8602 aux_loss={'se_attn_lb': 2.002166748046875, 'se_ffn_compute': 8.595857252657879e-07, 'se_ffn_align': 6.110116373747587e-05, 'se_ffn_mod_lb': 2.0001516342163086}
[train] step 200 task=vqa loss=11.6688 loss_task=1.8317 aux_loss={'se_attn_lb': 2.001110315322876, 'se_ffn_compute': 1.37590882332006e-06, 'se_ffn_align': 5.334033994586207e-05, 'se_ffn_mod_lb': 2.000509738922119}
[train] step 300 task=vqa loss=11.2052 loss_task=1.5991 aux_loss={'se_attn_lb': 2.0014209747314453, 'se_ffn_compute': 7.157145773817319e-07, 'se_ffn_align': 8.305699157062918e-05, 'se_ffn_mod_lb': 2.00044846534729}
[train] step 400 task=txt_rec loss=3.0536 loss_task=0.0516 aux_loss={'se_attn_lb': 2.001321315765381, 'se_ffn_compute': 1.1984126331299194e-06, 'se_ffn_align': 3.157225592076429e-10, 'se_ffn_mod_lb': 1.0007084608078003}
[train] step 500 task=txt_rec loss=3.1328 loss_task=0.1328 aux_loss={'se_attn_lb': 1.999845027923584, 'se_ffn_compute': 2.744718301528337e-07, 'se_ffn_align': 1.2996842100806982e-12, 'se_ffn_mod_lb': 1.0001450777053833}
[train] step 600 task=img_rec loss=3.0213 loss_task=0.0210 aux_loss={'se_attn_lb': 2.000308036804199, 'se_ffn_compute': 5.0000465989796794e-08, 'se_ffn_align': 3.1790721991735785e-14, 'se_ffn_mod_lb': 0.9999678134918213}
[train] step 700 task=vqa loss=11.7814 loss_task=1.8880 aux_loss={'se_attn_lb': 2.0011887550354004, 'se_ffn_compute': 4.0327134342987847e-07, 'se_ffn_align': 6.22358129476197e-05, 'se_ffn_mod_lb': 2.0002975463867188}
[train] step 800 task=img_cls loss=3.0103 loss_task=0.0101 aux_loss={'se_attn_lb': 2.0000836849212646, 'se_ffn_compute': 5.391432722490208e-08, 'se_ffn_align': 2.0211578314862158e-14, 'se_ffn_mod_lb': 1.0001428127288818}
[train] step 900 task=vqa loss=11.9790 loss_task=1.9855 aux_loss={'se_attn_lb': 2.001979351043701, 'se_ffn_compute': 5.978051262900408e-07, 'se_ffn_align': 7.619326788699254e-05, 'se_ffn_mod_lb': 2.0004992485046387}
Elapsed: 3h 8m 52s

===== Epoch 25/25 =====
[train] step 0 task=vqa loss=11.4766 loss_task=1.7349 aux_loss={'se_attn_lb': 2.0018811225891113, 'se_ffn_compute': 2.201281176894554e-06, 'se_ffn_align': 6.975510768825188e-05, 'se_ffn_mod_lb': 2.000124454498291}
[train] step 100 task=txt_cls loss=3.1365 loss_task=0.1342 aux_loss={'se_attn_lb': 2.001976728439331, 'se_ffn_compute': 1.5020552268651954e-07, 'se_ffn_align': 3.7517078744879473e-13, 'se_ffn_mod_lb': 1.0003255605697632}
[train] step 200 task=vqa loss=10.8385 loss_task=1.4149 aux_loss={'se_attn_lb': 2.002758264541626, 'se_ffn_compute': 2.31564612818147e-07, 'se_ffn_align': 5.3733467211714014e-05, 'se_ffn_mod_lb': 2.0004994869232178}
[train] step 300 task=vqa loss=10.5520 loss_task=1.2733 aux_loss={'se_attn_lb': 2.0017690658569336, 'se_ffn_compute': 1.0790617125167046e-05, 'se_ffn_align': 3.0721439543413e-05, 'se_ffn_mod_lb': 2.0003156661987305}
[train] step 400 task=vqa loss=12.7027 loss_task=2.3481 aux_loss={'se_attn_lb': 2.001845598220825, 'se_ffn_compute': 1.8277590925208642e-06, 'se_ffn_align': 5.190040610614233e-05, 'se_ffn_mod_lb': 2.000391960144043}
[train] step 500 task=img_cls loss=3.0173 loss_task=0.0167 aux_loss={'se_attn_lb': 2.00039005279541, 'se_ffn_compute': 2.5244231594001576e-08, 'se_ffn_align': 2.5211681565140073e-15, 'se_ffn_mod_lb': 1.0001978874206543}
[train] step 600 task=vqa loss=11.4363 loss_task=1.7134 aux_loss={'se_attn_lb': 2.0030133724212646, 'se_ffn_compute': 1.3085123100609053e-05, 'se_ffn_align': 6.152545392978936e-05, 'se_ffn_mod_lb': 2.0005385875701904}
[train] step 700 task=txt_rec loss=3.1157 loss_task=0.1151 aux_loss={'se_attn_lb': 2.000399589538574, 'se_ffn_compute': 2.925766580119671e-07, 'se_ffn_align': 4.1352520366300105e-12, 'se_ffn_mod_lb': 1.0001327991485596}
[train] step 800 task=vqa loss=11.9142 loss_task=1.9523 aux_loss={'se_attn_lb': 2.0028891563415527, 'se_ffn_compute': 4.255749672665843e-07, 'se_ffn_align': 5.711113044526428e-05, 'se_ffn_mod_lb': 2.0007309913635254}
[train] step 900 task=img_rec loss=3.0199 loss_task=0.0187 aux_loss={'se_attn_lb': 2.000858783721924, 'se_ffn_compute': 9.380977417094982e-08, 'se_ffn_align': 2.9349033620063025e-11, 'se_ffn_mod_lb': 1.0003957748413086}
Elapsed: 3h 16m 38s
Eval results:
  img_cls: loss = 3.0850, task_loss = 0.0772, , acc=0.9826
  img_rec: loss = 3.0272, task_loss = 0.0194, 
  txt_cls: loss = 3.2191, task_loss = 0.2175, , acc=0.9048
  vqa: loss = 6.1039, task_loss = 2.0919, , acc=0.4613
  txt_rec: loss = 3.5115, task_loss = 0.5098, 
