nohup: ignoring input
Process ID: 4124392
--- Model Configuration:
  d_model: 768
  n_layers: 8
  n_modalities: 2
  active_modalities: ['vision', 'text']
  task_output_dims: {'img_cls': 10, 'img_rec': None, 'txt_cls': 2, 'txt_rec': 30522, 'vqa': 3129}
  n_tasks: 5
  max_seq_len: 512
  img_size: 224
  patch_size: 16
  attn_n_heads: 12
  attn_head_dim: 64
  attn_topk: 2
  attn_shared_heads: 2
  attn_router_dropout: 0.1
  msoe_modality_blk_hidden: 1536
  msoe_topk: 1
  msoe_n_experts: 4
  mtoe_expert_hidden: 3072
  crossmodal_threshold: 0.5
  dropout: 0.1
  channel_hidden: 3072
  transmit_dim: 192
  se_attn_lb_weight: 1.0
  se_ffn_mod_lb_weight: 1.0
  se_ffn_compute_weight: 1.0
  se_ffn_align_weight: 10.0
  ce_router_lb_weight: 0.01
  img_rec_loss_weight: 1.0
  img_cls_loss_weight: 1.0
  vqa_loss_weight: 1.0
  txt_rec_loss_weight: 1.0
  txt_cls_loss_weight: 1.0
  spc_loss_weight: 1.0
Run Configuration:
  task_selection: ['img_rec', 'img_cls', 'vqa', 'txt_rec', 'txt_cls']
  sample_task_probs: [0.15, 0.05, 0.6, 0.15, 0.05]
  train_batch_size: 64
  test_batch_size: 64
  steps_per_epoch: 1000
  eval_steps: 500
  num_epochs: 25
  vocab_size: 30522
  snr_dB: 20.0
  fading: none
  rician_k: 3.0
Loading weights:   0%|          | 0/200 [00:00<?, ?it/s]Loading weights: 100%|██████████| 200/200 [00:00<00:00, 17350.48it/s]
Loading weights:   0%|          | 0/199 [00:00<?, ?it/s]Loading weights: 100%|██████████| 199/199 [00:00<00:00, 18124.04it/s]
[transformers] [1mBertModel LOAD REPORT[0m from: bert-base-uncased
Key                                        | Status     |  | 
-------------------------------------------+------------+--+-
cls.predictions.bias                       | UNEXPECTED |  | 
cls.predictions.transform.dense.bias       | UNEXPECTED |  | 
cls.predictions.transform.LayerNorm.weight | UNEXPECTED |  | 
cls.predictions.transform.dense.weight     | UNEXPECTED |  | 
cls.predictions.transform.LayerNorm.bias   | UNEXPECTED |  | 
cls.seq_relationship.bias                  | UNEXPECTED |  | 
cls.seq_relationship.weight                | UNEXPECTED |  | 

Notes:
- UNEXPECTED:	can be ignored when loading from different task/architecture; not ok if you expect identical arch.
Trainable parameters: 255,556,067

===== Epoch 1/25 =====
[train] step 0 task=vqa loss=15.9532 loss_task=7.9766 aux_loss={'se_attn_lb': 2.8051199913024902, 'se_ffn_compute': 1.7289247512817383, 'se_ffn_align': 0.14454227685928345, 'se_ffn_mod_lb': 2.5233094692230225}
[train] step 100 task=vqa loss=15.4317 loss_task=7.7158 aux_loss={'se_attn_lb': 2.8788084983825684, 'se_ffn_compute': 1.7604566812515259, 'se_ffn_align': 0.17226862907409668, 'se_ffn_mod_lb': 2.4905807971954346}
[train] step 200 task=txt_cls loss=0.6869 loss_task=0.6869 aux_loss={'se_attn_lb': 2.9990694522857666, 'se_ffn_compute': 2.2438645362854004, 'se_ffn_align': 0.3507290780544281, 'se_ffn_mod_lb': 1.4083936214447021}
[train] step 300 task=img_cls loss=2.1661 loss_task=2.1661 aux_loss={'se_attn_lb': 2.727168083190918, 'se_ffn_compute': 2.3736701011657715, 'se_ffn_align': 0.3805568814277649, 'se_ffn_mod_lb': 1.459594964981079}
[train] step 400 task=vqa loss=10.2243 loss_task=5.1121 aux_loss={'se_attn_lb': 3.8409616947174072, 'se_ffn_compute': 2.595191717147827, 'se_ffn_align': 0.3924363851547241, 'se_ffn_mod_lb': 2.995671033859253}
[train] step 500 task=img_rec loss=0.2540 loss_task=0.2540 aux_loss={'se_attn_lb': 2.9951577186584473, 'se_ffn_compute': 2.465067148208618, 'se_ffn_align': 0.41893470287323, 'se_ffn_mod_lb': 1.527404546737671}
[train] step 600 task=vqa loss=9.3435 loss_task=4.6718 aux_loss={'se_attn_lb': 3.3673253059387207, 'se_ffn_compute': 2.5869991779327393, 'se_ffn_align': 0.3477250337600708, 'se_ffn_mod_lb': 2.784160614013672}
[train] step 700 task=img_rec loss=0.2447 loss_task=0.2447 aux_loss={'se_attn_lb': 3.5384039878845215, 'se_ffn_compute': 2.205885410308838, 'se_ffn_align': 0.33805766701698303, 'se_ffn_mod_lb': 1.519568920135498}
[train] step 800 task=vqa loss=9.2430 loss_task=4.6215 aux_loss={'se_attn_lb': 3.4067223072052, 'se_ffn_compute': 2.165950059890747, 'se_ffn_align': 0.2288106083869934, 'se_ffn_mod_lb': 2.3740105628967285}
[train] step 900 task=vqa loss=8.4282 loss_task=4.2141 aux_loss={'se_attn_lb': 3.1919825077056885, 'se_ffn_compute': 2.102051258087158, 'se_ffn_align': 0.22170503437519073, 'se_ffn_mod_lb': 2.3466055393218994}
Elapsed: 0h 13m 46s

===== Epoch 2/25 =====
[train] step 0 task=vqa loss=9.1010 loss_task=4.5505 aux_loss={'se_attn_lb': 3.2372190952301025, 'se_ffn_compute': 2.2031519412994385, 'se_ffn_align': 0.23461157083511353, 'se_ffn_mod_lb': 2.271775960922241}
[train] step 100 task=vqa loss=10.5605 loss_task=5.2803 aux_loss={'se_attn_lb': 3.2452149391174316, 'se_ffn_compute': 2.094106435775757, 'se_ffn_align': 0.1935560703277588, 'se_ffn_mod_lb': 2.275803565979004}
[train] step 200 task=vqa loss=8.5067 loss_task=4.2534 aux_loss={'se_attn_lb': 3.609517812728882, 'se_ffn_compute': 1.8440492153167725, 'se_ffn_align': 0.18334384262561798, 'se_ffn_mod_lb': 2.4287571907043457}
[train] step 300 task=img_rec loss=0.2535 loss_task=0.2535 aux_loss={'se_attn_lb': 4.309352874755859, 'se_ffn_compute': 1.546729326248169, 'se_ffn_align': 0.18041783571243286, 'se_ffn_mod_lb': 1.4593867063522339}
[train] step 400 task=vqa loss=8.9778 loss_task=4.4889 aux_loss={'se_attn_lb': 3.3725666999816895, 'se_ffn_compute': 1.8571529388427734, 'se_ffn_align': 0.16799406707286835, 'se_ffn_mod_lb': 2.3547167778015137}
[train] step 500 task=txt_rec loss=10.2361 loss_task=10.2361 aux_loss={'se_attn_lb': 3.8523645401000977, 'se_ffn_compute': 2.472378969192505, 'se_ffn_align': 0.4479800760746002, 'se_ffn_mod_lb': 1.3013733625411987}
[train] step 600 task=txt_rec loss=10.2300 loss_task=10.2300 aux_loss={'se_attn_lb': 4.114467144012451, 'se_ffn_compute': 2.4040403366088867, 'se_ffn_align': 0.42599278688430786, 'se_ffn_mod_lb': 1.276527762413025}
[train] step 700 task=txt_cls loss=0.6544 loss_task=0.6544 aux_loss={'se_attn_lb': 3.442923069000244, 'se_ffn_compute': 1.4391828775405884, 'se_ffn_align': 0.14758335053920746, 'se_ffn_mod_lb': 1.2159980535507202}
[train] step 800 task=vqa loss=7.4223 loss_task=3.7111 aux_loss={'se_attn_lb': 3.6823415756225586, 'se_ffn_compute': 1.4065641164779663, 'se_ffn_align': 0.08661459386348724, 'se_ffn_mod_lb': 2.5105371475219727}
[train] step 900 task=vqa loss=5.4800 loss_task=2.7400 aux_loss={'se_attn_lb': 3.7281546592712402, 'se_ffn_compute': 1.221242904663086, 'se_ffn_align': 0.06641913950443268, 'se_ffn_mod_lb': 2.3398687839508057}
Elapsed: 0h 28m 3s

===== Epoch 3/25 =====
[train] step 0 task=vqa loss=7.2288 loss_task=3.6144 aux_loss={'se_attn_lb': 3.5889077186584473, 'se_ffn_compute': 1.1980684995651245, 'se_ffn_align': 0.06286744773387909, 'se_ffn_mod_lb': 2.4553191661834717}
[train] step 100 task=img_cls loss=1.5749 loss_task=1.5749 aux_loss={'se_attn_lb': 2.5335757732391357, 'se_ffn_compute': 1.5952494144439697, 'se_ffn_align': 0.1929536908864975, 'se_ffn_mod_lb': 1.0906729698181152}
[train] step 200 task=txt_cls loss=0.6576 loss_task=0.6576 aux_loss={'se_attn_lb': 3.592038631439209, 'se_ffn_compute': 1.7557928562164307, 'se_ffn_align': 0.24520042538642883, 'se_ffn_mod_lb': 1.205268383026123}
[train] step 300 task=img_cls loss=1.4064 loss_task=1.4064 aux_loss={'se_attn_lb': 2.611207962036133, 'se_ffn_compute': 1.5227859020233154, 'se_ffn_align': 0.1775791347026825, 'se_ffn_mod_lb': 1.0678668022155762}
[train] step 400 task=vqa loss=9.2719 loss_task=4.6359 aux_loss={'se_attn_lb': 3.6785786151885986, 'se_ffn_compute': 1.0956043004989624, 'se_ffn_align': 0.05476847290992737, 'se_ffn_mod_lb': 2.3107800483703613}
[train] step 500 task=vqa loss=6.5145 loss_task=3.2572 aux_loss={'se_attn_lb': 3.6971993446350098, 'se_ffn_compute': 1.1625434160232544, 'se_ffn_align': 0.059529609978199005, 'se_ffn_mod_lb': 2.3109376430511475}
[train] step 600 task=img_rec loss=0.2379 loss_task=0.2379 aux_loss={'se_attn_lb': 4.68485164642334, 'se_ffn_compute': 1.2175806760787964, 'se_ffn_align': 0.10604391992092133, 'se_ffn_mod_lb': 1.4002094268798828}
[train] step 700 task=img_rec loss=0.2223 loss_task=0.2223 aux_loss={'se_attn_lb': 4.3655171394348145, 'se_ffn_compute': 1.1663751602172852, 'se_ffn_align': 0.09837181866168976, 'se_ffn_mod_lb': 1.2648612260818481}
[train] step 800 task=vqa loss=7.7876 loss_task=3.8938 aux_loss={'se_attn_lb': 3.669828414916992, 'se_ffn_compute': 1.1550781726837158, 'se_ffn_align': 0.060508545488119125, 'se_ffn_mod_lb': 2.252387523651123}
[train] step 900 task=vqa loss=6.6765 loss_task=3.3382 aux_loss={'se_attn_lb': 3.629246234893799, 'se_ffn_compute': 1.145436406135559, 'se_ffn_align': 0.0629909560084343, 'se_ffn_mod_lb': 2.261451244354248}
Elapsed: 0h 42m 2s

===== Epoch 4/25 =====
[train] step 0 task=img_cls loss=1.2995 loss_task=1.2995 aux_loss={'se_attn_lb': 2.5647120475769043, 'se_ffn_compute': 1.429720163345337, 'se_ffn_align': 0.14750587940216064, 'se_ffn_mod_lb': 1.0361477136611938}
[train] step 100 task=vqa loss=7.0851 loss_task=3.5426 aux_loss={'se_attn_lb': 3.5393710136413574, 'se_ffn_compute': 1.1630563735961914, 'se_ffn_align': 0.05385211110115051, 'se_ffn_mod_lb': 2.2443175315856934}
[train] step 200 task=vqa loss=6.2977 loss_task=3.1489 aux_loss={'se_attn_lb': 3.755246639251709, 'se_ffn_compute': 1.1677417755126953, 'se_ffn_align': 0.051812510937452316, 'se_ffn_mod_lb': 2.248481273651123}
[train] step 300 task=img_cls loss=1.2383 loss_task=1.2383 aux_loss={'se_attn_lb': 2.5610721111297607, 'se_ffn_compute': 1.3807039260864258, 'se_ffn_align': 0.13594627380371094, 'se_ffn_mod_lb': 1.049543023109436}
[train] step 400 task=img_cls loss=1.1399 loss_task=1.1399 aux_loss={'se_attn_lb': 2.552849054336548, 'se_ffn_compute': 1.4110561609268188, 'se_ffn_align': 0.1441812515258789, 'se_ffn_mod_lb': 1.0284314155578613}
[train] step 500 task=vqa loss=6.5389 loss_task=3.2695 aux_loss={'se_attn_lb': 3.862337112426758, 'se_ffn_compute': 1.201150894165039, 'se_ffn_align': 0.050193749368190765, 'se_ffn_mod_lb': 2.24031138420105}
[train] step 600 task=vqa loss=6.1187 loss_task=3.0593 aux_loss={'se_attn_lb': 3.486053943634033, 'se_ffn_compute': 1.18208909034729, 'se_ffn_align': 0.052619818598032, 'se_ffn_mod_lb': 2.1918575763702393}
[train] step 700 task=vqa loss=6.5661 loss_task=3.2831 aux_loss={'se_attn_lb': 3.3558099269866943, 'se_ffn_compute': 1.1035205125808716, 'se_ffn_align': 0.048502013087272644, 'se_ffn_mod_lb': 2.149996519088745}
[train] step 800 task=vqa loss=8.0581 loss_task=4.0291 aux_loss={'se_attn_lb': 3.6758382320404053, 'se_ffn_compute': 1.1392031908035278, 'se_ffn_align': 0.04545728117227554, 'se_ffn_mod_lb': 2.1954448223114014}
[train] step 900 task=img_rec loss=0.2036 loss_task=0.2036 aux_loss={'se_attn_lb': 4.959630489349365, 'se_ffn_compute': 1.1209677457809448, 'se_ffn_align': 0.08972901850938797, 'se_ffn_mod_lb': 1.2412381172180176}
Elapsed: 0h 56m 8s

===== Epoch 5/25 =====
[train] step 0 task=vqa loss=5.3550 loss_task=2.6775 aux_loss={'se_attn_lb': 4.35138463973999, 'se_ffn_compute': 1.0651425123214722, 'se_ffn_align': 0.044085144996643066, 'se_ffn_mod_lb': 2.255082130432129}
[train] step 100 task=img_cls loss=1.0587 loss_task=1.0587 aux_loss={'se_attn_lb': 2.6450843811035156, 'se_ffn_compute': 1.4049263000488281, 'se_ffn_align': 0.14412178099155426, 'se_ffn_mod_lb': 1.0314863920211792}
[train] step 200 task=img_rec loss=0.1988 loss_task=0.1988 aux_loss={'se_attn_lb': 5.033677101135254, 'se_ffn_compute': 1.0542293787002563, 'se_ffn_align': 0.08217312395572662, 'se_ffn_mod_lb': 1.2304147481918335}
[train] step 300 task=img_rec loss=0.2056 loss_task=0.2056 aux_loss={'se_attn_lb': 4.946105003356934, 'se_ffn_compute': 1.0456188917160034, 'se_ffn_align': 0.08341071754693985, 'se_ffn_mod_lb': 1.2386664152145386}
[train] step 400 task=vqa loss=6.6154 loss_task=3.3077 aux_loss={'se_attn_lb': 3.6147260665893555, 'se_ffn_compute': 0.996337354183197, 'se_ffn_align': 0.03921074792742729, 'se_ffn_mod_lb': 2.1728780269622803}
[train] step 500 task=vqa loss=6.3148 loss_task=3.1574 aux_loss={'se_attn_lb': 3.725864887237549, 'se_ffn_compute': 1.0111106634140015, 'se_ffn_align': 0.03868461400270462, 'se_ffn_mod_lb': 2.174546957015991}
[train] step 600 task=txt_rec loss=9.6002 loss_task=9.6002 aux_loss={'se_attn_lb': 5.864011764526367, 'se_ffn_compute': 1.607943058013916, 'se_ffn_align': 0.24552229046821594, 'se_ffn_mod_lb': 1.2325044870376587}
[train] step 700 task=txt_cls loss=0.6337 loss_task=0.6337 aux_loss={'se_attn_lb': 4.5998382568359375, 'se_ffn_compute': 1.0609564781188965, 'se_ffn_align': 0.08810366690158844, 'se_ffn_mod_lb': 1.1673413515090942}
[train] step 800 task=vqa loss=7.0684 loss_task=3.5342 aux_loss={'se_attn_lb': 3.676632881164551, 'se_ffn_compute': 1.0849379301071167, 'se_ffn_align': 0.03833131119608879, 'se_ffn_mod_lb': 2.1506431102752686}
[train] step 900 task=txt_rec loss=9.5059 loss_task=9.5059 aux_loss={'se_attn_lb': 6.262232303619385, 'se_ffn_compute': 1.522415280342102, 'se_ffn_align': 0.2312002331018448, 'se_ffn_mod_lb': 1.2088873386383057}
Elapsed: 1h 9m 57s
Eval results:
  vqa: loss = 3.2226, task_loss = 3.2226, , acc=0.3173
  txt_rec: loss = 9.6267, task_loss = 9.6267, 
  img_cls: loss = 0.9410, task_loss = 0.9410, , acc=0.9311
  img_rec: loss = 0.2014, task_loss = 0.2014, 
  txt_cls: loss = 0.4111, task_loss = 0.4111, , acc=0.7441

===== Epoch 6/25 =====
[train] step 0 task=img_rec loss=0.1979 loss_task=0.1979 aux_loss={'se_attn_lb': 4.876483917236328, 'se_ffn_compute': 1.0291285514831543, 'se_ffn_align': 0.08154673874378204, 'se_ffn_mod_lb': 1.2359663248062134}
[train] step 100 task=txt_cls loss=0.5790 loss_task=0.5790 aux_loss={'se_attn_lb': 3.70337176322937, 'se_ffn_compute': 1.2424265146255493, 'se_ffn_align': 0.11637023836374283, 'se_ffn_mod_lb': 1.139230489730835}
[train] step 200 task=img_rec loss=0.2009 loss_task=0.2009 aux_loss={'se_attn_lb': 4.397167682647705, 'se_ffn_compute': 1.0445374250411987, 'se_ffn_align': 0.0885925367474556, 'se_ffn_mod_lb': 1.1831566095352173}
[train] step 300 task=vqa loss=7.9415 loss_task=3.9708 aux_loss={'se_attn_lb': 3.7495508193969727, 'se_ffn_compute': 0.9442702531814575, 'se_ffn_align': 0.0400153212249279, 'se_ffn_mod_lb': 2.203861713409424}
[train] step 400 task=vqa loss=4.4904 loss_task=2.2452 aux_loss={'se_attn_lb': 4.156722068786621, 'se_ffn_compute': 0.999476432800293, 'se_ffn_align': 0.03859122097492218, 'se_ffn_mod_lb': 2.231494188308716}
[train] step 500 task=vqa loss=6.9312 loss_task=3.4656 aux_loss={'se_attn_lb': 3.8514835834503174, 'se_ffn_compute': 0.928322434425354, 'se_ffn_align': 0.04112030565738678, 'se_ffn_mod_lb': 2.165980100631714}
[train] step 600 task=img_cls loss=0.8365 loss_task=0.8365 aux_loss={'se_attn_lb': 2.571899652481079, 'se_ffn_compute': 1.142237663269043, 'se_ffn_align': 0.0941094160079956, 'se_ffn_mod_lb': 1.0305246114730835}
[train] step 700 task=txt_rec loss=9.2915 loss_task=9.2915 aux_loss={'se_attn_lb': 5.945662975311279, 'se_ffn_compute': 1.251341700553894, 'se_ffn_align': 0.15883833169937134, 'se_ffn_mod_lb': 1.1659867763519287}
[train] step 800 task=txt_rec loss=9.3156 loss_task=9.3156 aux_loss={'se_attn_lb': 6.267974376678467, 'se_ffn_compute': 1.2712798118591309, 'se_ffn_align': 0.16535337269306183, 'se_ffn_mod_lb': 1.192789077758789}
[train] step 900 task=txt_rec loss=9.3783 loss_task=9.3783 aux_loss={'se_attn_lb': 6.246101379394531, 'se_ffn_compute': 1.320335865020752, 'se_ffn_align': 0.16876725852489471, 'se_ffn_mod_lb': 1.1950163841247559}
Elapsed: 1h 26m 59s

===== Epoch 7/25 =====
[train] step 0 task=vqa loss=7.2035 loss_task=3.6017 aux_loss={'se_attn_lb': 3.547451972961426, 'se_ffn_compute': 0.9392390847206116, 'se_ffn_align': 0.03611677139997482, 'se_ffn_mod_lb': 2.1165122985839844}
[train] step 100 task=img_rec loss=0.2091 loss_task=0.2091 aux_loss={'se_attn_lb': 4.419965744018555, 'se_ffn_compute': 0.9370571374893188, 'se_ffn_align': 0.0717177540063858, 'se_ffn_mod_lb': 1.1866873502731323}
[train] step 200 task=vqa loss=5.1764 loss_task=2.5882 aux_loss={'se_attn_lb': 3.9677767753601074, 'se_ffn_compute': 0.8711076974868774, 'se_ffn_align': 0.037146616727113724, 'se_ffn_mod_lb': 2.216200828552246}
[train] step 300 task=vqa loss=6.7973 loss_task=3.3986 aux_loss={'se_attn_lb': 3.5374114513397217, 'se_ffn_compute': 0.8791359663009644, 'se_ffn_align': 0.03805331513285637, 'se_ffn_mod_lb': 2.1337249279022217}
[train] step 400 task=txt_rec loss=9.1708 loss_task=9.1708 aux_loss={'se_attn_lb': 5.881880760192871, 'se_ffn_compute': 1.2875601053237915, 'se_ffn_align': 0.159623384475708, 'se_ffn_mod_lb': 1.1246763467788696}
[train] step 500 task=vqa loss=6.2507 loss_task=3.1254 aux_loss={'se_attn_lb': 4.268933296203613, 'se_ffn_compute': 0.9001489281654358, 'se_ffn_align': 0.037993256002664566, 'se_ffn_mod_lb': 2.198408603668213}
[train] step 600 task=vqa loss=4.2772 loss_task=2.1386 aux_loss={'se_attn_lb': 4.342378616333008, 'se_ffn_compute': 0.9044252634048462, 'se_ffn_align': 0.039832066744565964, 'se_ffn_mod_lb': 2.211148738861084}
[train] step 700 task=vqa loss=6.3584 loss_task=3.1792 aux_loss={'se_attn_lb': 3.8490943908691406, 'se_ffn_compute': 0.9109160900115967, 'se_ffn_align': 0.037532586604356766, 'se_ffn_mod_lb': 2.1456968784332275}
[train] step 800 task=vqa loss=5.0487 loss_task=2.5243 aux_loss={'se_attn_lb': 4.013492584228516, 'se_ffn_compute': 0.954410970211029, 'se_ffn_align': 0.03813818097114563, 'se_ffn_mod_lb': 2.182520866394043}
[train] step 900 task=txt_cls loss=0.5443 loss_task=0.5443 aux_loss={'se_attn_lb': 4.120205402374268, 'se_ffn_compute': 1.102636694908142, 'se_ffn_align': 0.08761408925056458, 'se_ffn_mod_lb': 1.051571011543274}
Elapsed: 1h 41m 9s

===== Epoch 8/25 =====
[train] step 0 task=img_cls loss=0.6133 loss_task=0.6133 aux_loss={'se_attn_lb': 2.5335776805877686, 'se_ffn_compute': 1.1044108867645264, 'se_ffn_align': 0.0838620513677597, 'se_ffn_mod_lb': 1.0305346250534058}
[train] step 100 task=txt_rec loss=9.0314 loss_task=9.0314 aux_loss={'se_attn_lb': 6.390125751495361, 'se_ffn_compute': 1.1956946849822998, 'se_ffn_align': 0.14541971683502197, 'se_ffn_mod_lb': 1.1924853324890137}
[train] step 200 task=vqa loss=5.4715 loss_task=2.7357 aux_loss={'se_attn_lb': 3.7702765464782715, 'se_ffn_compute': 0.894329309463501, 'se_ffn_align': 0.037075333297252655, 'se_ffn_mod_lb': 2.1272664070129395}
[train] step 300 task=vqa loss=6.7424 loss_task=3.3712 aux_loss={'se_attn_lb': 3.5112671852111816, 'se_ffn_compute': 0.9325501918792725, 'se_ffn_align': 0.03771017864346504, 'se_ffn_mod_lb': 2.158379316329956}
[train] step 400 task=vqa loss=6.3923 loss_task=3.1961 aux_loss={'se_attn_lb': 3.8414928913116455, 'se_ffn_compute': 0.9404840469360352, 'se_ffn_align': 0.0347868874669075, 'se_ffn_mod_lb': 2.189077377319336}
[train] step 500 task=vqa loss=5.2084 loss_task=2.6042 aux_loss={'se_attn_lb': 3.6804850101470947, 'se_ffn_compute': 0.9048424959182739, 'se_ffn_align': 0.03969038650393486, 'se_ffn_mod_lb': 2.118872880935669}
[train] step 600 task=txt_rec loss=8.9147 loss_task=8.9147 aux_loss={'se_attn_lb': 6.436432838439941, 'se_ffn_compute': 1.2113564014434814, 'se_ffn_align': 0.14367063343524933, 'se_ffn_mod_lb': 1.198548674583435}
[train] step 700 task=vqa loss=5.6892 loss_task=2.8446 aux_loss={'se_attn_lb': 4.1091203689575195, 'se_ffn_compute': 0.8886902928352356, 'se_ffn_align': 0.040431298315525055, 'se_ffn_mod_lb': 2.1702888011932373}
[train] step 800 task=vqa loss=5.0428 loss_task=2.5214 aux_loss={'se_attn_lb': 4.370774745941162, 'se_ffn_compute': 0.915364146232605, 'se_ffn_align': 0.03867315128445625, 'se_ffn_mod_lb': 2.2141547203063965}
[train] step 900 task=vqa loss=7.0685 loss_task=3.5342 aux_loss={'se_attn_lb': 3.8707995414733887, 'se_ffn_compute': 0.8969528079032898, 'se_ffn_align': 0.04044061899185181, 'se_ffn_mod_lb': 2.1870384216308594}
Elapsed: 1h 55m 19s

===== Epoch 9/25 =====
[train] step 0 task=txt_rec loss=8.8597 loss_task=8.8597 aux_loss={'se_attn_lb': 6.1302995681762695, 'se_ffn_compute': 1.118238925933838, 'se_ffn_align': 0.12227132171392441, 'se_ffn_mod_lb': 1.217185616493225}
[train] step 100 task=img_rec loss=0.1901 loss_task=0.1901 aux_loss={'se_attn_lb': 4.51153564453125, 'se_ffn_compute': 0.8277430534362793, 'se_ffn_align': 0.055382609367370605, 'se_ffn_mod_lb': 1.1768698692321777}
[train] step 200 task=vqa loss=4.4259 loss_task=2.2130 aux_loss={'se_attn_lb': 3.8818931579589844, 'se_ffn_compute': 0.8736310601234436, 'se_ffn_align': 0.043170277029275894, 'se_ffn_mod_lb': 2.1474709510803223}
[train] step 300 task=vqa loss=4.9229 loss_task=2.4614 aux_loss={'se_attn_lb': 4.191412448883057, 'se_ffn_compute': 0.8747271299362183, 'se_ffn_align': 0.04216626286506653, 'se_ffn_mod_lb': 2.1926281452178955}
[train] step 400 task=img_rec loss=0.1888 loss_task=0.1888 aux_loss={'se_attn_lb': 4.26387882232666, 'se_ffn_compute': 0.8158105611801147, 'se_ffn_align': 0.060069549828767776, 'se_ffn_mod_lb': 1.18955659866333}
[train] step 500 task=img_rec loss=0.1793 loss_task=0.1793 aux_loss={'se_attn_lb': 4.069326877593994, 'se_ffn_compute': 0.7815544605255127, 'se_ffn_align': 0.0520436093211174, 'se_ffn_mod_lb': 1.1816449165344238}
[train] step 600 task=txt_cls loss=0.5576 loss_task=0.5576 aux_loss={'se_attn_lb': 4.362630844116211, 'se_ffn_compute': 0.7794123888015747, 'se_ffn_align': 0.04645892605185509, 'se_ffn_mod_lb': 1.0842736959457397}
[train] step 700 task=vqa loss=5.9942 loss_task=2.9971 aux_loss={'se_attn_lb': 3.5303289890289307, 'se_ffn_compute': 0.8981392979621887, 'se_ffn_align': 0.042486537247896194, 'se_ffn_mod_lb': 2.171363353729248}
[train] step 800 task=vqa loss=5.8601 loss_task=2.9301 aux_loss={'se_attn_lb': 3.5665082931518555, 'se_ffn_compute': 0.8175806999206543, 'se_ffn_align': 0.04259176552295685, 'se_ffn_mod_lb': 2.1862292289733887}
[train] step 900 task=vqa loss=5.3892 loss_task=2.6946 aux_loss={'se_attn_lb': 3.6254169940948486, 'se_ffn_compute': 0.893044650554657, 'se_ffn_align': 0.04055575281381607, 'se_ffn_mod_lb': 2.1339282989501953}
Elapsed: 2h 9m 24s

===== Epoch 10/25 =====
[train] step 0 task=vqa loss=5.7205 loss_task=2.8602 aux_loss={'se_attn_lb': 3.5274174213409424, 'se_ffn_compute': 0.8445749878883362, 'se_ffn_align': 0.03795962035655975, 'se_ffn_mod_lb': 2.140357732772827}
[train] step 100 task=vqa loss=5.3363 loss_task=2.6682 aux_loss={'se_attn_lb': 3.9758458137512207, 'se_ffn_compute': 0.8633705377578735, 'se_ffn_align': 0.04165048524737358, 'se_ffn_mod_lb': 2.1809213161468506}
[train] step 200 task=vqa loss=6.3873 loss_task=3.1937 aux_loss={'se_attn_lb': 3.504276990890503, 'se_ffn_compute': 0.8525034785270691, 'se_ffn_align': 0.043840691447257996, 'se_ffn_mod_lb': 2.1255016326904297}
[train] step 300 task=txt_rec loss=8.6217 loss_task=8.6217 aux_loss={'se_attn_lb': 6.8727521896362305, 'se_ffn_compute': 1.1318999528884888, 'se_ffn_align': 0.1285754144191742, 'se_ffn_mod_lb': 1.188258171081543}
[train] step 400 task=txt_rec loss=8.5947 loss_task=8.5947 aux_loss={'se_attn_lb': 6.303595066070557, 'se_ffn_compute': 1.0566930770874023, 'se_ffn_align': 0.10986889153718948, 'se_ffn_mod_lb': 1.228885531425476}
[train] step 500 task=txt_rec loss=8.3726 loss_task=8.3726 aux_loss={'se_attn_lb': 6.427836894989014, 'se_ffn_compute': 1.1359002590179443, 'se_ffn_align': 0.12607690691947937, 'se_ffn_mod_lb': 1.1970871686935425}
[train] step 600 task=txt_rec loss=8.3344 loss_task=8.3344 aux_loss={'se_attn_lb': 6.264268398284912, 'se_ffn_compute': 1.117297887802124, 'se_ffn_align': 0.12166088819503784, 'se_ffn_mod_lb': 1.1950517892837524}
[train] step 700 task=img_cls loss=0.5321 loss_task=0.5321 aux_loss={'se_attn_lb': 2.639441728591919, 'se_ffn_compute': 0.9801062941551208, 'se_ffn_align': 0.06878277659416199, 'se_ffn_mod_lb': 1.0297317504882812}
[train] step 800 task=txt_rec loss=8.4335 loss_task=8.4335 aux_loss={'se_attn_lb': 6.265045166015625, 'se_ffn_compute': 1.0972938537597656, 'se_ffn_align': 0.1166084036231041, 'se_ffn_mod_lb': 1.2286993265151978}
[train] step 900 task=vqa loss=5.3223 loss_task=2.6612 aux_loss={'se_attn_lb': 3.706439733505249, 'se_ffn_compute': 0.8240361213684082, 'se_ffn_align': 0.044838689267635345, 'se_ffn_mod_lb': 2.1259162425994873}
Elapsed: 2h 23m 22s
Eval results:
  txt_cls: loss = 0.5510, task_loss = 0.5510, , acc=0.8260
  img_rec: loss = 0.1652, task_loss = 0.1652, 
  vqa: loss = 3.0289, task_loss = 3.0289, , acc=0.3389
  txt_rec: loss = 8.7194, task_loss = 8.7194, 
  img_cls: loss = 0.4143, task_loss = 0.4143, , acc=0.9597

===== Epoch 11/25 =====
[train] step 0 task=vqa loss=5.7343 loss_task=2.8671 aux_loss={'se_attn_lb': 3.746464252471924, 'se_ffn_compute': 0.8142914772033691, 'se_ffn_align': 0.04223933815956116, 'se_ffn_mod_lb': 2.183518409729004}
[train] step 100 task=txt_rec loss=8.4187 loss_task=8.4187 aux_loss={'se_attn_lb': 6.388970375061035, 'se_ffn_compute': 1.1185479164123535, 'se_ffn_align': 0.1247577890753746, 'se_ffn_mod_lb': 1.1959619522094727}
[train] step 200 task=vqa loss=6.8354 loss_task=3.4177 aux_loss={'se_attn_lb': 3.627655029296875, 'se_ffn_compute': 0.8701028823852539, 'se_ffn_align': 0.04562044516205788, 'se_ffn_mod_lb': 2.130290985107422}
[train] step 300 task=vqa loss=5.6908 loss_task=2.8454 aux_loss={'se_attn_lb': 3.454392671585083, 'se_ffn_compute': 0.8333093523979187, 'se_ffn_align': 0.039880216121673584, 'se_ffn_mod_lb': 2.1074087619781494}
[train] step 400 task=img_rec loss=0.1603 loss_task=0.1603 aux_loss={'se_attn_lb': 4.071741104125977, 'se_ffn_compute': 0.6923107504844666, 'se_ffn_align': 0.042272355407476425, 'se_ffn_mod_lb': 1.218342661857605}
[train] step 500 task=img_rec loss=0.1811 loss_task=0.1811 aux_loss={'se_attn_lb': 3.909269332885742, 'se_ffn_compute': 0.745408833026886, 'se_ffn_align': 0.04786790907382965, 'se_ffn_mod_lb': 1.2146518230438232}
[train] step 600 task=vqa loss=6.0401 loss_task=3.0200 aux_loss={'se_attn_lb': 3.4634854793548584, 'se_ffn_compute': 0.850220263004303, 'se_ffn_align': 0.04734408110380173, 'se_ffn_mod_lb': 2.1271350383758545}
[train] step 700 task=vqa loss=7.9011 loss_task=3.9506 aux_loss={'se_attn_lb': 3.4432671070098877, 'se_ffn_compute': 0.7500271797180176, 'se_ffn_align': 0.03886840119957924, 'se_ffn_mod_lb': 2.1067004203796387}
[train] step 800 task=txt_cls loss=0.4564 loss_task=0.4564 aux_loss={'se_attn_lb': 4.231614589691162, 'se_ffn_compute': 0.8225622177124023, 'se_ffn_align': 0.05535275489091873, 'se_ffn_mod_lb': 1.067771315574646}
[train] step 900 task=vqa loss=6.2844 loss_task=3.1422 aux_loss={'se_attn_lb': 3.79109263420105, 'se_ffn_compute': 0.7779784202575684, 'se_ffn_align': 0.036005664616823196, 'se_ffn_mod_lb': 2.1384494304656982}
Elapsed: 2h 40m 25s

===== Epoch 12/25 =====
[train] step 0 task=img_rec loss=0.1630 loss_task=0.1630 aux_loss={'se_attn_lb': 4.0747222900390625, 'se_ffn_compute': 0.7605647444725037, 'se_ffn_align': 0.04825984314084053, 'se_ffn_mod_lb': 1.2164047956466675}
[train] step 100 task=vqa loss=4.5575 loss_task=2.2787 aux_loss={'se_attn_lb': 3.586509943008423, 'se_ffn_compute': 0.8307009935379028, 'se_ffn_align': 0.03961196541786194, 'se_ffn_mod_lb': 2.1175971031188965}
[train] step 200 task=vqa loss=6.6708 loss_task=3.3354 aux_loss={'se_attn_lb': 3.582488775253296, 'se_ffn_compute': 0.8427571654319763, 'se_ffn_align': 0.04058442264795303, 'se_ffn_mod_lb': 2.1142096519470215}
[train] step 300 task=vqa loss=5.8451 loss_task=2.9225 aux_loss={'se_attn_lb': 3.690031051635742, 'se_ffn_compute': 0.8247085809707642, 'se_ffn_align': 0.03774949535727501, 'se_ffn_mod_lb': 2.1528499126434326}
[train] step 400 task=img_rec loss=0.1585 loss_task=0.1585 aux_loss={'se_attn_lb': 4.0181169509887695, 'se_ffn_compute': 0.7005602121353149, 'se_ffn_align': 0.04173605144023895, 'se_ffn_mod_lb': 1.2241404056549072}
[train] step 500 task=img_cls loss=0.3103 loss_task=0.3103 aux_loss={'se_attn_lb': 2.6768181324005127, 'se_ffn_compute': 0.9829183220863342, 'se_ffn_align': 0.06929860264062881, 'se_ffn_mod_lb': 1.0322550535202026}
[train] step 600 task=img_rec loss=0.1565 loss_task=0.1565 aux_loss={'se_attn_lb': 4.160557270050049, 'se_ffn_compute': 0.652069091796875, 'se_ffn_align': 0.037240587174892426, 'se_ffn_mod_lb': 1.2210103273391724}
[train] step 700 task=txt_rec loss=8.0690 loss_task=8.0690 aux_loss={'se_attn_lb': 6.482315540313721, 'se_ffn_compute': 1.0000253915786743, 'se_ffn_align': 0.0969683900475502, 'se_ffn_mod_lb': 1.2296983003616333}
[train] step 800 task=vqa loss=4.9463 loss_task=2.4732 aux_loss={'se_attn_lb': 3.7027428150177, 'se_ffn_compute': 0.8440468311309814, 'se_ffn_align': 0.039539627730846405, 'se_ffn_mod_lb': 2.200152635574341}
[train] step 900 task=vqa loss=5.7370 loss_task=2.8685 aux_loss={'se_attn_lb': 3.547473669052124, 'se_ffn_compute': 0.7927496433258057, 'se_ffn_align': 0.03783924877643585, 'se_ffn_mod_lb': 2.096829652786255}
Elapsed: 2h 54m 34s

===== Epoch 13/25 =====
[train] step 0 task=vqa loss=4.1292 loss_task=2.0646 aux_loss={'se_attn_lb': 3.724377155303955, 'se_ffn_compute': 0.7835553884506226, 'se_ffn_align': 0.045852575451135635, 'se_ffn_mod_lb': 2.1584198474884033}
[train] step 100 task=img_cls loss=0.3301 loss_task=0.3301 aux_loss={'se_attn_lb': 2.6291251182556152, 'se_ffn_compute': 1.1225738525390625, 'se_ffn_align': 0.08594520390033722, 'se_ffn_mod_lb': 1.0629842281341553}
[train] step 200 task=txt_rec loss=7.8468 loss_task=7.8468 aux_loss={'se_attn_lb': 6.0711236000061035, 'se_ffn_compute': 1.089409351348877, 'se_ffn_align': 0.11487650871276855, 'se_ffn_mod_lb': 1.1979247331619263}
[train] step 300 task=img_rec loss=0.1656 loss_task=0.1656 aux_loss={'se_attn_lb': 4.02121639251709, 'se_ffn_compute': 0.747850775718689, 'se_ffn_align': 0.04652165248990059, 'se_ffn_mod_lb': 1.1856237649917603}
[train] step 400 task=img_rec loss=0.1569 loss_task=0.1569 aux_loss={'se_attn_lb': 4.273088455200195, 'se_ffn_compute': 0.729357898235321, 'se_ffn_align': 0.04455215111374855, 'se_ffn_mod_lb': 1.1787223815917969}
[train] step 500 task=vqa loss=5.1946 loss_task=2.5973 aux_loss={'se_attn_lb': 3.7456066608428955, 'se_ffn_compute': 0.7560282349586487, 'se_ffn_align': 0.04191043972969055, 'se_ffn_mod_lb': 2.1058108806610107}
[train] step 600 task=vqa loss=5.9859 loss_task=2.9930 aux_loss={'se_attn_lb': 3.8102376461029053, 'se_ffn_compute': 0.8996932506561279, 'se_ffn_align': 0.038192592561244965, 'se_ffn_mod_lb': 2.162677526473999}
[train] step 700 task=img_cls loss=0.3426 loss_task=0.3426 aux_loss={'se_attn_lb': 2.6673614978790283, 'se_ffn_compute': 0.9935436248779297, 'se_ffn_align': 0.06887280195951462, 'se_ffn_mod_lb': 1.035906195640564}
[train] step 800 task=vqa loss=5.1711 loss_task=2.5855 aux_loss={'se_attn_lb': 4.110389709472656, 'se_ffn_compute': 0.822744607925415, 'se_ffn_align': 0.03367428854107857, 'se_ffn_mod_lb': 2.1506094932556152}
[train] step 900 task=img_rec loss=0.1571 loss_task=0.1571 aux_loss={'se_attn_lb': 4.121088027954102, 'se_ffn_compute': 0.7410815358161926, 'se_ffn_align': 0.04549216479063034, 'se_ffn_mod_lb': 1.1759846210479736}
Elapsed: 3h 8m 36s

===== Epoch 14/25 =====
[train] step 0 task=vqa loss=5.3775 loss_task=2.6887 aux_loss={'se_attn_lb': 3.829575777053833, 'se_ffn_compute': 0.814324140548706, 'se_ffn_align': 0.03768046945333481, 'se_ffn_mod_lb': 2.1177215576171875}
[train] step 100 task=img_rec loss=0.1563 loss_task=0.1563 aux_loss={'se_attn_lb': 4.048750877380371, 'se_ffn_compute': 0.7267199158668518, 'se_ffn_align': 0.04366593807935715, 'se_ffn_mod_lb': 1.1939373016357422}
[train] step 200 task=vqa loss=6.4209 loss_task=3.2104 aux_loss={'se_attn_lb': 3.8861231803894043, 'se_ffn_compute': 0.7759219408035278, 'se_ffn_align': 0.044630520045757294, 'se_ffn_mod_lb': 2.116443157196045}
[train] step 300 task=img_rec loss=0.1400 loss_task=0.1400 aux_loss={'se_attn_lb': 4.293107986450195, 'se_ffn_compute': 0.6649122834205627, 'se_ffn_align': 0.037741973996162415, 'se_ffn_mod_lb': 1.1924443244934082}
[train] step 400 task=vqa loss=5.8487 loss_task=2.9243 aux_loss={'se_attn_lb': 3.7232279777526855, 'se_ffn_compute': 0.8058494329452515, 'se_ffn_align': 0.03568999469280243, 'se_ffn_mod_lb': 2.1451256275177}
[train] step 500 task=txt_rec loss=7.7701 loss_task=7.7701 aux_loss={'se_attn_lb': 6.409326076507568, 'se_ffn_compute': 1.1962376832962036, 'se_ffn_align': 0.1342776119709015, 'se_ffn_mod_lb': 1.1888848543167114}
[train] step 600 task=txt_rec loss=7.8275 loss_task=7.8275 aux_loss={'se_attn_lb': 6.218018531799316, 'se_ffn_compute': 1.1547037363052368, 'se_ffn_align': 0.12467722594738007, 'se_ffn_mod_lb': 1.210540771484375}
[train] step 700 task=vqa loss=5.7595 loss_task=2.8798 aux_loss={'se_attn_lb': 3.848923683166504, 'se_ffn_compute': 0.7736011743545532, 'se_ffn_align': 0.03621920943260193, 'se_ffn_mod_lb': 2.1530699729919434}
[train] step 800 task=txt_rec loss=7.7699 loss_task=7.7699 aux_loss={'se_attn_lb': 6.246611595153809, 'se_ffn_compute': 1.1385902166366577, 'se_ffn_align': 0.11844521760940552, 'se_ffn_mod_lb': 1.2224091291427612}
[train] step 900 task=vqa loss=6.6026 loss_task=3.3013 aux_loss={'se_attn_lb': 3.944216728210449, 'se_ffn_compute': 0.8065676689147949, 'se_ffn_align': 0.043492741882801056, 'se_ffn_mod_lb': 2.149437427520752}
Elapsed: 3h 22m 39s

===== Epoch 15/25 =====
[train] step 0 task=txt_rec loss=7.9196 loss_task=7.9196 aux_loss={'se_attn_lb': 6.3378496170043945, 'se_ffn_compute': 1.152337908744812, 'se_ffn_align': 0.11953455954790115, 'se_ffn_mod_lb': 1.217966079711914}
[train] step 100 task=vqa loss=5.9286 loss_task=2.9643 aux_loss={'se_attn_lb': 3.886075019836426, 'se_ffn_compute': 0.8080224394798279, 'se_ffn_align': 0.05152294784784317, 'se_ffn_mod_lb': 2.1181159019470215}
[train] step 200 task=vqa loss=5.3567 loss_task=2.6784 aux_loss={'se_attn_lb': 4.127252578735352, 'se_ffn_compute': 0.8131963610649109, 'se_ffn_align': 0.037552960216999054, 'se_ffn_mod_lb': 2.1471495628356934}
[train] step 300 task=vqa loss=5.3207 loss_task=2.6603 aux_loss={'se_attn_lb': 3.7238144874572754, 'se_ffn_compute': 0.821345329284668, 'se_ffn_align': 0.043753206729888916, 'se_ffn_mod_lb': 2.140321731567383}
[train] step 400 task=img_rec loss=0.1588 loss_task=0.1588 aux_loss={'se_attn_lb': 4.0863471031188965, 'se_ffn_compute': 0.7342137694358826, 'se_ffn_align': 0.043983884155750275, 'se_ffn_mod_lb': 1.1876349449157715}
[train] step 500 task=img_cls loss=0.2497 loss_task=0.2497 aux_loss={'se_attn_lb': 2.77390718460083, 'se_ffn_compute': 0.9930713772773743, 'se_ffn_align': 0.06947451084852219, 'se_ffn_mod_lb': 1.033347249031067}
[train] step 600 task=txt_rec loss=7.6145 loss_task=7.6145 aux_loss={'se_attn_lb': 6.11874532699585, 'se_ffn_compute': 1.1080299615859985, 'se_ffn_align': 0.10842874646186829, 'se_ffn_mod_lb': 1.2446606159210205}
[train] step 700 task=img_rec loss=0.1545 loss_task=0.1545 aux_loss={'se_attn_lb': 4.269458293914795, 'se_ffn_compute': 0.7072984576225281, 'se_ffn_align': 0.04146391153335571, 'se_ffn_mod_lb': 1.194825530052185}
[train] step 800 task=txt_rec loss=7.6097 loss_task=7.6097 aux_loss={'se_attn_lb': 6.189336776733398, 'se_ffn_compute': 1.1256566047668457, 'se_ffn_align': 0.11235402524471283, 'se_ffn_mod_lb': 1.238853931427002}
[train] step 900 task=txt_rec loss=7.7310 loss_task=7.7310 aux_loss={'se_attn_lb': 6.3455071449279785, 'se_ffn_compute': 1.1584552526474, 'se_ffn_align': 0.11957750469446182, 'se_ffn_mod_lb': 1.2244601249694824}
Elapsed: 3h 36m 19s
Eval results:
  vqa: loss = 2.8884, task_loss = 2.8884, , acc=0.3588
  txt_rec: loss = 8.1691, task_loss = 8.1691, 
  txt_cls: loss = 0.2856, task_loss = 0.2856, , acc=0.8521
  img_rec: loss = 0.1533, task_loss = 0.1533, 
  img_cls: loss = 0.2423, task_loss = 0.2423, , acc=0.9678

===== Epoch 16/25 =====
[train] step 0 task=txt_cls loss=0.3160 loss_task=0.3160 aux_loss={'se_attn_lb': 4.649932861328125, 'se_ffn_compute': 0.8208743333816528, 'se_ffn_align': 0.05202460289001465, 'se_ffn_mod_lb': 1.0666871070861816}
[train] step 100 task=vqa loss=4.3684 loss_task=2.1842 aux_loss={'se_attn_lb': 3.7953171730041504, 'se_ffn_compute': 0.8082096576690674, 'se_ffn_align': 0.04550525173544884, 'se_ffn_mod_lb': 2.1387643814086914}
[train] step 200 task=vqa loss=7.1229 loss_task=3.5615 aux_loss={'se_attn_lb': 3.9577622413635254, 'se_ffn_compute': 0.8415470719337463, 'se_ffn_align': 0.04169151186943054, 'se_ffn_mod_lb': 2.1550514698028564}
[train] step 300 task=vqa loss=6.6015 loss_task=3.3008 aux_loss={'se_attn_lb': 3.7922303676605225, 'se_ffn_compute': 0.7874191999435425, 'se_ffn_align': 0.043505143374204636, 'se_ffn_mod_lb': 2.113074779510498}
[train] step 400 task=vqa loss=5.3151 loss_task=2.6576 aux_loss={'se_attn_lb': 3.9477837085723877, 'se_ffn_compute': 0.8033869862556458, 'se_ffn_align': 0.04776490107178688, 'se_ffn_mod_lb': 2.1324820518493652}
[train] step 500 task=vqa loss=5.4924 loss_task=2.7462 aux_loss={'se_attn_lb': 4.056691646575928, 'se_ffn_compute': 0.8225883841514587, 'se_ffn_align': 0.0454011932015419, 'se_ffn_mod_lb': 2.150203227996826}
[train] step 600 task=txt_rec loss=7.7181 loss_task=7.7181 aux_loss={'se_attn_lb': 6.131321907043457, 'se_ffn_compute': 1.1586309671401978, 'se_ffn_align': 0.1195395365357399, 'se_ffn_mod_lb': 1.212338924407959}
[train] step 700 task=txt_cls loss=0.3642 loss_task=0.3642 aux_loss={'se_attn_lb': 4.534633159637451, 'se_ffn_compute': 0.7700601816177368, 'se_ffn_align': 0.047264840453863144, 'se_ffn_mod_lb': 1.0621092319488525}
[train] step 800 task=vqa loss=6.8598 loss_task=3.4299 aux_loss={'se_attn_lb': 3.7212839126586914, 'se_ffn_compute': 0.7780109643936157, 'se_ffn_align': 0.047810327261686325, 'se_ffn_mod_lb': 2.1108651161193848}
[train] step 900 task=vqa loss=3.9761 loss_task=1.9881 aux_loss={'se_attn_lb': 4.174622058868408, 'se_ffn_compute': 0.8551754951477051, 'se_ffn_align': 0.042924538254737854, 'se_ffn_mod_lb': 2.185433864593506}
Elapsed: 3h 53m 8s

===== Epoch 17/25 =====
[train] step 0 task=txt_cls loss=0.4467 loss_task=0.4467 aux_loss={'se_attn_lb': 4.458981990814209, 'se_ffn_compute': 0.760362982749939, 'se_ffn_align': 0.04601939022541046, 'se_ffn_mod_lb': 1.0654133558273315}
[train] step 100 task=txt_rec loss=7.6477 loss_task=7.6477 aux_loss={'se_attn_lb': 6.096572399139404, 'se_ffn_compute': 1.1375503540039062, 'se_ffn_align': 0.11275147646665573, 'se_ffn_mod_lb': 1.2376494407653809}
[train] step 200 task=vqa loss=5.1018 loss_task=2.5509 aux_loss={'se_attn_lb': 3.942667245864868, 'se_ffn_compute': 0.8007090091705322, 'se_ffn_align': 0.04030889645218849, 'se_ffn_mod_lb': 2.1420421600341797}
[train] step 300 task=vqa loss=4.4972 loss_task=2.2486 aux_loss={'se_attn_lb': 3.8721439838409424, 'se_ffn_compute': 0.7570841908454895, 'se_ffn_align': 0.05392118915915489, 'se_ffn_mod_lb': 2.135296106338501}
[train] step 400 task=vqa loss=6.4364 loss_task=3.2182 aux_loss={'se_attn_lb': 3.9447519779205322, 'se_ffn_compute': 0.7572904229164124, 'se_ffn_align': 0.044840775430202484, 'se_ffn_mod_lb': 2.12951922416687}
[train] step 500 task=vqa loss=5.5769 loss_task=2.7885 aux_loss={'se_attn_lb': 3.8997156620025635, 'se_ffn_compute': 0.7737044095993042, 'se_ffn_align': 0.04177672788500786, 'se_ffn_mod_lb': 2.1406044960021973}
[train] step 600 task=img_rec loss=0.1428 loss_task=0.1428 aux_loss={'se_attn_lb': 4.111588478088379, 'se_ffn_compute': 0.7406817078590393, 'se_ffn_align': 0.044707100838422775, 'se_ffn_mod_lb': 1.2018474340438843}
[train] step 700 task=vqa loss=5.4953 loss_task=2.7477 aux_loss={'se_attn_lb': 3.92050838470459, 'se_ffn_compute': 0.7819552421569824, 'se_ffn_align': 0.04697411507368088, 'se_ffn_mod_lb': 2.1379549503326416}
[train] step 800 task=img_rec loss=0.1623 loss_task=0.1623 aux_loss={'se_attn_lb': 4.216086387634277, 'se_ffn_compute': 0.7571623921394348, 'se_ffn_align': 0.04615618661046028, 'se_ffn_mod_lb': 1.1952391862869263}
[train] step 900 task=img_rec loss=0.1512 loss_task=0.1512 aux_loss={'se_attn_lb': 4.161686897277832, 'se_ffn_compute': 0.7555050253868103, 'se_ffn_align': 0.04611221328377724, 'se_ffn_mod_lb': 1.2038346529006958}
Elapsed: 4h 7m 8s

===== Epoch 18/25 =====
[train] step 0 task=img_rec loss=0.1682 loss_task=0.1682 aux_loss={'se_attn_lb': 4.083304405212402, 'se_ffn_compute': 0.780061662197113, 'se_ffn_align': 0.04884984344244003, 'se_ffn_mod_lb': 1.197790265083313}
[train] step 100 task=vqa loss=6.4549 loss_task=3.2275 aux_loss={'se_attn_lb': 3.8410420417785645, 'se_ffn_compute': 0.7583048343658447, 'se_ffn_align': 0.04418011009693146, 'se_ffn_mod_lb': 2.125150680541992}
[train] step 200 task=txt_rec loss=7.6457 loss_task=7.6457 aux_loss={'se_attn_lb': 6.257030963897705, 'se_ffn_compute': 1.2174232006072998, 'se_ffn_align': 0.13376882672309875, 'se_ffn_mod_lb': 1.2038687467575073}
[train] step 300 task=img_rec loss=0.1344 loss_task=0.1344 aux_loss={'se_attn_lb': 4.215485095977783, 'se_ffn_compute': 0.7810911536216736, 'se_ffn_align': 0.048157986253499985, 'se_ffn_mod_lb': 1.1980838775634766}
[train] step 400 task=vqa loss=5.2736 loss_task=2.6368 aux_loss={'se_attn_lb': 4.142428398132324, 'se_ffn_compute': 0.7729374170303345, 'se_ffn_align': 0.04766366258263588, 'se_ffn_mod_lb': 2.1469900608062744}
[train] step 500 task=img_rec loss=0.1497 loss_task=0.1497 aux_loss={'se_attn_lb': 4.258662700653076, 'se_ffn_compute': 0.7609781622886658, 'se_ffn_align': 0.04671412706375122, 'se_ffn_mod_lb': 1.2111144065856934}
[train] step 600 task=img_rec loss=0.1463 loss_task=0.1463 aux_loss={'se_attn_lb': 4.283102989196777, 'se_ffn_compute': 0.7598971128463745, 'se_ffn_align': 0.04617014527320862, 'se_ffn_mod_lb': 1.214198112487793}
[train] step 700 task=txt_rec loss=7.6115 loss_task=7.6115 aux_loss={'se_attn_lb': 6.154095649719238, 'se_ffn_compute': 1.176945686340332, 'se_ffn_align': 0.12160337716341019, 'se_ffn_mod_lb': 1.2173418998718262}
[train] step 800 task=vqa loss=5.2556 loss_task=2.6278 aux_loss={'se_attn_lb': 4.065639972686768, 'se_ffn_compute': 0.8088480830192566, 'se_ffn_align': 0.049750275909900665, 'se_ffn_mod_lb': 2.1562836170196533}
[train] step 900 task=vqa loss=5.9676 loss_task=2.9838 aux_loss={'se_attn_lb': 4.06329870223999, 'se_ffn_compute': 0.826327919960022, 'se_ffn_align': 0.0467393659055233, 'se_ffn_mod_lb': 2.1495513916015625}
Elapsed: 4h 21m 27s

===== Epoch 19/25 =====
[train] step 0 task=vqa loss=6.9574 loss_task=3.4787 aux_loss={'se_attn_lb': 4.11833381652832, 'se_ffn_compute': 0.7803947925567627, 'se_ffn_align': 0.04293881356716156, 'se_ffn_mod_lb': 2.1601314544677734}
[train] step 100 task=vqa loss=6.2791 loss_task=3.1395 aux_loss={'se_attn_lb': 3.8448612689971924, 'se_ffn_compute': 0.7719595432281494, 'se_ffn_align': 0.051515139639377594, 'se_ffn_mod_lb': 2.1248316764831543}
[train] step 200 task=txt_rec loss=7.4545 loss_task=7.4545 aux_loss={'se_attn_lb': 6.1141180992126465, 'se_ffn_compute': 1.1837621927261353, 'se_ffn_align': 0.12605199217796326, 'se_ffn_mod_lb': 1.204155683517456}
[train] step 300 task=vqa loss=4.6842 loss_task=2.3421 aux_loss={'se_attn_lb': 4.081906795501709, 'se_ffn_compute': 0.8351855278015137, 'se_ffn_align': 0.04373475909233093, 'se_ffn_mod_lb': 2.146721124649048}
[train] step 400 task=vqa loss=5.4115 loss_task=2.7057 aux_loss={'se_attn_lb': 4.011858940124512, 'se_ffn_compute': 0.7919279336929321, 'se_ffn_align': 0.04717577248811722, 'se_ffn_mod_lb': 2.1565537452697754}
[train] step 500 task=vqa loss=6.5184 loss_task=3.2592 aux_loss={'se_attn_lb': 3.703150987625122, 'se_ffn_compute': 0.8097386956214905, 'se_ffn_align': 0.043500639498233795, 'se_ffn_mod_lb': 2.0942530632019043}
[train] step 600 task=vqa loss=6.0658 loss_task=3.0329 aux_loss={'se_attn_lb': 3.984203577041626, 'se_ffn_compute': 0.7954436540603638, 'se_ffn_align': 0.056169331073760986, 'se_ffn_mod_lb': 2.148162364959717}
[train] step 700 task=vqa loss=5.5902 loss_task=2.7951 aux_loss={'se_attn_lb': 3.9012255668640137, 'se_ffn_compute': 0.7612150311470032, 'se_ffn_align': 0.04821985587477684, 'se_ffn_mod_lb': 2.138653516769409}
[train] step 800 task=txt_rec loss=7.3975 loss_task=7.3975 aux_loss={'se_attn_lb': 6.305015563964844, 'se_ffn_compute': 1.1540404558181763, 'se_ffn_align': 0.11799238622188568, 'se_ffn_mod_lb': 1.2245147228240967}
[train] step 900 task=vqa loss=5.9049 loss_task=2.9524 aux_loss={'se_attn_lb': 3.8276448249816895, 'se_ffn_compute': 0.7767586708068848, 'se_ffn_align': 0.04651729762554169, 'se_ffn_mod_lb': 2.1328911781311035}
Elapsed: 4h 35m 24s

===== Epoch 20/25 =====
[train] step 0 task=vqa loss=6.0333 loss_task=3.0167 aux_loss={'se_attn_lb': 3.9687180519104004, 'se_ffn_compute': 0.786945104598999, 'se_ffn_align': 0.04090559855103493, 'se_ffn_mod_lb': 2.127439022064209}
[train] step 100 task=vqa loss=5.3838 loss_task=2.6919 aux_loss={'se_attn_lb': 3.9418821334838867, 'se_ffn_compute': 0.772712767124176, 'se_ffn_align': 0.053568385541439056, 'se_ffn_mod_lb': 2.148667812347412}
[train] step 200 task=img_rec loss=0.1667 loss_task=0.1667 aux_loss={'se_attn_lb': 4.329856872558594, 'se_ffn_compute': 0.7599618434906006, 'se_ffn_align': 0.04632902890443802, 'se_ffn_mod_lb': 1.1964465379714966}
[train] step 300 task=vqa loss=5.0103 loss_task=2.5051 aux_loss={'se_attn_lb': 3.8926596641540527, 'se_ffn_compute': 0.7661253809928894, 'se_ffn_align': 0.04398460313677788, 'se_ffn_mod_lb': 2.1346139907836914}
[train] step 400 task=vqa loss=4.7103 loss_task=2.3552 aux_loss={'se_attn_lb': 3.9369826316833496, 'se_ffn_compute': 0.7847087383270264, 'se_ffn_align': 0.04600759223103523, 'se_ffn_mod_lb': 2.132495880126953}
[train] step 500 task=vqa loss=4.6030 loss_task=2.3015 aux_loss={'se_attn_lb': 4.09637975692749, 'se_ffn_compute': 0.7964773774147034, 'se_ffn_align': 0.04601160064339638, 'se_ffn_mod_lb': 2.1328999996185303}
[train] step 600 task=txt_cls loss=0.3822 loss_task=0.3822 aux_loss={'se_attn_lb': 4.841111660003662, 'se_ffn_compute': 0.8029037714004517, 'se_ffn_align': 0.056250061839818954, 'se_ffn_mod_lb': 1.0592329502105713}
[train] step 700 task=img_cls loss=0.1843 loss_task=0.1843 aux_loss={'se_attn_lb': 2.743253231048584, 'se_ffn_compute': 1.0253064632415771, 'se_ffn_align': 0.07385383546352386, 'se_ffn_mod_lb': 1.0536391735076904}
[train] step 800 task=txt_rec loss=7.6252 loss_task=7.6252 aux_loss={'se_attn_lb': 6.367776870727539, 'se_ffn_compute': 1.2090115547180176, 'se_ffn_align': 0.13186439871788025, 'se_ffn_mod_lb': 1.2107348442077637}
[train] step 900 task=vqa loss=4.3544 loss_task=2.1772 aux_loss={'se_attn_lb': 4.037318229675293, 'se_ffn_compute': 0.7840561866760254, 'se_ffn_align': 0.04101170226931572, 'se_ffn_mod_lb': 2.1221086978912354}
Elapsed: 4h 49m 3s
Eval results:
  img_rec: loss = 0.1472, task_loss = 0.1472, 
  txt_cls: loss = 0.2358, task_loss = 0.2358, , acc=0.8704
  img_cls: loss = 0.1908, task_loss = 0.1908, , acc=0.9703
  txt_rec: loss = 7.9228, task_loss = 7.9228, 
  vqa: loss = 2.8059, task_loss = 2.8059, , acc=0.3743

===== Epoch 21/25 =====
[train] step 0 task=txt_cls loss=0.3019 loss_task=0.3019 aux_loss={'se_attn_lb': 4.597797870635986, 'se_ffn_compute': 0.7775847315788269, 'se_ffn_align': 0.051199812442064285, 'se_ffn_mod_lb': 1.0569159984588623}
[train] step 100 task=vqa loss=6.0264 loss_task=3.0132 aux_loss={'se_attn_lb': 4.149503231048584, 'se_ffn_compute': 0.8327555060386658, 'se_ffn_align': 0.04037044942378998, 'se_ffn_mod_lb': 2.171630620956421}
[train] step 200 task=vqa loss=6.6056 loss_task=3.3028 aux_loss={'se_attn_lb': 3.966701030731201, 'se_ffn_compute': 0.7676972150802612, 'se_ffn_align': 0.046235669404268265, 'se_ffn_mod_lb': 2.1408352851867676}
[train] step 300 task=vqa loss=6.7705 loss_task=3.3853 aux_loss={'se_attn_lb': 4.048494815826416, 'se_ffn_compute': 0.7943609356880188, 'se_ffn_align': 0.04170790687203407, 'se_ffn_mod_lb': 2.137941360473633}
[train] step 400 task=img_cls loss=0.1601 loss_task=0.1601 aux_loss={'se_attn_lb': 2.7779269218444824, 'se_ffn_compute': 0.9561688303947449, 'se_ffn_align': 0.06601142883300781, 'se_ffn_mod_lb': 1.0321834087371826}
[train] step 500 task=txt_rec loss=7.3970 loss_task=7.3970 aux_loss={'se_attn_lb': 6.24637508392334, 'se_ffn_compute': 1.1806756258010864, 'se_ffn_align': 0.12460611760616302, 'se_ffn_mod_lb': 1.2317345142364502}
[train] step 600 task=vqa loss=4.1925 loss_task=2.0962 aux_loss={'se_attn_lb': 4.177157402038574, 'se_ffn_compute': 0.7685461044311523, 'se_ffn_align': 0.0447617769241333, 'se_ffn_mod_lb': 2.1498351097106934}
[train] step 700 task=vqa loss=4.8629 loss_task=2.4315 aux_loss={'se_attn_lb': 4.039731025695801, 'se_ffn_compute': 0.7807407379150391, 'se_ffn_align': 0.04723240062594414, 'se_ffn_mod_lb': 2.1340866088867188}
[train] step 800 task=vqa loss=5.4524 loss_task=2.7262 aux_loss={'se_attn_lb': 4.013016700744629, 'se_ffn_compute': 0.7945905923843384, 'se_ffn_align': 0.040697865188121796, 'se_ffn_mod_lb': 2.1406807899475098}
[train] step 900 task=img_rec loss=0.1472 loss_task=0.1472 aux_loss={'se_attn_lb': 4.167744159698486, 'se_ffn_compute': 0.7647659778594971, 'se_ffn_align': 0.048268795013427734, 'se_ffn_mod_lb': 1.2136139869689941}
Elapsed: 5h 5m 59s

===== Epoch 22/25 =====
[train] step 0 task=vqa loss=6.3139 loss_task=3.1570 aux_loss={'se_attn_lb': 3.9764370918273926, 'se_ffn_compute': 0.8271741271018982, 'se_ffn_align': 0.044411689043045044, 'se_ffn_mod_lb': 2.1433517932891846}
[train] step 100 task=txt_rec loss=7.2915 loss_task=7.2915 aux_loss={'se_attn_lb': 6.245415210723877, 'se_ffn_compute': 1.1894161701202393, 'se_ffn_align': 0.1289888471364975, 'se_ffn_mod_lb': 1.2116961479187012}
[train] step 200 task=vqa loss=4.9217 loss_task=2.4608 aux_loss={'se_attn_lb': 4.144670486450195, 'se_ffn_compute': 0.7981714010238647, 'se_ffn_align': 0.0474948026239872, 'se_ffn_mod_lb': 2.142496347427368}
[train] step 300 task=vqa loss=4.9147 loss_task=2.4573 aux_loss={'se_attn_lb': 4.124424934387207, 'se_ffn_compute': 0.815549373626709, 'se_ffn_align': 0.042047835886478424, 'se_ffn_mod_lb': 2.14154052734375}
[train] step 400 task=img_rec loss=0.1551 loss_task=0.1551 aux_loss={'se_attn_lb': 4.262783527374268, 'se_ffn_compute': 0.776389479637146, 'se_ffn_align': 0.048919618129730225, 'se_ffn_mod_lb': 1.2069954872131348}
[train] step 500 task=txt_rec loss=7.4226 loss_task=7.4226 aux_loss={'se_attn_lb': 6.315182685852051, 'se_ffn_compute': 1.1976532936096191, 'se_ffn_align': 0.12989923357963562, 'se_ffn_mod_lb': 1.210461139678955}
[train] step 600 task=vqa loss=5.8612 loss_task=2.9306 aux_loss={'se_attn_lb': 3.899949550628662, 'se_ffn_compute': 0.7512251138687134, 'se_ffn_align': 0.04819703474640846, 'se_ffn_mod_lb': 2.1007704734802246}
[train] step 700 task=txt_rec loss=7.3920 loss_task=7.3920 aux_loss={'se_attn_lb': 6.312747478485107, 'se_ffn_compute': 1.212012529373169, 'se_ffn_align': 0.13448065519332886, 'se_ffn_mod_lb': 1.2015254497528076}
[train] step 800 task=vqa loss=4.1154 loss_task=2.0577 aux_loss={'se_attn_lb': 4.023323059082031, 'se_ffn_compute': 0.7791919708251953, 'se_ffn_align': 0.040772445499897, 'se_ffn_mod_lb': 2.1357061862945557}
[train] step 900 task=vqa loss=5.7614 loss_task=2.8807 aux_loss={'se_attn_lb': 3.840564250946045, 'se_ffn_compute': 0.7962027788162231, 'se_ffn_align': 0.043524861335754395, 'se_ffn_mod_lb': 2.1142213344573975}
Elapsed: 5h 20m 14s

===== Epoch 23/25 =====
[train] step 0 task=vqa loss=5.8576 loss_task=2.9288 aux_loss={'se_attn_lb': 3.9991018772125244, 'se_ffn_compute': 0.7968416810035706, 'se_ffn_align': 0.044034525752067566, 'se_ffn_mod_lb': 2.129098415374756}
[train] step 100 task=vqa loss=5.0972 loss_task=2.5486 aux_loss={'se_attn_lb': 4.3389458656311035, 'se_ffn_compute': 0.7919419407844543, 'se_ffn_align': 0.04213394969701767, 'se_ffn_mod_lb': 2.1876938343048096}
[train] step 200 task=vqa loss=5.1070 loss_task=2.5535 aux_loss={'se_attn_lb': 4.135704040527344, 'se_ffn_compute': 0.7844351530075073, 'se_ffn_align': 0.04527337849140167, 'se_ffn_mod_lb': 2.1556034088134766}
[train] step 300 task=vqa loss=5.7373 loss_task=2.8686 aux_loss={'se_attn_lb': 4.181981563568115, 'se_ffn_compute': 0.7917885780334473, 'se_ffn_align': 0.05532025545835495, 'se_ffn_mod_lb': 2.1890041828155518}
[train] step 400 task=vqa loss=5.4480 loss_task=2.7240 aux_loss={'se_attn_lb': 4.028356075286865, 'se_ffn_compute': 0.7639135122299194, 'se_ffn_align': 0.043231088668107986, 'se_ffn_mod_lb': 2.1177635192871094}
[train] step 500 task=img_cls loss=0.1554 loss_task=0.1554 aux_loss={'se_attn_lb': 2.6995739936828613, 'se_ffn_compute': 0.9847519397735596, 'se_ffn_align': 0.06798754632472992, 'se_ffn_mod_lb': 1.0410683155059814}
[train] step 600 task=vqa loss=5.3492 loss_task=2.6746 aux_loss={'se_attn_lb': 3.8969101905822754, 'se_ffn_compute': 0.7929328680038452, 'se_ffn_align': 0.04754745960235596, 'se_ffn_mod_lb': 2.1297764778137207}
[train] step 700 task=txt_rec loss=7.5278 loss_task=7.5278 aux_loss={'se_attn_lb': 6.271576881408691, 'se_ffn_compute': 1.2037936449050903, 'se_ffn_align': 0.13240526616573334, 'se_ffn_mod_lb': 1.1986567974090576}
[train] step 800 task=txt_rec loss=7.3398 loss_task=7.3398 aux_loss={'se_attn_lb': 6.235437393188477, 'se_ffn_compute': 1.1912615299224854, 'se_ffn_align': 0.1294793039560318, 'se_ffn_mod_lb': 1.1995644569396973}
[train] step 900 task=vqa loss=5.2598 loss_task=2.6299 aux_loss={'se_attn_lb': 4.079777717590332, 'se_ffn_compute': 0.7577727437019348, 'se_ffn_align': 0.04284628853201866, 'se_ffn_mod_lb': 2.1601579189300537}
Elapsed: 5h 34m 30s

===== Epoch 24/25 =====
[train] step 0 task=txt_rec loss=7.3081 loss_task=7.3081 aux_loss={'se_attn_lb': 6.208288192749023, 'se_ffn_compute': 1.1606683731079102, 'se_ffn_align': 0.12144561856985092, 'se_ffn_mod_lb': 1.2163622379302979}
[train] step 100 task=txt_rec loss=7.2984 loss_task=7.2984 aux_loss={'se_attn_lb': 6.232582092285156, 'se_ffn_compute': 1.191842794418335, 'se_ffn_align': 0.1302463263273239, 'se_ffn_mod_lb': 1.2103233337402344}
[train] step 200 task=vqa loss=5.1792 loss_task=2.5896 aux_loss={'se_attn_lb': 4.2066545486450195, 'se_ffn_compute': 0.7904506325721741, 'se_ffn_align': 0.046372633427381516, 'se_ffn_mod_lb': 2.1815505027770996}
[train] step 300 task=txt_rec loss=7.3667 loss_task=7.3667 aux_loss={'se_attn_lb': 6.293425559997559, 'se_ffn_compute': 1.159317970275879, 'se_ffn_align': 0.12156614661216736, 'se_ffn_mod_lb': 1.2138869762420654}
[train] step 400 task=vqa loss=5.9727 loss_task=2.9864 aux_loss={'se_attn_lb': 3.91471791267395, 'se_ffn_compute': 0.7577764987945557, 'se_ffn_align': 0.050001297146081924, 'se_ffn_mod_lb': 2.1155269145965576}
[train] step 500 task=txt_rec loss=7.2361 loss_task=7.2361 aux_loss={'se_attn_lb': 6.180709362030029, 'se_ffn_compute': 1.2198092937469482, 'se_ffn_align': 0.1374022215604782, 'se_ffn_mod_lb': 1.1919116973876953}
[train] step 600 task=vqa loss=5.6285 loss_task=2.8142 aux_loss={'se_attn_lb': 3.8958964347839355, 'se_ffn_compute': 0.7864364385604858, 'se_ffn_align': 0.04668935760855675, 'se_ffn_mod_lb': 2.104982852935791}
[train] step 700 task=vqa loss=5.9396 loss_task=2.9698 aux_loss={'se_attn_lb': 3.9501309394836426, 'se_ffn_compute': 0.7543455958366394, 'se_ffn_align': 0.04497374966740608, 'se_ffn_mod_lb': 2.1158664226531982}
[train] step 800 task=vqa loss=5.3786 loss_task=2.6893 aux_loss={'se_attn_lb': 4.281808853149414, 'se_ffn_compute': 0.7699708938598633, 'se_ffn_align': 0.04163262993097305, 'se_ffn_mod_lb': 2.1701741218566895}
[train] step 900 task=vqa loss=6.0608 loss_task=3.0304 aux_loss={'se_attn_lb': 4.135722637176514, 'se_ffn_compute': 0.7707050442695618, 'se_ffn_align': 0.04282795637845993, 'se_ffn_mod_lb': 2.1503407955169678}
Elapsed: 5h 48m 26s

===== Epoch 25/25 =====
[train] step 0 task=txt_cls loss=0.3135 loss_task=0.3135 aux_loss={'se_attn_lb': 4.047645568847656, 'se_ffn_compute': 0.7059360146522522, 'se_ffn_align': 0.041684992611408234, 'se_ffn_mod_lb': 1.0745059251785278}
[train] step 100 task=img_rec loss=0.1569 loss_task=0.1569 aux_loss={'se_attn_lb': 4.256954193115234, 'se_ffn_compute': 0.7772014737129211, 'se_ffn_align': 0.04839387908577919, 'se_ffn_mod_lb': 1.2342759370803833}
[train] step 200 task=img_cls loss=0.2202 loss_task=0.2202 aux_loss={'se_attn_lb': 2.786863088607788, 'se_ffn_compute': 0.9668678045272827, 'se_ffn_align': 0.06725640594959259, 'se_ffn_mod_lb': 1.0436532497406006}
[train] step 300 task=img_rec loss=0.1383 loss_task=0.1383 aux_loss={'se_attn_lb': 4.278623104095459, 'se_ffn_compute': 0.7774779796600342, 'se_ffn_align': 0.04830368608236313, 'se_ffn_mod_lb': 1.2292170524597168}
[train] step 400 task=vqa loss=6.0441 loss_task=3.0221 aux_loss={'se_attn_lb': 4.198527812957764, 'se_ffn_compute': 0.7862550616264343, 'se_ffn_align': 0.042539749294519424, 'se_ffn_mod_lb': 2.1792876720428467}
[train] step 500 task=txt_rec loss=7.4240 loss_task=7.4240 aux_loss={'se_attn_lb': 6.201735973358154, 'se_ffn_compute': 1.192358136177063, 'se_ffn_align': 0.13060571253299713, 'se_ffn_mod_lb': 1.2007639408111572}
[train] step 600 task=txt_cls loss=0.3436 loss_task=0.3436 aux_loss={'se_attn_lb': 4.558342456817627, 'se_ffn_compute': 0.6610617637634277, 'se_ffn_align': 0.038250651210546494, 'se_ffn_mod_lb': 1.0667977333068848}
[train] step 700 task=vqa loss=5.1905 loss_task=2.5952 aux_loss={'se_attn_lb': 4.022947311401367, 'se_ffn_compute': 0.7714342474937439, 'se_ffn_align': 0.0479566752910614, 'se_ffn_mod_lb': 2.129152297973633}
[train] step 800 task=img_rec loss=0.1424 loss_task=0.1424 aux_loss={'se_attn_lb': 4.3580451011657715, 'se_ffn_compute': 0.7642777562141418, 'se_ffn_align': 0.04704586789011955, 'se_ffn_mod_lb': 1.2293519973754883}
[train] step 900 task=img_rec loss=0.1460 loss_task=0.1460 aux_loss={'se_attn_lb': 4.276975631713867, 'se_ffn_compute': 0.7645776867866516, 'se_ffn_align': 0.04687078297138214, 'se_ffn_mod_lb': 1.2339355945587158}
Elapsed: 6h 2m 13s
Eval results:
  txt_cls: loss = 0.2374, task_loss = 0.2374, , acc=0.8767
  img_cls: loss = 0.1828, task_loss = 0.1828, , acc=0.9715
  txt_rec: loss = 7.8280, task_loss = 7.8280, 
  img_rec: loss = 0.1447, task_loss = 0.1447, 
  vqa: loss = 2.7576, task_loss = 2.7576, , acc=0.3846
